{"t":"2026-10-08T21:51:56.9952219Z","event":"tia","mode":"WithoutUserInterface"}
{"t":"2026-10-08T21:51:57.0383184Z","event":"step","command":"open-project","args":"--path C:\\Users\\Siemens\\AppData\\Local\\Fraktal\\TiaStations\\FrkSpikeS2\\FrkSpikeS2.ap20"}
{"t":"2026-10-08T21:52:15.1165028Z","event":"project-opened","path":"C:\\Users\\Siemens\\AppData\\Local\\Fraktal\\TiaStations\\FrkSpikeS2\\FrkSpikeS2.ap20"}
{"t":"2026-10-08T21:52:15.1165028Z","event":"step","command":"block-attribute","args":"--plc PLC_1 --name FB_SpkCylinderCM"}
{"t":"2026-10-08T21:52:21.7857696Z","event":"block-attribute","block":"FB_SpkCylinderCM","attr":"AutoNumber","value":true,"access":"ReadWrite"}
{"t":"2026-10-08T21:52:21.7857696Z","event":"block-attribute","block":"FB_SpkCylinderCM","attr":"CodeModifiedDate","value":"10/8/2026 5:53:22 PM","access":"Read"}
{"t":"2026-10-08T21:52:21.8143627Z","event":"block-attribute","block":"FB_SpkCylinderCM","attr":"CompileDate","value":"10/8/2026 5:53:22 PM","access":"Read"}
{"t":"2026-10-08T21:52:21.8143627Z","event":"block-attribute","block":"FB_SpkCylinderCM","attr":"CreationDate","value":"10/8/2026 5:53:18 PM","access":"Read"}
{"t":"2026-10-08T21:52:21.8143627Z","event":"block-attribute","block":"FB_SpkCylinderCM","attr":"DownloadWithoutReinit","value":false,"access":"Read"}
{"t":"2026-10-08T21:52:21.8300948Z","event":"block-attribute","block":"FB_SpkCylinderCM","attr":"HandleErrorsWithinBlock","value":false,"access":"Read"}
{"t":"2026-10-08T21:52:21.8300948Z","event":"block-attribute","block":"FB_SpkCylinderCM","attr":"HeaderAuthor","value":"","access":"Read"}
{"t":"2026-10-08T21:52:21.8300948Z","event":"block-attribute","block":"FB_SpkCylinderCM","attr":"HeaderFamily","value":"","access":"Read"}
{"t":"2026-10-08T21:52:21.8300948Z","event":"block-attribute","block":"FB_SpkCylinderCM","attr":"HeaderName","value":"","access":"Read"}
{"t":"2026-10-08T21:52:21.8300948Z","event":"block-attribute","block":"FB_SpkCylinderCM","attr":"HeaderVersion","value":"0.1","access":"Read"}
{"t":"2026-10-08T21:52:21.8300948Z","event":"block-attribute","block":"FB_SpkCylinderCM","attr":"InterfaceModifiedDate","value":"10/8/2026 5:53:18 PM","access":"Read"}
{"t":"2026-10-08T21:52:23.4313851Z","event":"block-attribute","block":"FB_SpkCylinderCM","attr":"IsConsistent","value":true,"access":"Read"}
{"t":"2026-10-08T21:52:23.4328383Z","event":"block-attribute","block":"FB_SpkCylinderCM","attr":"IsIECCheckEnabled","value":false,"access":"Read"}
{"t":"2026-10-08T21:52:23.4336829Z","event":"block-attribute","block":"FB_SpkCylinderCM","attr":"IsKnowHowProtected","value":false,"access":"Read"}
{"t":"2026-10-08T21:52:23.4336829Z","event":"block-attribute","block":"FB_SpkCylinderCM","attr":"IsRetainMemResEnabled","value":false,"access":"Read"}
{"t":"2026-10-08T21:52:23.4336829Z","event":"block-attribute","block":"FB_SpkCylinderCM","attr":"IsWriteProtected","value":false,"access":"Read"}
{"t":"2026-10-08T21:52:23.4336829Z","event":"block-attribute","block":"FB_SpkCylinderCM","attr":"LibraryConformanceStatus","value":"The object is library-conformant.","access":"Read"}
{"t":"2026-10-08T21:52:23.4484473Z","event":"block-attribute","block":"FB_SpkCylinderCM","attr":"MemoryLayout","value":"Optimized","access":"ReadWrite"}
{"t":"2026-10-08T21:52:23.4484473Z","event":"block-attribute","block":"FB_SpkCylinderCM","attr":"MemoryReserve","value":"100","access":"Read"}
{"t":"2026-10-08T21:52:23.4484473Z","event":"block-attribute","block":"FB_SpkCylinderCM","attr":"ModifiedDate","value":"10/8/2026 5:53:22 PM","access":"Read"}
{"t":"2026-10-08T21:52:23.4484473Z","event":"block-attribute","block":"FB_SpkCylinderCM","attr":"Name","value":"FB_SpkCylinderCM","access":"ReadWrite"}
{"t":"2026-10-08T21:52:23.4484473Z","event":"block-attribute","block":"FB_SpkCylinderCM","attr":"Namespace","value":"","access":"Read"}
{"t":"2026-10-08T21:52:23.4484473Z","event":"block-attribute","block":"FB_SpkCylinderCM","attr":"Number","value":1,"access":"ReadWrite"}
{"t":"2026-10-08T21:52:23.4484473Z","event":"block-attribute","block":"FB_SpkCylinderCM","attr":"PLCSimAdvancedSupport","value":false,"access":"Read"}
{"t":"2026-10-08T21:52:23.4484473Z","event":"block-attribute","block":"FB_SpkCylinderCM","attr":"ParameterModified","value":"10/8/2026 5:53:18 PM","access":"Read"}
{"t":"2026-10-08T21:52:23.4484473Z","event":"block-attribute","block":"FB_SpkCylinderCM","attr":"ProgrammingLanguage","value":"SCL","access":"Read"}
{"t":"2026-10-08T21:52:23.4484473Z","event":"block-attribute","block":"FB_SpkCylinderCM","attr":"SetENOAutomatically","value":false,"access":"Read"}
{"t":"2026-10-08T21:52:23.4484473Z","event":"block-attribute","block":"FB_SpkCylinderCM","attr":"StructureModified","value":"10/8/2026 5:53:18 PM","access":"Read"}
{"t":"2026-10-08T21:52:23.4484473Z","event":"block-attribute","block":"FB_SpkCylinderCM","attr":"UDABlockProperties","value":"","access":"Read"}
{"t":"2026-10-08T21:52:23.4484473Z","event":"block-attribute","block":"FB_SpkCylinderCM","attr":"UDAEnableTagReadback","value":false,"access":"Read"}
{"t":"2026-10-08T21:52:23.4484473Z","event":"step","command":"block-attribute","args":"--plc PLC_1 --name SpikeUnit"}
{"t":"2026-10-08T21:52:23.6269573Z","event":"block-attribute","block":"SpikeUnit","attr":"AutoNumber","value":true,"access":"ReadWrite"}
{"t":"2026-10-08T21:52:23.6269573Z","event":"block-attribute","block":"SpikeUnit","attr":"CodeModifiedDate","value":"10/8/2026 5:53:18 PM","access":"Read"}
{"t":"2026-10-08T21:52:23.6289725Z","event":"block-attribute","block":"SpikeUnit","attr":"CompileDate","value":"10/8/2026 5:53:19 PM","access":"Read"}
{"t":"2026-10-08T21:52:23.6289725Z","event":"block-attribute","block":"SpikeUnit","attr":"CreationDate","value":"10/8/2026 5:53:19 PM","access":"Read"}
{"t":"2026-10-08T21:52:23.6303318Z","event":"block-attribute","block":"SpikeUnit","attr":"DBAccessibleFromOPCUA","value":true,"access":"Read"}
{"t":"2026-10-08T21:52:23.6303318Z","event":"block-attribute","block":"SpikeUnit","attr":"DBAccessibleFromWebserver","value":true,"access":"Read"}
{"t":"2026-10-08T21:52:23.6313599Z","event":"block-attribute","block":"SpikeUnit","attr":"DownloadWithoutReinit","value":false,"access":"Read"}
{"t":"2026-10-08T21:52:23.6313599Z","event":"block-attribute","block":"SpikeUnit","attr":"HeaderAuthor","value":"","access":"Read"}
{"t":"2026-10-08T21:52:23.6324129Z","event":"block-attribute","block":"SpikeUnit","attr":"HeaderFamily","value":"","access":"Read"}
{"t":"2026-10-08T21:52:23.6329987Z","event":"block-attribute","block":"SpikeUnit","attr":"HeaderName","value":"","access":"Read"}
{"t":"2026-10-08T21:52:23.6329987Z","event":"block-attribute","block":"SpikeUnit","attr":"HeaderVersion","value":"0.1","access":"Read"}
{"t":"2026-10-08T21:52:23.6352963Z","event":"block-attribute","block":"SpikeUnit","attr":"InstanceOfName","value":"FB_SpkUnit","access":"Read"}
{"t":"2026-10-08T21:52:23.6354295Z","event":"block-attribute","block":"SpikeUnit","attr":"InstanceOfNumber","value":"4","access":"Read"}
{"t":"2026-10-08T21:52:23.6362499Z","event":"block-attribute","block":"SpikeUnit","attr":"InstanceOfType","value":"FB","access":"Read"}
{"t":"2026-10-08T21:52:23.6362499Z","event":"block-attribute","block":"SpikeUnit","attr":"InterfaceModifiedDate","value":"10/8/2026 5:53:18 PM","access":"Read"}
{"t":"2026-10-08T21:52:23.6456896Z","event":"block-attribute","block":"SpikeUnit","attr":"IsConsistent","value":true,"access":"Read"}
{"t":"2026-10-08T21:52:23.6462493Z","event":"block-attribute","block":"SpikeUnit","attr":"IsKnowHowProtected","value":false,"access":"Read"}
{"t":"2026-10-08T21:52:23.6462493Z","event":"block-attribute","block":"SpikeUnit","attr":"IsRetainMemResEnabled","value":false,"access":"Read"}
{"t":"2026-10-08T21:52:23.6472692Z","event":"block-attribute","block":"SpikeUnit","attr":"MemoryLayout","value":"Optimized","access":"Read"}
{"t":"2026-10-08T21:52:23.6472692Z","event":"block-attribute","block":"SpikeUnit","attr":"MemoryReserve","value":"100","access":"Read"}
{"t":"2026-10-08T21:52:23.6484389Z","event":"block-attribute","block":"SpikeUnit","attr":"ModifiedDate","value":"10/8/2026 5:53:19 PM","access":"Read"}
{"t":"2026-10-08T21:52:23.6484389Z","event":"block-attribute","block":"SpikeUnit","attr":"Name","value":"SpikeUnit","access":"ReadWrite"}
{"t":"2026-10-08T21:52:23.6494552Z","event":"block-attribute","block":"SpikeUnit","attr":"Namespace","value":"","access":"Read"}
{"t":"2026-10-08T21:52:23.6494552Z","event":"block-attribute","block":"SpikeUnit","attr":"Number","value":5,"access":"ReadWrite"}
{"t":"2026-10-08T21:52:23.6505008Z","event":"block-attribute","block":"SpikeUnit","attr":"ParameterModified","value":"10/8/2026 5:53:18 PM","access":"Read"}
{"t":"2026-10-08T21:52:23.6510124Z","event":"block-attribute","block":"SpikeUnit","attr":"ProgrammingLanguage","value":"DB","access":"Read"}
{"t":"2026-10-08T21:52:23.6510124Z","event":"block-attribute","block":"SpikeUnit","attr":"StructureModified","value":"10/8/2026 5:53:18 PM","access":"Read"}
{"t":"2026-10-08T21:52:23.6524326Z","event":"block-attribute","block":"SpikeUnit","attr":"UDABlockProperties","value":"","access":"Read"}
{"t":"2026-10-08T21:52:23.6524326Z","event":"block-attribute","block":"SpikeUnit","attr":"UDAEnableTagReadback","value":false,"access":"Read"}
{"t":"2026-10-08T21:52:23.6524326Z","event":"step","command":"block-attribute","args":"--plc PLC_1 --name FRK_Begin"}
{"t":"2026-10-08T21:52:23.6719862Z","event":"block-attribute","block":"FRK_Begin","attr":"AutoNumber","value":true,"access":"ReadWrite"}
{"t":"2026-10-08T21:52:23.6719862Z","event":"block-attribute","block":"FRK_Begin","attr":"CodeModifiedDate","value":"10/8/2026 5:53:24 PM","access":"Read"}
{"t":"2026-10-08T21:52:23.6719862Z","event":"block-attribute","block":"FRK_Begin","attr":"CompileDate","value":"10/8/2026 5:53:24 PM","access":"Read"}
{"t":"2026-10-08T21:52:23.6719862Z","event":"block-attribute","block":"FRK_Begin","attr":"CreationDate","value":"10/8/2026 5:53:18 PM","access":"Read"}
{"t":"2026-10-08T21:52:23.6719862Z","event":"block-attribute","block":"FRK_Begin","attr":"HandleErrorsWithinBlock","value":false,"access":"Read"}
{"t":"2026-10-08T21:52:23.6719862Z","event":"block-attribute","block":"FRK_Begin","attr":"HeaderAuthor","value":"","access":"Read"}
{"t":"2026-10-08T21:52:23.6719862Z","event":"block-attribute","block":"FRK_Begin","attr":"HeaderFamily","value":"","access":"Read"}
{"t":"2026-10-08T21:52:23.6719862Z","event":"block-attribute","block":"FRK_Begin","attr":"HeaderName","value":"","access":"Read"}
{"t":"2026-10-08T21:52:23.6719862Z","event":"block-attribute","block":"FRK_Begin","attr":"HeaderVersion","value":"0.1","access":"Read"}
{"t":"2026-10-08T21:52:23.6719862Z","event":"block-attribute","block":"FRK_Begin","attr":"InterfaceModifiedDate","value":"10/8/2026 5:53:18 PM","access":"Read"}
{"t":"2026-10-08T21:52:23.7032173Z","event":"block-attribute","block":"FRK_Begin","attr":"IsConsistent","value":true,"access":"Read"}
{"t":"2026-10-08T21:52:23.7032173Z","event":"block-attribute","block":"FRK_Begin","attr":"IsIECCheckEnabled","value":false,"access":"Read"}
{"t":"2026-10-08T21:52:23.7032173Z","event":"block-attribute","block":"FRK_Begin","attr":"IsKnowHowProtected","value":false,"access":"Read"}
{"t":"2026-10-08T21:52:23.7032173Z","event":"block-attribute","block":"FRK_Begin","attr":"IsWriteProtected","value":false,"access":"Read"}
{"t":"2026-10-08T21:52:23.7032173Z","event":"block-attribute","block":"FRK_Begin","attr":"LibraryConformanceStatus","value":"Warning: The object contains access to global data blocks.\r\n","access":"Read"}
{"t":"2026-10-08T21:52:23.7032173Z","event":"block-attribute","block":"FRK_Begin","attr":"MemoryLayout","value":"Optimized","access":"ReadWrite"}
{"t":"2026-10-08T21:52:23.7032173Z","event":"block-attribute","block":"FRK_Begin","attr":"ModifiedDate","value":"10/8/2026 5:53:24 PM","access":"Read"}
{"t":"2026-10-08T21:52:23.7032173Z","event":"block-attribute","block":"FRK_Begin","attr":"Name","value":"FRK_Begin","access":"ReadWrite"}
{"t":"2026-10-08T21:52:23.7032173Z","event":"block-attribute","block":"FRK_Begin","attr":"Namespace","value":"","access":"Read"}
{"t":"2026-10-08T21:52:23.7192906Z","event":"block-attribute","block":"FRK_Begin","attr":"Number","value":7,"access":"ReadWrite"}
{"t":"2026-10-08T21:52:23.7192906Z","event":"block-attribute","block":"FRK_Begin","attr":"PLCSimAdvancedSupport","value":false,"access":"Read"}
{"t":"2026-10-08T21:52:23.7192906Z","event":"block-attribute","block":"FRK_Begin","attr":"ParameterModified","value":"10/8/2026 5:53:18 PM","access":"Read"}
{"t":"2026-10-08T21:52:23.7192906Z","event":"block-attribute","block":"FRK_Begin","attr":"ProgrammingLanguage","value":"SCL","access":"Read"}
{"t":"2026-10-08T21:52:23.7192906Z","event":"block-attribute","block":"FRK_Begin","attr":"SetENOAutomatically","value":false,"access":"Read"}
{"t":"2026-10-08T21:52:23.7192906Z","event":"block-attribute","block":"FRK_Begin","attr":"StructureModified","value":"10/8/2026 5:53:18 PM","access":"Read"}
{"t":"2026-10-08T21:52:23.7192906Z","event":"block-attribute","block":"FRK_Begin","attr":"UDABlockProperties","value":"","access":"Read"}
{"t":"2026-10-08T21:52:23.7192906Z","event":"block-attribute","block":"FRK_Begin","attr":"UDAEnableTagReadback","value":false,"access":"Read"}
{"t":"2026-10-08T21:52:23.7192906Z","event":"plan-complete","steps":4,"tolerated-failures":0}
