{"t":"2026-10-08T21:55:18.2725256Z","event":"tia","mode":"WithoutUserInterface"}
{"t":"2026-10-08T21:55:18.3197066Z","event":"step","command":"open-project","args":"--path C:\\Users\\Siemens\\AppData\\Local\\Fraktal\\TiaStations\\FrkSpikeS2\\FrkSpikeS2.ap20"}
{"t":"2026-10-08T21:55:25.8302206Z","event":"project-opened","path":"C:\\Users\\Siemens\\AppData\\Local\\Fraktal\\TiaStations\\FrkSpikeS2\\FrkSpikeS2.ap20"}
{"t":"2026-10-08T21:55:25.8302206Z","event":"step","command":"umac-user","args":"--plc PLC_1 --name fraktal-diag --password-env FRAKTAL_TIA_DIAG_PASSWORD --role FraktalDiagnostics --rights WebAllowDiagnostics"}
{"t":"2026-10-08T21:55:27.3339986Z","event":"service-found","service":"UmacConfigurator","owner":"project"}
{"t":"2026-10-08T21:55:27.3535549Z","event":"service-found","service":"UmacDevice","owner":"device"}
{"t":"2026-10-08T21:55:31.5757039Z","event":"umac-user","name":"fraktal-diag","action":"created","roles":"FraktalDiagnostics","rights":"WebAllowDiagnostics"}
{"t":"2026-10-08T21:55:31.5757039Z","event":"step","command":"umac-user","args":"--plc PLC_1 --list true"}
{"t":"2026-10-08T21:55:31.5898198Z","event":"service-found","service":"UmacConfigurator","owner":"project"}
{"t":"2026-10-08T21:55:31.5960558Z","event":"service-found","service":"UmacDevice","owner":"device"}
{"t":"2026-10-08T21:55:31.5960558Z","event":"device-function-right","group":"Access level","identifier":"ProtectionLevelHMIAccess","name":"HMI access"}
{"t":"2026-10-08T21:55:31.5960558Z","event":"device-function-right","group":"Access level","identifier":"ProtectionLevelReadAccess","name":"Read access"}
{"t":"2026-10-08T21:55:31.5960558Z","event":"device-function-right","group":"Access level","identifier":"ProtectionLevelFullAccess","name":"Full access"}
{"t":"2026-10-08T21:55:31.5960558Z","event":"device-function-right","group":"OPC UA","identifier":"OPCUAServerAccess","name":"OPC UA server access"}
{"t":"2026-10-08T21:55:31.5960558Z","event":"device-function-right","group":"Web server - General","identifier":"WebChangeOperatingMode","name":"Change operating mode"}
{"t":"2026-10-08T21:55:31.5960558Z","event":"device-function-right","group":"Web server - General","identifier":"WebChangeDefaultWebPage","name":"Change web server default page"}
{"t":"2026-10-08T21:55:31.6118243Z","event":"device-function-right","group":"Web server - PLC diagnostics","identifier":"WebAllowDiagnostics","name":"Read diagnostics"}
{"t":"2026-10-08T21:55:31.6118243Z","event":"device-function-right","group":"Web server - PLC diagnostics","identifier":"WebReadSyslog","name":"Read syslog buffer of the CPU "}
{"t":"2026-10-08T21:55:31.6118243Z","event":"device-function-right","group":"Web server - PLC diagnostics","identifier":"WebFlashLED","name":"Flash LEDs"}
{"t":"2026-10-08T21:55:31.6118243Z","event":"device-function-right","group":"Web server - Maintenance","identifier":"WebPerformFirmwareUpdate","name":"Update firmware"}
{"t":"2026-10-08T21:55:31.6118243Z","event":"device-function-right","group":"Web server - Maintenance","identifier":"WebChangeTimeSetting","name":"Change time settings"}
{"t":"2026-10-08T21:55:31.6118243Z","event":"device-function-right","group":"Web server - Maintenance","identifier":"WebCreateBackupPLC","name":"Create a backup of the CPU"}
{"t":"2026-10-08T21:55:31.6118243Z","event":"device-function-right","group":"Web server - Maintenance","identifier":"WebRestorePLCBackupFile","name":"Restore the CPU using a backup file"}
{"t":"2026-10-08T21:55:31.6118243Z","event":"device-function-right","group":"Web server - Access to process data","identifier":"WebReadTags","name":"Read process data"}
{"t":"2026-10-08T21:55:31.6118243Z","event":"device-function-right","group":"Web server - Access to process data","identifier":"WebReadWatchTables","name":"Read process data of watch tables"}
{"t":"2026-10-08T21:55:31.6118243Z","event":"device-function-right","group":"Web server - Access to process data","identifier":"WebWriteTags","name":"Write process data"}
{"t":"2026-10-08T21:55:31.6118243Z","event":"device-function-right","group":"Web server - Access to process data","identifier":"WebWriteWatchTables","name":"Write process data of watch tables"}
{"t":"2026-10-08T21:55:31.6118243Z","event":"device-function-right","group":"Web server - User-defined web pages","identifier":"WebOpenUserDefinedWebPages","name":"Open user-defined web pages"}
{"t":"2026-10-08T21:55:31.6118243Z","event":"device-function-right","group":"Web server - User-defined web pages","identifier":"WebWriteUserDefinedWebPages","name":"Write process data via automation webpage programming (AWP) command"}
{"t":"2026-10-08T21:55:31.6118243Z","event":"device-function-right","group":"Web server - Access to file browser","identifier":"WebReadFiles","name":"Read files"}
{"t":"2026-10-08T21:55:31.6278484Z","event":"device-function-right","group":"Web server - Access to file browser","identifier":"WebWriteFiles","name":"Write/delete files"}
{"t":"2026-10-08T21:55:31.6278484Z","event":"system-role","identifier":"EngineeringAdministrator","name":"Engineering administrator","rights":""}
{"t":"2026-10-08T21:55:31.6433462Z","event":"system-role","identifier":"Standard","name":"Engineering standard","rights":""}
{"t":"2026-10-08T21:55:31.6596427Z","event":"system-role","identifier":"DriveAdministratorSystemRoleOp","name":"Drive Administrator","rights":""}
{"t":"2026-10-08T21:55:31.6662926Z","event":"system-role","identifier":"DriveSafetyEngineerSystemRoleOp","name":"Drive Safety Engineer","rights":""}
{"t":"2026-10-08T21:55:31.6715152Z","event":"system-role","identifier":"DriveEngineerAndServiceSystemRoleOp","name":"Drive Engineer and Service","rights":""}
{"t":"2026-10-08T21:55:31.6753052Z","event":"system-role","identifier":"DriveOperatorSystemRoleOp","name":"Drive Operator","rights":""}
{"t":"2026-10-08T21:55:31.6805898Z","event":"system-role","identifier":"DriveGuestSystemRoleOp","name":"Drive Guest","rights":""}
{"t":"2026-10-08T21:55:31.6867485Z","event":"system-role","identifier":"ExtensionSystemRoleForFieldbusOp","name":"Drive Ext. Role Fieldbus","rights":""}
{"t":"2026-10-08T21:55:31.6918096Z","event":"system-role","identifier":"ExtensionSystemRoleForPanelOp","name":"Drive Ext. Role SDI Standard/Adv","rights":""}
{"t":"2026-10-08T21:55:31.7004694Z","event":"system-role","identifier":"HMIAdministrator","name":"HMI Administrator","rights":""}
{"t":"2026-10-08T21:55:31.7018885Z","event":"system-role","identifier":"HMIOperator","name":"HMI Operator","rights":""}
{"t":"2026-10-08T21:55:31.7018885Z","event":"system-role","identifier":"HMIMonitor","name":"HMI Monitor","rights":""}
{"t":"2026-10-08T21:55:31.7018885Z","event":"system-role","identifier":"HMIMonitorClient","name":"HMI Monitor Client","rights":""}
{"t":"2026-10-08T21:55:31.7176839Z","event":"system-role","identifier":"HMIOnlineConfigEngineer","name":"HMI Online Configuration Engineer","rights":""}
{"t":"2026-10-08T21:55:31.7176839Z","event":"system-role","identifier":"PLCAdministrator","name":"PLC administrator","rights":"ProtectionLevelHMIAccess|ProtectionLevelReadAccess|ProtectionLevelFullAccess"}
{"t":"2026-10-08T21:55:31.7337337Z","event":"system-role","identifier":"PLCFAdministrator","name":"PLC F administrator","rights":"ProtectionLevelHMIAccess|ProtectionLevelReadAccess|ProtectionLevelFullAccess"}
{"t":"2026-10-08T21:55:31.7337337Z","event":"system-role","identifier":"PLCOperator","name":"PLC user","rights":"ProtectionLevelHMIAccess"}
{"t":"2026-10-08T21:55:31.7337337Z","event":"system-role","identifier":"NETAdministrator","name":"NET Administrator","rights":""}
{"t":"2026-10-08T21:55:31.7337337Z","event":"system-role","identifier":"NETStandard","name":"NET Standard","rights":""}
{"t":"2026-10-08T21:55:31.7492633Z","event":"system-role","identifier":"NETDiagnose","name":"NET Diagnose","rights":""}
{"t":"2026-10-08T21:55:31.7492633Z","event":"custom-role","name":"FraktalGateway","rights":"WebReadTags|WebWriteTags"}
{"t":"2026-10-08T21:55:31.7648141Z","event":"custom-role","name":"FraktalDiagnostics","rights":"WebAllowDiagnostics"}
{"t":"2026-10-08T21:55:31.7648141Z","event":"project-user","name":"Anonymous","active":true,"roles":"PLC administrator"}
{"t":"2026-10-08T21:55:31.7648141Z","event":"project-user","name":"fraktal","active":true,"roles":"FraktalGateway"}
{"t":"2026-10-08T21:55:31.7648141Z","event":"project-user","name":"fraktal-diag","active":true,"roles":"FraktalDiagnostics"}
{"t":"2026-10-08T21:55:32.0143758Z","event":"anonymous-user","active":true}
{"t":"2026-10-08T21:55:32.0143758Z","event":"step","command":"compile","args":"--plc PLC_1 --hw true"}
{"t":"2026-10-08T21:55:35.3546757Z","event":"compile","state":"Success","errors":0,"warnings":0}
{"t":"2026-10-08T21:55:35.3646165Z","event":"compile-message","depth":0,"state":"Information","path":"PLC_1","text":""}
{"t":"2026-10-08T21:55:35.3687376Z","event":"compile-message","depth":1,"state":"Information","path":"Hardware configuration","text":""}
{"t":"2026-10-08T21:55:35.3717901Z","event":"compile-message","depth":2,"state":"Information","path":null,"text":"PKI container compiled successfully."}
{"t":"2026-10-08T21:55:35.3737927Z","event":"compile-message","depth":2,"state":"Information","path":null,"text":"Hardware was not compiled. The configuration is up-to-date."}
{"t":"2026-10-08T21:55:35.3769536Z","event":"compile-message","depth":0,"state":"Success","path":null,"text":"Compiling finished (errors: 0; warnings: 0)"}
{"t":"2026-10-08T21:55:35.3797109Z","event":"step","command":"save","args":""}
{"t":"2026-10-08T21:55:35.5559677Z","event":"saved","path":"C:\\Users\\Siemens\\AppData\\Local\\Fraktal\\TiaStations\\FrkSpikeS2\\FrkSpikeS2.ap20"}
{"t":"2026-10-08T21:55:35.5559677Z","event":"plan-complete","steps":5,"tolerated-failures":0}
