{"t":"2026-10-08T21:55:52.0195395Z","event":"tia","mode":"WithoutUserInterface"}
{"t":"2026-10-08T21:55:52.0510774Z","event":"step","command":"open-project","args":"--path C:\\Users\\Siemens\\AppData\\Local\\Fraktal\\TiaStations\\FrkSpikeS2\\FrkSpikeS2.ap20"}
{"t":"2026-10-08T21:55:59.1386592Z","event":"project-opened","path":"C:\\Users\\Siemens\\AppData\\Local\\Fraktal\\TiaStations\\FrkSpikeS2\\FrkSpikeS2.ap20"}
{"t":"2026-10-08T21:55:59.1386592Z","event":"step","command":"download","args":"--plc PLC_1 --pc-interface Intel(R) 82574L Gigabit Network Connection --pc-number 2 --target 1 X1 --confirm-target 192.168.0.10 --user-management reset"}
{"t":"2026-10-08T21:56:05.6093916Z","event":"connection","legacy":false,"configured":true}
{"t":"2026-10-08T21:56:05.7234456Z","event":"download-start","plc":"PLC_1","target":"1 X1","address":"192.168.0.10","options":"Hardware, Software"}
{"t":"2026-10-08T21:56:40.1127730Z","event":"download-question","phase":"pre","type":"StopModules","message":"The modules are stopped for downloading to device.","offered":"NoAction|StopAll","was":"NoAction","answer":"StopAll"}
{"t":"2026-10-08T21:56:40.1255907Z","event":"download-question","phase":"pre","type":"ConsistentBlocksDownload","message":"Download software to device","offered":"ConsistentDownload","was":"ConsistentDownload","answer":"ConsistentDownload"}
{"t":"2026-10-08T21:56:40.1366181Z","event":"download-question","phase":"pre","type":"UserManagementDownload","message":"User management data and access control configuration differ depending on the device","offered":"KeepOnlineUserManagementData|UpdateUserManagementDataButKeepOnlinePassword|DownloadAllUserManagementDataResetToProject","was":"UpdateUserManagementDataButKeepOnlinePassword","answer":"DownloadAllUserManagementDataResetToProject (flag)"}
{"t":"2026-10-08T21:56:40.1575891Z","event":"download-question","phase":"pre","type":"AlarmTextLibrariesDownload","message":"Download all alarm texts and text list texts to device","offered":"ConsistentDownload|NoAction","was":"ConsistentDownload","answer":"ConsistentDownload"}
{"t":"2026-10-08T21:56:51.2244908Z","event":"download-question","phase":"post","type":"StartModules","message":"Start modules after downloading to device.","offered":"NoAction|StartModule","was":"StartModule","answer":"StartModule"}
{"t":"2026-10-08T21:56:53.1139318Z","event":"download","state":"Success","errors":0,"warnings":0}
{"t":"2026-10-08T21:56:53.1293212Z","event":"download-message","depth":0,"state":"Success","text":"PLC_1"}
{"t":"2026-10-08T21:56:53.1293212Z","event":"download-message","depth":1,"state":"Success","text":"Hardware configuration"}
{"t":"2026-10-08T21:56:53.1360506Z","event":"download-message","depth":2,"state":"Success","text":"PLC_1 stopped."}
{"t":"2026-10-08T21:56:53.1360506Z","event":"download-message","depth":2,"state":"Success","text":"PLC_1 started."}
{"t":"2026-10-08T21:56:53.1360506Z","event":"download-message","depth":1,"state":"Success","text":"'ST_Diagnostic' was loaded successfully."}
{"t":"2026-10-08T21:56:53.1360506Z","event":"download-message","depth":1,"state":"Success","text":"'ST_ModuleStatus' was loaded successfully."}
{"t":"2026-10-08T21:56:53.1360506Z","event":"download-message","depth":1,"state":"Success","text":"'FRK_Core' was loaded successfully."}
{"t":"2026-10-08T21:56:53.1360506Z","event":"download-message","depth":1,"state":"Success","text":"'FRK_RegistryRow' was loaded successfully."}
{"t":"2026-10-08T21:56:53.1360506Z","event":"download-message","depth":1,"state":"Success","text":"'ST_StepRecord' was loaded successfully."}
{"t":"2026-10-08T21:56:53.1526179Z","event":"download-message","depth":1,"state":"Success","text":"'FRK_SeqCtx' was loaded successfully."}
{"t":"2026-10-08T21:56:53.1552072Z","event":"download-message","depth":1,"state":"Success","text":"'ST_HmiRequest' was loaded successfully."}
{"t":"2026-10-08T21:56:53.1566208Z","event":"download-message","depth":1,"state":"Success","text":"'ST_HmiResponse' was loaded successfully."}
{"t":"2026-10-08T21:56:53.1595028Z","event":"download-message","depth":1,"state":"Success","text":"'ST_SpkCylHal' was loaded successfully."}
{"t":"2026-10-08T21:56:53.1619331Z","event":"download-message","depth":1,"state":"Success","text":"'ST_SpkUnitHal' was loaded successfully."}
{"t":"2026-10-08T21:56:53.1635258Z","event":"download-message","depth":1,"state":"Success","text":"'ST_SpkCylinderParCfg' was loaded successfully."}
{"t":"2026-10-08T21:56:53.1664706Z","event":"download-message","depth":1,"state":"Success","text":"'ST_SpkCylinderOutImm' was loaded successfully."}
{"t":"2026-10-08T21:56:53.1685685Z","event":"download-message","depth":1,"state":"Success","text":"'FRK_TestRow' was loaded successfully."}
{"t":"2026-10-08T21:56:53.1709978Z","event":"download-message","depth":1,"state":"Success","text":"'FRK_TestTable' was loaded successfully."}
{"t":"2026-10-08T21:56:53.1735882Z","event":"download-message","depth":1,"state":"Success","text":"'FRK_Clock' was loaded successfully."}
{"t":"2026-10-08T21:56:53.1756814Z","event":"download-message","depth":1,"state":"Success","text":"'FRK_Registry' was loaded successfully."}
{"t":"2026-10-08T21:56:53.1778043Z","event":"download-message","depth":1,"state":"Success","text":"'SpkHal' was loaded successfully."}
{"t":"2026-10-08T21:56:53.1793844Z","event":"download-message","depth":1,"state":"Success","text":"'SpkResults' was loaded successfully."}
{"t":"2026-10-08T21:56:53.1815546Z","event":"download-message","depth":1,"state":"Success","text":"'SpikeUnit' was loaded successfully."}
{"t":"2026-10-08T21:56:53.1835694Z","event":"download-message","depth":1,"state":"Success","text":"'SpkMain' was loaded successfully."}
{"t":"2026-10-08T21:56:53.1855788Z","event":"download-message","depth":1,"state":"Success","text":"'FB_SpkCylinderCM' was loaded successfully."}
{"t":"2026-10-08T21:56:53.1876309Z","event":"download-message","depth":1,"state":"Success","text":"'FB_SpkCylinderSim' was loaded successfully."}
{"t":"2026-10-08T21:56:53.1906544Z","event":"download-message","depth":1,"state":"Success","text":"'FB_SpkAutoSeq' was loaded successfully."}
{"t":"2026-10-08T21:56:53.1922310Z","event":"download-message","depth":1,"state":"Success","text":"'FB_SpkUnit' was loaded successfully."}
{"t":"2026-10-08T21:56:53.1943410Z","event":"download-message","depth":1,"state":"Success","text":"'FB_SpkHarness' was loaded successfully."}
{"t":"2026-10-08T21:56:53.1964199Z","event":"download-message","depth":1,"state":"Success","text":"'FB_SpkResultServer' was loaded successfully."}
{"t":"2026-10-08T21:56:53.1984838Z","event":"download-message","depth":1,"state":"Success","text":"'FB_SpkMain' was loaded successfully."}
{"t":"2026-10-08T21:56:53.2016726Z","event":"download-message","depth":1,"state":"Success","text":"'FRK_ClockTick' was loaded successfully."}
{"t":"2026-10-08T21:56:53.2016726Z","event":"download-message","depth":1,"state":"Success","text":"'FRK_SetIdentity' was loaded successfully."}
{"t":"2026-10-08T21:56:53.2016726Z","event":"download-message","depth":1,"state":"Success","text":"'FRK_Fault' was loaded successfully."}
{"t":"2026-10-08T21:56:53.2016726Z","event":"download-message","depth":1,"state":"Success","text":"'FRK_AdoptChild' was loaded successfully."}
{"t":"2026-10-08T21:56:53.2016726Z","event":"download-message","depth":1,"state":"Success","text":"'FRK_Hold' was loaded successfully."}
{"t":"2026-10-08T21:56:53.2016726Z","event":"download-message","depth":1,"state":"Success","text":"'FRK_Complete' was loaded successfully."}
{"t":"2026-10-08T21:56:53.2016726Z","event":"download-message","depth":1,"state":"Success","text":"'FRK_Begin' was loaded successfully."}
{"t":"2026-10-08T21:56:53.2147259Z","event":"download-message","depth":1,"state":"Success","text":"'FRK_End' was loaded successfully."}
{"t":"2026-10-08T21:56:53.2147259Z","event":"download-message","depth":1,"state":"Success","text":"'FRK_Seq_Step' was loaded successfully."}
{"t":"2026-10-08T21:56:53.2147259Z","event":"download-message","depth":1,"state":"Success","text":"'FRK_Seq_TryIssue' was loaded successfully."}
{"t":"2026-10-08T21:56:53.2147259Z","event":"download-message","depth":1,"state":"Success","text":"'FRK_Seq_Await' was loaded successfully."}
{"t":"2026-10-08T21:56:53.2239308Z","event":"download-message","depth":1,"state":"Success","text":"'FRK_Seq_Advance' was loaded successfully."}
{"t":"2026-10-08T21:56:53.2250567Z","event":"download-message","depth":1,"state":"Success","text":"'FRK_TestRecord' was loaded successfully."}
{"t":"2026-10-08T21:56:53.2250567Z","event":"download-message","depth":1,"state":"Success","text":"'TSEND_C' was loaded successfully."}
{"t":"2026-10-08T21:56:53.2250567Z","event":"download-message","depth":1,"state":"Success","text":"'GetSymbolPath' was loaded successfully."}
{"t":"2026-10-08T21:56:53.2250567Z","event":"download-message","depth":1,"state":"Success","text":"'SymbolInformation' was loaded successfully."}
{"t":"2026-10-08T21:56:53.2250567Z","event":"download-message","depth":1,"state":"Success","text":"'SymbolInformationNode' was loaded successfully."}
{"t":"2026-10-08T21:56:53.2250567Z","event":"download-message","depth":1,"state":"Success","text":"'SymbolInformationReference' was loaded successfully."}
{"t":"2026-10-08T21:56:53.2250567Z","event":"download-message","depth":1,"state":"Success","text":"'SymbolInformationLink' was loaded successfully."}
{"t":"2026-10-08T21:56:53.2250567Z","event":"download-message","depth":1,"state":"Success","text":"'Main' was loaded successfully."}
{"t":"2026-10-08T21:56:53.2411444Z","event":"step","command":"online-state","args":"--plc PLC_1 --pc-interface Intel(R) 82574L Gigabit Network Connection --pc-number 2 --target 1 X1"}
{"t":"2026-10-08T21:56:53.3195743Z","event":"connection","legacy":false,"configured":true}
{"t":"2026-10-08T21:56:58.9146803Z","event":"online","state":"Online"}
{"t":"2026-10-08T21:56:59.7002050Z","event":"plan-complete","steps":3,"tolerated-failures":0}
