{"t":"2026-10-08T22:10:04.3804610Z","event":"tia","mode":"WithoutUserInterface"}
{"t":"2026-10-08T22:10:04.4117735Z","event":"step","command":"open-project","args":"--path C:\\Users\\Siemens\\AppData\\Local\\Fraktal\\TiaStations\\FrkSpikeS2\\FrkSpikeS2.ap20"}
{"t":"2026-10-08T22:10:10.3079795Z","event":"project-opened","path":"C:\\Users\\Siemens\\AppData\\Local\\Fraktal\\TiaStations\\FrkSpikeS2\\FrkSpikeS2.ap20"}
{"t":"2026-10-08T22:10:10.3079795Z","event":"step","command":"download","args":"--plc PLC_1 --pc-interface Intel(R) 82574L Gigabit Network Connection --pc-number 2 --target 1 X1 --confirm-target 192.168.0.10 --user-management keep"}
{"t":"2026-10-08T22:10:15.6237595Z","event":"connection","legacy":false,"configured":true}
{"t":"2026-10-08T22:10:15.7343671Z","event":"download-start","plc":"PLC_1","target":"1 X1","address":"192.168.0.10","options":"Hardware, Software"}
{"t":"2026-10-08T22:10:44.3688486Z","event":"download-question","phase":"pre","type":"StopModules","message":"The modules are stopped for downloading to device.","offered":"NoAction|StopAll","was":"NoAction","answer":"StopAll"}
{"t":"2026-10-08T22:10:44.3923299Z","event":"download-question","phase":"pre","type":"ConsistentBlocksDownload","message":"Download software to device","offered":"ConsistentDownload","was":"ConsistentDownload","answer":"ConsistentDownload"}
{"t":"2026-10-08T22:10:44.4010153Z","event":"download-question","phase":"pre","type":"UserManagementDownload","message":"User management data and access control configuration already exist","offered":"KeepOnlineUserManagementData|UpdateUserManagementDataButKeepOnlinePassword|DownloadAllUserManagementDataResetToProject","was":"KeepOnlineUserManagementData","answer":"KeepOnlineUserManagementData (flag)"}
{"t":"2026-10-08T22:10:44.4064984Z","event":"download-question","phase":"pre","type":"AlarmTextLibrariesDownload","message":"Download all alarm texts and text list texts to device","offered":"ConsistentDownload|NoAction","was":"ConsistentDownload","answer":"ConsistentDownload"}
{"t":"2026-10-08T22:10:55.3859794Z","event":"download-question","phase":"post","type":"StartModules","message":"Start modules after downloading to device.","offered":"NoAction|StartModule","was":"StartModule","answer":"StartModule"}
{"t":"2026-10-08T22:10:56.9461468Z","event":"download","state":"Success","errors":0,"warnings":0}
{"t":"2026-10-08T22:10:56.9523301Z","event":"download-message","depth":0,"state":"Success","text":"PLC_1"}
{"t":"2026-10-08T22:10:56.9559047Z","event":"download-message","depth":1,"state":"Success","text":"Hardware configuration"}
{"t":"2026-10-08T22:10:56.9579953Z","event":"download-message","depth":2,"state":"Success","text":"PLC_1 stopped."}
{"t":"2026-10-08T22:10:56.9600900Z","event":"download-message","depth":2,"state":"Success","text":"PLC_1 started."}
{"t":"2026-10-08T22:10:56.9620770Z","event":"download-message","depth":1,"state":"Success","text":"'ST_Diagnostic' was loaded successfully."}
{"t":"2026-10-08T22:10:56.9645448Z","event":"download-message","depth":1,"state":"Success","text":"'ST_ModuleStatus' was loaded successfully."}
{"t":"2026-10-08T22:10:56.9659665Z","event":"download-message","depth":1,"state":"Success","text":"'FRK_Core' was loaded successfully."}
{"t":"2026-10-08T22:10:56.9680442Z","event":"download-message","depth":1,"state":"Success","text":"'FRK_RegistryRow' was loaded successfully."}
{"t":"2026-10-08T22:10:56.9700957Z","event":"download-message","depth":1,"state":"Success","text":"'ST_StepRecord' was loaded successfully."}
{"t":"2026-10-08T22:10:56.9722031Z","event":"download-message","depth":1,"state":"Success","text":"'FRK_SeqCtx' was loaded successfully."}
{"t":"2026-10-08T22:10:56.9737694Z","event":"download-message","depth":1,"state":"Success","text":"'ST_HmiRequest' was loaded successfully."}
{"t":"2026-10-08T22:10:56.9758687Z","event":"download-message","depth":1,"state":"Success","text":"'ST_HmiResponse' was loaded successfully."}
{"t":"2026-10-08T22:10:56.9779903Z","event":"download-message","depth":1,"state":"Success","text":"'ST_SpkCylHal' was loaded successfully."}
{"t":"2026-10-08T22:10:56.9802629Z","event":"download-message","depth":1,"state":"Success","text":"'ST_SpkUnitHal' was loaded successfully."}
{"t":"2026-10-08T22:10:56.9822060Z","event":"download-message","depth":1,"state":"Success","text":"'ST_SpkCylinderParCfg' was loaded successfully."}
{"t":"2026-10-08T22:10:56.9844372Z","event":"download-message","depth":1,"state":"Success","text":"'ST_SpkCylinderOutImm' was loaded successfully."}
{"t":"2026-10-08T22:10:56.9862271Z","event":"download-message","depth":1,"state":"Success","text":"'FRK_TestRow' was loaded successfully."}
{"t":"2026-10-08T22:10:56.9878440Z","event":"download-message","depth":1,"state":"Success","text":"'FRK_TestTable' was loaded successfully."}
{"t":"2026-10-08T22:10:56.9903028Z","event":"download-message","depth":1,"state":"Success","text":"'FRK_Clock' was loaded successfully."}
{"t":"2026-10-08T22:10:56.9919587Z","event":"download-message","depth":1,"state":"Success","text":"'FRK_Registry' was loaded successfully."}
{"t":"2026-10-08T22:10:56.9940100Z","event":"download-message","depth":1,"state":"Success","text":"'SpkHal' was loaded successfully."}
{"t":"2026-10-08T22:10:56.9957323Z","event":"download-message","depth":1,"state":"Success","text":"'SpkResults' was loaded successfully."}
{"t":"2026-10-08T22:10:56.9979667Z","event":"download-message","depth":1,"state":"Success","text":"'SpikeUnit' was loaded successfully."}
{"t":"2026-10-08T22:10:56.9998997Z","event":"download-message","depth":1,"state":"Success","text":"'SpkScale' was loaded successfully."}
{"t":"2026-10-08T22:10:57.0021904Z","event":"download-message","depth":1,"state":"Success","text":"'SpkMain' was loaded successfully."}
{"t":"2026-10-08T22:10:57.0038391Z","event":"download-message","depth":1,"state":"Success","text":"'FB_SpkCylinderCM' was loaded successfully."}
{"t":"2026-10-08T22:10:57.0059314Z","event":"download-message","depth":1,"state":"Success","text":"'FB_SpkCylinderSim' was loaded successfully."}
{"t":"2026-10-08T22:10:57.0082156Z","event":"download-message","depth":1,"state":"Success","text":"'FB_SpkAutoSeq' was loaded successfully."}
{"t":"2026-10-08T22:10:57.0098045Z","event":"download-message","depth":1,"state":"Success","text":"'FB_SpkUnit' was loaded successfully."}
{"t":"2026-10-08T22:10:57.0117307Z","event":"download-message","depth":1,"state":"Success","text":"'FB_SpkHarness' was loaded successfully."}
{"t":"2026-10-08T22:10:57.0137640Z","event":"download-message","depth":1,"state":"Success","text":"'FB_SpkResultServer' was loaded successfully."}
{"t":"2026-10-08T22:10:57.0161078Z","event":"download-message","depth":1,"state":"Success","text":"'FB_SpkMain' was loaded successfully."}
{"t":"2026-10-08T22:10:57.0186049Z","event":"download-message","depth":1,"state":"Success","text":"'FB_SpkEmptyCM' was loaded successfully."}
{"t":"2026-10-08T22:10:57.0197135Z","event":"download-message","depth":1,"state":"Success","text":"'FB_SpkScale' was loaded successfully."}
{"t":"2026-10-08T22:10:57.0219439Z","event":"download-message","depth":1,"state":"Success","text":"'FRK_ClockTick' was loaded successfully."}
{"t":"2026-10-08T22:10:57.0236293Z","event":"download-message","depth":1,"state":"Success","text":"'FRK_SetIdentity' was loaded successfully."}
{"t":"2026-10-08T22:10:57.0256760Z","event":"download-message","depth":1,"state":"Success","text":"'FRK_Fault' was loaded successfully."}
{"t":"2026-10-08T22:10:57.0278573Z","event":"download-message","depth":1,"state":"Success","text":"'FRK_AdoptChild' was loaded successfully."}
{"t":"2026-10-08T22:10:57.0299006Z","event":"download-message","depth":1,"state":"Success","text":"'FRK_Hold' was loaded successfully."}
{"t":"2026-10-08T22:10:57.0320677Z","event":"download-message","depth":1,"state":"Success","text":"'FRK_Complete' was loaded successfully."}
{"t":"2026-10-08T22:10:57.0341092Z","event":"download-message","depth":1,"state":"Success","text":"'FRK_Begin' was loaded successfully."}
{"t":"2026-10-08T22:10:57.0359706Z","event":"download-message","depth":1,"state":"Success","text":"'FRK_End' was loaded successfully."}
{"t":"2026-10-08T22:10:57.0376541Z","event":"download-message","depth":1,"state":"Success","text":"'FRK_Seq_Step' was loaded successfully."}
{"t":"2026-10-08T22:10:57.0396679Z","event":"download-message","depth":1,"state":"Success","text":"'FRK_Seq_TryIssue' was loaded successfully."}
{"t":"2026-10-08T22:10:57.0417259Z","event":"download-message","depth":1,"state":"Success","text":"'FRK_Seq_Await' was loaded successfully."}
{"t":"2026-10-08T22:10:57.0437241Z","event":"download-message","depth":1,"state":"Success","text":"'FRK_Seq_Advance' was loaded successfully."}
{"t":"2026-10-08T22:10:57.0460089Z","event":"download-message","depth":1,"state":"Success","text":"'FRK_TestRecord' was loaded successfully."}
{"t":"2026-10-08T22:10:57.0470129Z","event":"download-message","depth":1,"state":"Success","text":"'TSEND_C' was loaded successfully."}
{"t":"2026-10-08T22:10:57.0485544Z","event":"download-message","depth":1,"state":"Success","text":"'GetSymbolPath' was loaded successfully."}
{"t":"2026-10-08T22:10:57.0517866Z","event":"download-message","depth":1,"state":"Success","text":"'SymbolInformation' was loaded successfully."}
{"t":"2026-10-08T22:10:57.0530787Z","event":"download-message","depth":1,"state":"Success","text":"'SymbolInformationNode' was loaded successfully."}
{"t":"2026-10-08T22:10:57.0557432Z","event":"download-message","depth":1,"state":"Success","text":"'SymbolInformationReference' was loaded successfully."}
{"t":"2026-10-08T22:10:57.0567457Z","event":"download-message","depth":1,"state":"Success","text":"'SymbolInformationLink' was loaded successfully."}
{"t":"2026-10-08T22:10:57.0597428Z","event":"download-message","depth":1,"state":"Success","text":"'Main' was loaded successfully."}
{"t":"2026-10-08T22:10:57.0707067Z","event":"step","command":"online-state","args":"--plc PLC_1 --pc-interface Intel(R) 82574L Gigabit Network Connection --pc-number 2 --target 1 X1"}
{"t":"2026-10-08T22:10:57.1090214Z","event":"connection","legacy":false,"configured":true}
{"t":"2026-10-08T22:11:03.3790352Z","event":"online","state":"Online"}
{"t":"2026-10-08T22:11:04.1190932Z","event":"plan-complete","steps":3,"tolerated-failures":0}
