{"t":"2026-10-08T22:13:30.5629076Z","event":"tia","mode":"WithoutUserInterface"}
{"t":"2026-10-08T22:13:30.6057532Z","event":"step","command":"open-project","args":"--path C:\\Users\\Siemens\\AppData\\Local\\Fraktal\\TiaStations\\FrkSpikeS2\\FrkSpikeS2.ap20"}
{"t":"2026-10-08T22:13:38.5731125Z","event":"project-opened","path":"C:\\Users\\Siemens\\AppData\\Local\\Fraktal\\TiaStations\\FrkSpikeS2\\FrkSpikeS2.ap20"}
{"t":"2026-10-08T22:13:38.5731125Z","event":"step","command":"delete-blocks","args":"--plc PLC_1"}
{"t":"2026-10-08T22:13:40.6446915Z","event":"block-deleted","name":"FRK_Clock"}
{"t":"2026-10-08T22:13:42.4842357Z","event":"block-deleted","name":"FRK_Registry"}
{"t":"2026-10-08T22:13:42.5517215Z","event":"block-deleted","name":"SpkHal"}
{"t":"2026-10-08T22:13:42.5693632Z","event":"block-deleted","name":"SpkResults"}
{"t":"2026-10-08T22:13:42.6143091Z","event":"block-deleted","name":"FRK_ClockTick"}
{"t":"2026-10-08T22:13:42.6758258Z","event":"block-deleted","name":"FRK_SetIdentity"}
{"t":"2026-10-08T22:13:42.7091857Z","event":"block-deleted","name":"FRK_Fault"}
{"t":"2026-10-08T22:13:42.7279887Z","event":"block-deleted","name":"FRK_AdoptChild"}
{"t":"2026-10-08T22:13:42.7430191Z","event":"block-deleted","name":"FRK_Hold"}
{"t":"2026-10-08T22:13:42.7567193Z","event":"block-deleted","name":"FRK_Complete"}
{"t":"2026-10-08T22:13:42.7680744Z","event":"block-deleted","name":"FRK_Begin"}
{"t":"2026-10-08T22:13:42.7809396Z","event":"block-deleted","name":"FRK_End"}
{"t":"2026-10-08T22:13:42.7962663Z","event":"block-deleted","name":"FRK_Seq_Step"}
{"t":"2026-10-08T22:13:42.8089930Z","event":"block-deleted","name":"FRK_Seq_TryIssue"}
{"t":"2026-10-08T22:13:42.8200503Z","event":"block-deleted","name":"FRK_Seq_Await"}
{"t":"2026-10-08T22:13:42.8311681Z","event":"block-deleted","name":"FRK_Seq_Advance"}
{"t":"2026-10-08T22:13:42.8422331Z","event":"block-deleted","name":"FB_SpkCylinderCM"}
{"t":"2026-10-08T22:13:42.8671569Z","event":"block-deleted","name":"FB_SpkCylinderSim"}
{"t":"2026-10-08T22:13:42.8802628Z","event":"block-deleted","name":"FB_SpkAutoSeq"}
{"t":"2026-10-08T22:13:42.8994999Z","event":"block-deleted","name":"FB_SpkUnit"}
{"t":"2026-10-08T22:13:42.9287533Z","event":"block-deleted","name":"SpikeUnit"}
{"t":"2026-10-08T22:13:42.9630897Z","event":"block-deleted","name":"FRK_TestRecord"}
{"t":"2026-10-08T22:13:42.9743881Z","event":"block-deleted","name":"FB_SpkHarness"}
{"t":"2026-10-08T22:13:42.9919216Z","event":"block-deleted","name":"FB_SpkResultServer"}
{"t":"2026-10-08T22:13:43.0231186Z","event":"block-deleted","name":"FB_SpkMain"}
{"t":"2026-10-08T22:13:43.0311327Z","event":"block-deleted","name":"FB_SpkEmptyCM"}
{"t":"2026-10-08T22:13:43.0470671Z","event":"block-deleted","name":"FB_SpkScale"}
{"t":"2026-10-08T22:13:43.0735709Z","event":"block-deleted","name":"SpkScale"}
{"t":"2026-10-08T22:13:43.0938335Z","event":"block-deleted","name":"SpkMain"}
{"t":"2026-10-08T22:13:43.1454953Z","event":"block-deleted","name":"Main"}
{"t":"2026-10-08T22:13:43.2387702Z","event":"type-deleted","name":"ST_Diagnostic"}
{"t":"2026-10-08T22:13:43.2553498Z","event":"type-deleted","name":"ST_ModuleStatus"}
{"t":"2026-10-08T22:13:43.2708526Z","event":"type-deleted","name":"FRK_Core"}
{"t":"2026-10-08T22:13:43.3067761Z","event":"type-deleted","name":"FRK_RegistryRow"}
{"t":"2026-10-08T22:13:43.3239738Z","event":"type-deleted","name":"ST_StepRecord"}
{"t":"2026-10-08T22:13:43.3389294Z","event":"type-deleted","name":"FRK_SeqCtx"}
{"t":"2026-10-08T22:13:43.3460965Z","event":"type-deleted","name":"ST_HmiRequest"}
{"t":"2026-10-08T22:13:43.3622016Z","event":"type-deleted","name":"ST_HmiResponse"}
{"t":"2026-10-08T22:13:43.3775775Z","event":"type-deleted","name":"ST_SpkCylHal"}
{"t":"2026-10-08T22:13:43.3936002Z","event":"type-deleted","name":"ST_SpkUnitHal"}
{"t":"2026-10-08T22:13:43.4091472Z","event":"type-deleted","name":"ST_SpkCylinderParCfg"}
{"t":"2026-10-08T22:13:43.4266630Z","event":"type-deleted","name":"ST_SpkCylinderOutImm"}
{"t":"2026-10-08T22:13:43.4384136Z","event":"type-deleted","name":"FRK_TestRow"}
{"t":"2026-10-08T22:13:43.4516916Z","event":"type-deleted","name":"FRK_TestTable"}
{"t":"2026-10-08T22:13:43.6255101Z","event":"step","command":"import-sources","args":"--plc PLC_1 --dir C:\\Projects\\Fraktal\\FraktalCore\\PLC\\Siemens\\Spikes\\S2_Shape --keep-on-error true"}
{"t":"2026-10-08T22:13:49.6009017Z","event":"source-generated","file":"00_01_ST_Diagnostic.udt","sha256":"502b89df7508b805e63e50421f5b1aa98952b72c522414e43cf63b491ca84b48"}
{"t":"2026-10-08T22:13:49.9744884Z","event":"source-generated","file":"00_02_ST_ModuleStatus.udt","sha256":"ad0447cff4b3f80a0e53308aa74617ff4af4569cc8cabd20db5d2168b4f1532e"}
{"t":"2026-10-08T22:13:50.0085021Z","event":"source-generated","file":"00_03_FRK_Core.udt","sha256":"178822d4fa404e4a65c55c5f97633e7d8ea520c2d743e2c7cf2821fb3e679cc4"}
{"t":"2026-10-08T22:13:50.0370972Z","event":"source-generated","file":"00_04_FRK_RegistryRow.udt","sha256":"d66f219050f304ec144613f7cfac205fd549214970b8503106ae5e5f9b46a5ec"}
{"t":"2026-10-08T22:13:50.0689359Z","event":"source-generated","file":"00_05_ST_StepRecord.udt","sha256":"31fb7a4251c235e199efa9b97e643c9771b48cf10afcdffda634ea9872d15d89"}
{"t":"2026-10-08T22:13:50.1537149Z","event":"source-generated","file":"00_06_FRK_SeqCtx.udt","sha256":"a469f588877ff61c24066e6ef39ebad207d0c62c4290ba58691fa0f881e1d7ec"}
{"t":"2026-10-08T22:13:50.1814648Z","event":"source-generated","file":"00_07_ST_HmiRequest.udt","sha256":"2d7b687652a3b2f2efd61e387c2c19ec3725c2399a624c9c0512c45d01d87583"}
{"t":"2026-10-08T22:13:50.2043635Z","event":"source-generated","file":"00_08_ST_HmiResponse.udt","sha256":"52f74df3ec802100f4356ac4c0fbdfdd860fdabef6076b867ff9e11f91d06c7d"}
{"t":"2026-10-08T22:13:50.3089640Z","event":"source-generated","file":"00_09_ST_SpkCylHal.udt","sha256":"2d8c1ccbdef5e30c5a482ee0a49ad31bada0b08ef9761cd4295e8d42ae1ac4d2"}
{"t":"2026-10-08T22:13:50.3295623Z","event":"source-generated","file":"00_10_ST_SpkUnitHal.udt","sha256":"0d9466de2b7cd764722c1fcc6d653ffea88bbc1752728d27984ee8c388129a0e"}
{"t":"2026-10-08T22:13:50.3606833Z","event":"source-generated","file":"00_11_ST_SpkCylinderParCfg.udt","sha256":"c26386dce9598ddcea8276be7b55f1f24871b05da95b82b68f4294ec401c98a1"}
{"t":"2026-10-08T22:13:50.4134111Z","event":"source-generated","file":"00_12_ST_SpkCylinderOutImm.udt","sha256":"2941e9c966f9ca2690b314ffdedc3fa85b130bfd3a2e0c68f8dcbe4cd359dc93"}
{"t":"2026-10-08T22:13:50.4380856Z","event":"source-generated","file":"00_13_FRK_TestRow.udt","sha256":"84485ff9ca578e7bd47d7ee4eb6a1d33ebddcda0850d0016802d99451eb8fbbe"}
{"t":"2026-10-08T22:13:50.4694582Z","event":"source-generated","file":"00_14_FRK_TestTable.udt","sha256":"78734aaa430e83ee9dd28914c02c32127042cf494724b3ca942447cc347d8b00"}
{"t":"2026-10-08T22:13:51.0539270Z","event":"source-generated","file":"05_GlobalData.db","sha256":"1190e32e4a735b413434ddb416ac1390f7c16caa4d663a253220cbdaededba3f"}
{"t":"2026-10-08T22:13:52.9944694Z","event":"source-generated","file":"10_Lifecycle.scl","sha256":"04c641f61266037a4b90f8d72832c8f842af83023117725af0610f57e39466a3"}
{"t":"2026-10-08T22:13:53.1094923Z","event":"source-generated","file":"20_Sequence.scl","sha256":"76c9e2f4030fafd9b818cb0387f8a6aa0a7a9db15e0c820dd74b1e066ebec675"}
{"t":"2026-10-08T22:13:53.2915612Z","event":"source-generated","file":"30_CylinderCM.scl","sha256":"927eb4caeca2b986591e5d02ac0a163a612257befa1a7e58dacea6338c5865ab"}
{"t":"2026-10-08T22:13:53.3655613Z","event":"source-generated","file":"40_AutoSeq.scl","sha256":"df7d48e3b1a67a3f825b0203198a6f44d6ab5d7522b5c77f65b4fe425b0035cd"}
{"t":"2026-10-08T22:13:53.4890847Z","event":"source-generated","file":"50_Unit.scl","sha256":"99a2aed1fa171ad223d50862bee864a21153030e208de7c0d9e221ccae9c9ef9"}
{"t":"2026-10-08T22:13:53.8678086Z","event":"source-generated","file":"55_UnitInstance.db","sha256":"d45db80c679fb6cb80c826e4b28528340ee6b56855df85b6ffda04070b63e924"}
{"t":"2026-10-08T22:13:54.0560385Z","event":"source-generated","file":"60_Harness.scl","sha256":"b8f454d55a4f587e6a1023f934c246272c5a814cbc1d820f14d969ce9fe794d8"}
{"t":"2026-10-08T22:13:54.3877005Z","event":"source-generated","file":"65_ResultServer.scl","sha256":"fba64a4b7cf0fded61729ac4989a335eecaee6591197c6b099f2d9b625dde9cc"}
{"t":"2026-10-08T22:13:54.4473003Z","event":"source-generated","file":"70_Main.scl","sha256":"e1d1e03a6456758b7daaf1bc0b86bf2359a1a4e4c9202bc0582cfd4b9a5ca08a"}
{"t":"2026-10-08T22:13:54.4940332Z","event":"source-generated","file":"75_MainInstance.db","sha256":"cddb9171cb05e7d36f740b29a208d5ee6e098ba1c527d3f38378adebc6aa8102"}
{"t":"2026-10-08T22:13:55.5806243Z","event":"source-generated","file":"80_OB1.scl","sha256":"7978285018d2afc7a2e34609dc5d103759cda2c3f2f3bbea3f2c434c48497d12"}
{"t":"2026-10-08T22:13:55.5806243Z","event":"step","command":"compile","args":"--plc PLC_1"}
{"t":"2026-10-08T22:13:59.9166862Z","event":"compile","state":"Success","errors":0,"warnings":0}
{"t":"2026-10-08T22:13:59.9209689Z","event":"compile-message","depth":0,"state":"Success","path":"PLC_1","text":""}
{"t":"2026-10-08T22:13:59.9209689Z","event":"compile-message","depth":1,"state":"Success","path":"PLC data types","text":""}
{"t":"2026-10-08T22:13:59.9502496Z","event":"compile-message","depth":1,"state":"Success","path":"Program blocks","text":""}
{"t":"2026-10-08T22:14:00.0132735Z","event":"compile-message","depth":0,"state":"Success","path":null,"text":"Compiling finished (errors: 0; warnings: 0)"}
{"t":"2026-10-08T22:14:00.0153951Z","event":"step","command":"compile","args":"--plc PLC_1 --hw true"}
{"t":"2026-10-08T22:14:01.7222365Z","event":"compile","state":"Success","errors":0,"warnings":0}
{"t":"2026-10-08T22:14:01.7254185Z","event":"compile-message","depth":0,"state":"Information","path":"PLC_1","text":""}
{"t":"2026-10-08T22:14:01.7284497Z","event":"compile-message","depth":1,"state":"Information","path":"Hardware configuration","text":""}
{"t":"2026-10-08T22:14:01.7314664Z","event":"compile-message","depth":2,"state":"Information","path":null,"text":"Hardware was not compiled. The configuration is up-to-date."}
{"t":"2026-10-08T22:14:01.7345004Z","event":"compile-message","depth":0,"state":"Success","path":null,"text":"Compiling finished (errors: 0; warnings: 0)"}
{"t":"2026-10-08T22:14:01.7365158Z","event":"step","command":"list-blocks","args":"--plc PLC_1"}
{"t":"2026-10-08T22:14:01.7585096Z","event":"block","name":"FRK_Clock","number":1,"kind":"GlobalDB","language":"DB"}
{"t":"2026-10-08T22:14:01.7605431Z","event":"block","name":"FRK_Registry","number":2,"kind":"GlobalDB","language":"DB"}
{"t":"2026-10-08T22:14:01.7615416Z","event":"block","name":"SpkHal","number":3,"kind":"GlobalDB","language":"DB"}
{"t":"2026-10-08T22:14:01.7626322Z","event":"block","name":"SpkResults","number":4,"kind":"GlobalDB","language":"DB"}
{"t":"2026-10-08T22:14:01.7643101Z","event":"block","name":"FRK_ClockTick","number":1,"kind":"FC","language":"SCL"}
{"t":"2026-10-08T22:14:01.7654999Z","event":"block","name":"FRK_SetIdentity","number":2,"kind":"FC","language":"SCL"}
{"t":"2026-10-08T22:14:01.7668599Z","event":"block","name":"FRK_Fault","number":3,"kind":"FC","language":"SCL"}
{"t":"2026-10-08T22:14:01.7674260Z","event":"block","name":"FRK_AdoptChild","number":4,"kind":"FC","language":"SCL"}
{"t":"2026-10-08T22:14:01.7695308Z","event":"block","name":"FRK_Hold","number":5,"kind":"FC","language":"SCL"}
{"t":"2026-10-08T22:14:01.7705680Z","event":"block","name":"FRK_Complete","number":6,"kind":"FC","language":"SCL"}
{"t":"2026-10-08T22:14:01.7721947Z","event":"block","name":"FRK_Begin","number":7,"kind":"FC","language":"SCL"}
{"t":"2026-10-08T22:14:01.7732443Z","event":"block","name":"FRK_End","number":8,"kind":"FC","language":"SCL"}
{"t":"2026-10-08T22:14:01.7742776Z","event":"block","name":"FRK_Seq_Step","number":9,"kind":"FC","language":"SCL"}
{"t":"2026-10-08T22:14:01.7753306Z","event":"block","name":"FRK_Seq_TryIssue","number":10,"kind":"FC","language":"SCL"}
{"t":"2026-10-08T22:14:01.7774169Z","event":"block","name":"FRK_Seq_Await","number":11,"kind":"FC","language":"SCL"}
{"t":"2026-10-08T22:14:01.7784756Z","event":"block","name":"FRK_Seq_Advance","number":12,"kind":"FC","language":"SCL"}
{"t":"2026-10-08T22:14:01.7794948Z","event":"block","name":"FB_SpkCylinderCM","number":1,"kind":"FB","language":"SCL"}
{"t":"2026-10-08T22:14:01.7802201Z","event":"block","name":"FB_SpkCylinderSim","number":2,"kind":"FB","language":"SCL"}
{"t":"2026-10-08T22:14:01.7825061Z","event":"block","name":"FB_SpkAutoSeq","number":3,"kind":"FB","language":"SCL"}
{"t":"2026-10-08T22:14:01.7839960Z","event":"block","name":"FB_SpkUnit","number":4,"kind":"FB","language":"SCL"}
{"t":"2026-10-08T22:14:01.7839960Z","event":"block","name":"SpikeUnit","number":5,"kind":"InstanceDB","language":"DB"}
{"t":"2026-10-08T22:14:01.7855111Z","event":"block","name":"FRK_TestRecord","number":13,"kind":"FC","language":"SCL"}
{"t":"2026-10-08T22:14:01.7870687Z","event":"block","name":"FB_SpkHarness","number":5,"kind":"FB","language":"SCL"}
{"t":"2026-10-08T22:14:01.7879750Z","event":"block","name":"FB_SpkResultServer","number":6,"kind":"FB","language":"SCL"}
{"t":"2026-10-08T22:14:01.7899011Z","event":"block","name":"FB_SpkMain","number":7,"kind":"FB","language":"SCL"}
{"t":"2026-10-08T22:14:01.7910832Z","event":"block","name":"SpkMain","number":6,"kind":"InstanceDB","language":"DB"}
{"t":"2026-10-08T22:14:01.7920918Z","event":"block","name":"Main","number":1,"kind":"OB","language":"SCL"}
{"t":"2026-10-08T22:14:01.7962112Z","event":"step","command":"save","args":""}
{"t":"2026-10-08T22:14:01.9975395Z","event":"saved","path":"C:\\Users\\Siemens\\AppData\\Local\\Fraktal\\TiaStations\\FrkSpikeS2\\FrkSpikeS2.ap20"}
{"t":"2026-10-08T22:14:01.9975395Z","event":"step","command":"export","args":"--plc PLC_1 --out C:\\Users\\Siemens\\AppData\\Local\\Fraktal\\TiaStations\\FrkSpikeS2_export --scl true"}
{"t":"2026-10-08T22:14:02.3531167Z","event":"exported","name":"FRK_Clock","language":"DB","sha256":"ded091fd05c047099ce9e4f9f63c56821b118b8cff7063a5df639363ddd823a7"}
{"t":"2026-10-08T22:14:02.4170736Z","event":"exported","name":"FRK_Registry","language":"DB","sha256":"efcf054ca529f5758a85659ee52c0f446c7b6106e0125e5601532411fa2ec383"}
{"t":"2026-10-08T22:14:02.4507914Z","event":"exported","name":"SpkHal","language":"DB","sha256":"6fede61b171b1a320a87b3cb1504e7e12e4e79ced59c10a7468279d7c4766188"}
{"t":"2026-10-08T22:14:02.4847171Z","event":"exported","name":"SpkResults","language":"DB","sha256":"40c9aed16a4b5b34e0b7dbda2d2313da0b28e20e1c377fab7d70690d6a210de9"}
{"t":"2026-10-08T22:14:02.7309868Z","event":"exported","name":"FRK_ClockTick","language":"SCL","sha256":"eddd0f1454b9daeb857fd1143889a6de1456764fc04eafee2b0577bfd33c0c26"}
{"t":"2026-10-08T22:14:02.7829267Z","event":"exported","name":"FRK_SetIdentity","language":"SCL","sha256":"56bd1f251ea22afd66d3d586049575aea51e2219e337a83f4298116b0c25c998"}
{"t":"2026-10-08T22:14:02.8168478Z","event":"exported","name":"FRK_Fault","language":"SCL","sha256":"3f1dd73a56e367818a9b2862a1b8e8a9e9da29dd95c3af5e885738243d72431f"}
{"t":"2026-10-08T22:14:02.8383110Z","event":"exported","name":"FRK_AdoptChild","language":"SCL","sha256":"86e1cf3ee92a6c34f8183f1ab79f2825422412b4bfaebb0a4ba24e828b716ad5"}
{"t":"2026-10-08T22:14:02.8749843Z","event":"exported","name":"FRK_Hold","language":"SCL","sha256":"06245511e989d06f3db2838e30db8f5e4aa6f40539608ea2011fb64de157b92d"}
{"t":"2026-10-08T22:14:02.9075701Z","event":"exported","name":"FRK_Complete","language":"SCL","sha256":"91f635ef1c3493c12eed21d4e9ab87c3ff76cd8e40a98b912d8fe8b9b26554a6"}
{"t":"2026-10-08T22:14:02.9520502Z","event":"exported","name":"FRK_Begin","language":"SCL","sha256":"8ea78dcbacd04adcc6f4f9802699b368f39a36e5393606b574acaa63f3df46c0"}
{"t":"2026-10-08T22:14:02.9833952Z","event":"exported","name":"FRK_End","language":"SCL","sha256":"3040e14f9e75bcc3a6af1c87a738461d9335d25e57f1893b257521e192edd63a"}
{"t":"2026-10-08T22:14:03.0146359Z","event":"exported","name":"FRK_Seq_Step","language":"SCL","sha256":"f19dadf3698cf0ceca16e5ca308464a784c8925a78f8bad5fa4205dbb85bc830"}
{"t":"2026-10-08T22:14:03.0494459Z","event":"exported","name":"FRK_Seq_TryIssue","language":"SCL","sha256":"a7139fad06dc9e6c3c5a0d44ac58b06a5039855d798c5a54e88061127c13d088"}
{"t":"2026-10-08T22:14:03.0745811Z","event":"exported","name":"FRK_Seq_Await","language":"SCL","sha256":"4db923cd98048af511a145b2da5e5882b2150c2506bed2ca660a8f1a743f8cda"}
{"t":"2026-10-08T22:14:03.1227770Z","event":"exported","name":"FRK_Seq_Advance","language":"SCL","sha256":"75ecf0ee7cb3e012378ddd396f37c4eb59d21286f2b55cc45c3afb18f42fd89f"}
{"t":"2026-10-08T22:14:03.1664816Z","event":"exported","name":"FB_SpkCylinderCM","language":"SCL","sha256":"69876af75aa7985cc631cfe1e84d2a275d6ad1597c1745d7cf1f9af2fc9f53b2"}
{"t":"2026-10-08T22:14:03.2117092Z","event":"exported","name":"FB_SpkCylinderSim","language":"SCL","sha256":"b3b5fe978580285ce2d23741f56478d6ef410c528f2bbf30d94cfede3032fc22"}
{"t":"2026-10-08T22:14:03.2661800Z","event":"exported","name":"FB_SpkAutoSeq","language":"SCL","sha256":"983fa3188d670323abd7826ad7ed6d2225b3afe8d93fd82adfb36aa8af72872f"}
{"t":"2026-10-08T22:14:03.3031375Z","event":"exported","name":"FB_SpkUnit","language":"SCL","sha256":"cd561f31ab82e4d61adc1b907e69a83ac8e896424fea79459c6570027b228987"}
{"t":"2026-10-08T22:14:03.3580640Z","event":"exported","name":"SpikeUnit","language":"DB","sha256":"5d8be721894c3b32577c1e8a4c663b0a8ff630c2b05889d900f91cb4aa35ab2e"}
{"t":"2026-10-08T22:14:03.3966088Z","event":"exported","name":"FRK_TestRecord","language":"SCL","sha256":"fe195ea9a43a9cd20ed1bd3b70fa8204e9580339ce71762483f2ec19a9680be3"}
{"t":"2026-10-08T22:14:03.4626779Z","event":"exported","name":"FB_SpkHarness","language":"SCL","sha256":"8f93bf51a25a3a6bc8d017fd86e70d91b68a1ebb841b05a970066c85d67a5ae6"}
{"t":"2026-10-08T22:14:03.4928303Z","event":"exported","name":"FB_SpkResultServer","language":"SCL","sha256":"aed6b2fc60d1297f432c14f3566c158bcce93cb13cd347db9632d620a74abd53"}
{"t":"2026-10-08T22:14:03.5449686Z","event":"exported","name":"FB_SpkMain","language":"SCL","sha256":"d662e75b7068347ee0942041d40b92b71432c35abe7258750233bb1dffd026f5"}
{"t":"2026-10-08T22:14:03.5759926Z","event":"exported","name":"SpkMain","language":"DB","sha256":"ae9bf7636e457211bbab75db0618737316432cb739de0c747e303977bcc9df86"}
{"t":"2026-10-08T22:14:03.6236901Z","event":"exported","name":"Main","language":"SCL","sha256":"e163ac8c776a06c8099e8231188de472308c85a783cd8ab91d32c013f7bc89e1"}
{"t":"2026-10-08T22:14:03.9754471Z","event":"source-exported","name":"FRK_Clock","sha256":"1ecf89198f1560cf7e488994b7f63dc05a6577a68263e84b853648fb62f8d46e"}
{"t":"2026-10-08T22:14:03.9857049Z","event":"source-exported","name":"FRK_Registry","sha256":"a7631d3b75570c02f1c82a6fcd63ae21d63915cffc4a270a8b14be41d1c29745"}
{"t":"2026-10-08T22:14:03.9919678Z","event":"source-exported","name":"SpkHal","sha256":"354db4be047f6efd14d359d1127e8e435bc77fe6b2b0609dbd9885026bc8f898"}
{"t":"2026-10-08T22:14:03.9919678Z","event":"source-exported","name":"SpkResults","sha256":"e5a561ee53a815b9621665fc1d4ae1ce7319041249bc60371ad63292e821d435"}
{"t":"2026-10-08T22:14:04.0382683Z","event":"source-exported","name":"FRK_ClockTick","sha256":"6f28fd08d4f4e1705e1ca374359dd571427f01c8e1c6dcf94a5c52a447e84492"}
{"t":"2026-10-08T22:14:04.1713107Z","event":"source-exported","name":"FRK_SetIdentity","sha256":"2fd3b28059d7a95449cde9f11909b55adbe3c2bfda59787a706b768f0dd81365"}
{"t":"2026-10-08T22:14:04.1996650Z","event":"source-exported","name":"FRK_Fault","sha256":"9cdb8ca16a0503b10f61daa8c5df594b9b1d5b1f82551a74c4b836683e3b70c3"}
{"t":"2026-10-08T22:14:04.2094741Z","event":"source-exported","name":"FRK_AdoptChild","sha256":"391c6cbba78523a16e444cee709d4ad5d69da361633771755506007354328988"}
{"t":"2026-10-08T22:14:04.2182441Z","event":"source-exported","name":"FRK_Hold","sha256":"9256ee9d9184b53508a775b42c73d17734e5735b09da4bb313b4ca91de261d99"}
{"t":"2026-10-08T22:14:04.2342643Z","event":"source-exported","name":"FRK_Complete","sha256":"11f0ec97ae2bbebf9e0bae42b76feaa1a01efc5f188233d62cb6e60231a65b66"}
{"t":"2026-10-08T22:14:04.2599343Z","event":"source-exported","name":"FRK_Begin","sha256":"a5e1267f45871394352cf2a0d0f010be908e6a0c117dbf395bd177218e207e0f"}
{"t":"2026-10-08T22:14:04.2761463Z","event":"source-exported","name":"FRK_End","sha256":"3cdb7ac2413d888b1a204572d3214b755fc2f547e687c2da8f8821c98ac87b30"}
{"t":"2026-10-08T22:14:04.2917938Z","event":"source-exported","name":"FRK_Seq_Step","sha256":"f209e90c09f7525b5f08a59fffae7b84fc081d2504e81cc84d2ca02b92a4407b"}
{"t":"2026-10-08T22:14:04.2917938Z","event":"source-exported","name":"FRK_Seq_TryIssue","sha256":"255939ea1f9810a7ea2c6833cea0df717d562077ab8a891ed0d94674a784f548"}
{"t":"2026-10-08T22:14:04.3115287Z","event":"source-exported","name":"FRK_Seq_Await","sha256":"8dac058343b0ddb0b03921a295fec36de687520b3c6b215b74c8a24b3d928954"}
{"t":"2026-10-08T22:14:04.3194371Z","event":"source-exported","name":"FRK_Seq_Advance","sha256":"18f5da87cd649601c50a68cf339486df491c1143a3ef3e90eec9933abb23ef93"}
{"t":"2026-10-08T22:14:04.3442983Z","event":"source-exported","name":"FB_SpkCylinderCM","sha256":"a2f4b10b0e1977c315229bb6e2e5a700d02c662c88828e216b736e3bb79085be"}
{"t":"2026-10-08T22:14:04.3574165Z","event":"source-exported","name":"FB_SpkCylinderSim","sha256":"1b3229d6f9a4f031b9f241e80acc3be2f081c968faf561859e1a4b788079bc12"}
{"t":"2026-10-08T22:14:04.3800200Z","event":"source-exported","name":"FB_SpkAutoSeq","sha256":"c820e7dd37982f7c4b47467897cc874af13dff77b485a171508460b0be426c35"}
{"t":"2026-10-08T22:14:04.3961709Z","event":"source-exported","name":"FB_SpkUnit","sha256":"f8af11c12e17d32b58e8a4bfb7671fce1dead4900bf07ed1c373c0bfc07ef025"}
{"t":"2026-10-08T22:14:04.3961709Z","event":"source-exported","name":"SpikeUnit","sha256":"c812409f1a5b9bd199bb17e09641dcb62e62a08043a5ab7c7b54d0cb07cafe0c"}
{"t":"2026-10-08T22:14:04.4116260Z","event":"source-exported","name":"FRK_TestRecord","sha256":"d07c850c4a39df586c587fa6f698e60fda578bb4611046b81bd048d2992b44ae"}
{"t":"2026-10-08T22:14:04.4426859Z","event":"source-exported","name":"FB_SpkHarness","sha256":"181c6e04d9591d9a8e05c0d8d1adfcfbeb006e5a0574a6c2ccb9057600dfa770"}
{"t":"2026-10-08T22:14:04.4603051Z","event":"source-exported","name":"FB_SpkResultServer","sha256":"a61c057a7098466b0c5d3716d9e15413ba013ceb92c716d1d4c39bcbde2a5a85"}
{"t":"2026-10-08T22:14:04.4764446Z","event":"source-exported","name":"FB_SpkMain","sha256":"17887b88e7018141134c9b4c7c7c57baa6d3d7577170d1a465fcccd476c5934c"}
{"t":"2026-10-08T22:14:04.4764446Z","event":"source-exported","name":"SpkMain","sha256":"6f0db41a809f6cb85c135f1a2588657d1b8f518a055ba1f1f030fd64de21efea"}
{"t":"2026-10-08T22:14:04.5074015Z","event":"source-exported","name":"Main","sha256":"cea8e51c6bb9ef0e96818638972456f38f546cb98881431306c3d5a99b5d37f4"}
{"t":"2026-10-08T22:14:04.5231092Z","event":"source-exported","name":"ST_Diagnostic","sha256":"e35082e7b6e69e1cb019ed4382bd66a653d3de3cb07c275e2a93a6d37df3847a"}
{"t":"2026-10-08T22:14:04.5231092Z","event":"source-exported","name":"ST_ModuleStatus","sha256":"1f94a8d981d80c3246ccc791e837189f90d8860671b7ba2f1581aee02e4cac2e"}
{"t":"2026-10-08T22:14:04.5394339Z","event":"source-exported","name":"FRK_Core","sha256":"28c42e07ee8a674a5f7a104b2220039819d2e7de8e412402251f6f1762a78a4d"}
{"t":"2026-10-08T22:14:04.5488678Z","event":"source-exported","name":"FRK_RegistryRow","sha256":"0dd51abb1c736da53bcc706cc778c26ff3bf42516859a809b1f19d196b8df86e"}
{"t":"2026-10-08T22:14:04.5567717Z","event":"source-exported","name":"ST_StepRecord","sha256":"041c6c7f49b0a417b4cf580d081d74a7e5cb44949132a27daaa21c3e45ee75b9"}
{"t":"2026-10-08T22:14:04.5657057Z","event":"source-exported","name":"FRK_SeqCtx","sha256":"bb68a67e15b83958927af7228d57aa15aad2e36d0718324eb4d88bf342c5a4ce"}
{"t":"2026-10-08T22:14:04.5739363Z","event":"source-exported","name":"ST_HmiRequest","sha256":"20ac776ff8a36635addfdd9189ec9e75bf86daadca01938709dd9e325bfd8251"}
{"t":"2026-10-08T22:14:04.5830563Z","event":"source-exported","name":"ST_HmiResponse","sha256":"1d364a2fe19e0f87357a1ec6f3c18bcb84a88b8ca5850d954e473b716ec676a2"}
{"t":"2026-10-08T22:14:04.5854858Z","event":"source-exported","name":"ST_SpkCylHal","sha256":"7fa9f13e0a6cd6092d534b5b4224876977e9d67a6a0f56427ee28997f52b06a3"}
{"t":"2026-10-08T22:14:04.6010900Z","event":"source-exported","name":"ST_SpkUnitHal","sha256":"c08d782ded274fd603ad9beab81aeb456cf3fc4a225eaaff010f48c5163b3067"}
{"t":"2026-10-08T22:14:04.6010900Z","event":"source-exported","name":"ST_SpkCylinderParCfg","sha256":"a014ae6ea6ddecb0c0221173af2649ca518e177d229f44e8a2ca8e00c469eb68"}
{"t":"2026-10-08T22:14:04.6170954Z","event":"source-exported","name":"ST_SpkCylinderOutImm","sha256":"0ed33469824feb4d69304a384737ac7b67d9b066929b3bf96204311f39cf3d4e"}
{"t":"2026-10-08T22:14:04.6170954Z","event":"source-exported","name":"FRK_TestRow","sha256":"9052f28a3d50d5f6718f871a38928d7a7ddb30acd4bb86c587343548b130fca2"}
{"t":"2026-10-08T22:14:04.6327104Z","event":"source-exported","name":"FRK_TestTable","sha256":"01387e7caf201f1a18b803c6a0dc2dc11383a48dad0ce87842493b57f5358fef"}
{"t":"2026-10-08T22:14:04.6327104Z","event":"plan-complete","steps":8,"tolerated-failures":0}
