{"t":"2026-10-08T22:17:14.6529254Z","event":"tia","mode":"WithoutUserInterface"}
{"t":"2026-10-08T22:17:14.7094470Z","event":"step","command":"open-project","args":"--path C:\\Users\\Siemens\\AppData\\Local\\Fraktal\\TiaStations\\FrkSpikeS2\\FrkSpikeS2.ap20"}
{"t":"2026-10-08T22:17:21.2052548Z","event":"project-opened","path":"C:\\Users\\Siemens\\AppData\\Local\\Fraktal\\TiaStations\\FrkSpikeS2\\FrkSpikeS2.ap20"}
{"t":"2026-10-08T22:17:21.2052548Z","event":"step","command":"download","args":"--plc PLC_1 --pc-interface Intel(R) 82574L Gigabit Network Connection --pc-number 2 --target 1 X1 --confirm-target 192.168.0.10 --user-management keep"}
{"t":"2026-10-08T22:17:26.3222993Z","event":"connection","legacy":false,"configured":true}
{"t":"2026-10-08T22:17:26.4238584Z","event":"download-start","plc":"PLC_1","target":"1 X1","address":"192.168.0.10","options":"Hardware, Software"}
{"t":"2026-10-08T22:17:57.6973385Z","event":"download-question","phase":"pre","type":"StopModules","message":"The modules are stopped for downloading to device.","offered":"NoAction|StopAll","was":"NoAction","answer":"StopAll"}
{"t":"2026-10-08T22:17:57.7106192Z","event":"download-question","phase":"pre","type":"ConsistentBlocksDownload","message":"Download software to device","offered":"ConsistentDownload","was":"ConsistentDownload","answer":"ConsistentDownload"}
{"t":"2026-10-08T22:17:57.7207237Z","event":"download-question","phase":"pre","type":"UserManagementDownload","message":"User management data and access control configuration already exist","offered":"KeepOnlineUserManagementData|UpdateUserManagementDataButKeepOnlinePassword|DownloadAllUserManagementDataResetToProject","was":"KeepOnlineUserManagementData","answer":"KeepOnlineUserManagementData (flag)"}
{"t":"2026-10-08T22:17:57.7289020Z","event":"download-question","phase":"pre","type":"AlarmTextLibrariesDownload","message":"Download all alarm texts and text list texts to device","offered":"ConsistentDownload|NoAction","was":"ConsistentDownload","answer":"ConsistentDownload"}
{"t":"2026-10-08T22:18:08.6918130Z","event":"download-question","phase":"post","type":"StartModules","message":"Start modules after downloading to device.","offered":"NoAction|StartModule","was":"StartModule","answer":"StartModule"}
{"t":"2026-10-08T22:18:10.2263187Z","event":"download","state":"Success","errors":0,"warnings":0}
{"t":"2026-10-08T22:18:10.2330624Z","event":"download-message","depth":0,"state":"Success","text":"PLC_1"}
{"t":"2026-10-08T22:18:10.2330624Z","event":"download-message","depth":1,"state":"Success","text":"Hardware configuration"}
{"t":"2026-10-08T22:18:10.2330624Z","event":"download-message","depth":2,"state":"Success","text":"PLC_1 stopped."}
{"t":"2026-10-08T22:18:10.2330624Z","event":"download-message","depth":2,"state":"Success","text":"PLC_1 started."}
{"t":"2026-10-08T22:18:10.2486330Z","event":"download-message","depth":1,"state":"Success","text":"'ST_Diagnostic' was loaded successfully."}
{"t":"2026-10-08T22:18:10.2486330Z","event":"download-message","depth":1,"state":"Success","text":"'ST_ModuleStatus' was loaded successfully."}
{"t":"2026-10-08T22:18:10.2486330Z","event":"download-message","depth":1,"state":"Success","text":"'FRK_Core' was loaded successfully."}
{"t":"2026-10-08T22:18:10.2486330Z","event":"download-message","depth":1,"state":"Success","text":"'FRK_RegistryRow' was loaded successfully."}
{"t":"2026-10-08T22:18:10.2486330Z","event":"download-message","depth":1,"state":"Success","text":"'ST_StepRecord' was loaded successfully."}
{"t":"2026-10-08T22:18:10.2486330Z","event":"download-message","depth":1,"state":"Success","text":"'FRK_SeqCtx' was loaded successfully."}
{"t":"2026-10-08T22:18:10.2486330Z","event":"download-message","depth":1,"state":"Success","text":"'ST_HmiRequest' was loaded successfully."}
{"t":"2026-10-08T22:18:10.2486330Z","event":"download-message","depth":1,"state":"Success","text":"'ST_HmiResponse' was loaded successfully."}
{"t":"2026-10-08T22:18:10.2641544Z","event":"download-message","depth":1,"state":"Success","text":"'ST_SpkCylHal' was loaded successfully."}
{"t":"2026-10-08T22:18:10.2641544Z","event":"download-message","depth":1,"state":"Success","text":"'ST_SpkUnitHal' was loaded successfully."}
{"t":"2026-10-08T22:18:10.2641544Z","event":"download-message","depth":1,"state":"Success","text":"'ST_SpkCylinderParCfg' was loaded successfully."}
{"t":"2026-10-08T22:18:10.2641544Z","event":"download-message","depth":1,"state":"Success","text":"'ST_SpkCylinderOutImm' was loaded successfully."}
{"t":"2026-10-08T22:18:10.2641544Z","event":"download-message","depth":1,"state":"Success","text":"'FRK_TestRow' was loaded successfully."}
{"t":"2026-10-08T22:18:10.2641544Z","event":"download-message","depth":1,"state":"Success","text":"'FRK_TestTable' was loaded successfully."}
{"t":"2026-10-08T22:18:10.2641544Z","event":"download-message","depth":1,"state":"Success","text":"'FRK_Clock' was loaded successfully."}
{"t":"2026-10-08T22:18:10.2797447Z","event":"download-message","depth":1,"state":"Success","text":"'FRK_Registry' was loaded successfully."}
{"t":"2026-10-08T22:18:10.2797447Z","event":"download-message","depth":1,"state":"Success","text":"'SpkHal' was loaded successfully."}
{"t":"2026-10-08T22:18:10.2797447Z","event":"download-message","depth":1,"state":"Success","text":"'SpkResults' was loaded successfully."}
{"t":"2026-10-08T22:18:10.2862660Z","event":"download-message","depth":1,"state":"Success","text":"'SpikeUnit' was loaded successfully."}
{"t":"2026-10-08T22:18:10.2862660Z","event":"download-message","depth":1,"state":"Success","text":"'SpkScale' was loaded successfully."}
{"t":"2026-10-08T22:18:10.2862660Z","event":"download-message","depth":1,"state":"Success","text":"'SpkMain' was loaded successfully."}
{"t":"2026-10-08T22:18:10.2862660Z","event":"download-message","depth":1,"state":"Success","text":"'FB_SpkCylinderCM' was loaded successfully."}
{"t":"2026-10-08T22:18:10.2862660Z","event":"download-message","depth":1,"state":"Success","text":"'FB_SpkCylinderSim' was loaded successfully."}
{"t":"2026-10-08T22:18:10.2862660Z","event":"download-message","depth":1,"state":"Success","text":"'FB_SpkAutoSeq' was loaded successfully."}
{"t":"2026-10-08T22:18:10.2862660Z","event":"download-message","depth":1,"state":"Success","text":"'FB_SpkUnit' was loaded successfully."}
{"t":"2026-10-08T22:18:10.2862660Z","event":"download-message","depth":1,"state":"Success","text":"'FB_SpkHarness' was loaded successfully."}
{"t":"2026-10-08T22:18:10.3036484Z","event":"download-message","depth":1,"state":"Success","text":"'FB_SpkResultServer' was loaded successfully."}
{"t":"2026-10-08T22:18:10.3057356Z","event":"download-message","depth":1,"state":"Success","text":"'FB_SpkMain' was loaded successfully."}
{"t":"2026-10-08T22:18:10.3072673Z","event":"download-message","depth":1,"state":"Success","text":"'FB_SpkScale' was loaded successfully."}
{"t":"2026-10-08T22:18:10.3107682Z","event":"download-message","depth":1,"state":"Success","text":"'FRK_ClockTick' was loaded successfully."}
{"t":"2026-10-08T22:18:10.3125924Z","event":"download-message","depth":1,"state":"Success","text":"'FRK_SetIdentity' was loaded successfully."}
{"t":"2026-10-08T22:18:10.3146375Z","event":"download-message","depth":1,"state":"Success","text":"'FRK_Fault' was loaded successfully."}
{"t":"2026-10-08T22:18:10.3168741Z","event":"download-message","depth":1,"state":"Success","text":"'FRK_AdoptChild' was loaded successfully."}
{"t":"2026-10-08T22:18:10.3188566Z","event":"download-message","depth":1,"state":"Success","text":"'FRK_Hold' was loaded successfully."}
{"t":"2026-10-08T22:18:10.3215980Z","event":"download-message","depth":1,"state":"Success","text":"'FRK_Complete' was loaded successfully."}
{"t":"2026-10-08T22:18:10.3236439Z","event":"download-message","depth":1,"state":"Success","text":"'FRK_Begin' was loaded successfully."}
{"t":"2026-10-08T22:18:10.3267179Z","event":"download-message","depth":1,"state":"Success","text":"'FRK_End' was loaded successfully."}
{"t":"2026-10-08T22:18:10.3288049Z","event":"download-message","depth":1,"state":"Success","text":"'FRK_Seq_Step' was loaded successfully."}
{"t":"2026-10-08T22:18:10.3305746Z","event":"download-message","depth":1,"state":"Success","text":"'FRK_Seq_TryIssue' was loaded successfully."}
{"t":"2026-10-08T22:18:10.3326138Z","event":"download-message","depth":1,"state":"Success","text":"'FRK_Seq_Await' was loaded successfully."}
{"t":"2026-10-08T22:18:10.3354644Z","event":"download-message","depth":1,"state":"Success","text":"'FRK_Seq_Advance' was loaded successfully."}
{"t":"2026-10-08T22:18:10.3365829Z","event":"download-message","depth":1,"state":"Success","text":"'FRK_TestRecord' was loaded successfully."}
{"t":"2026-10-08T22:18:10.3365829Z","event":"download-message","depth":1,"state":"Success","text":"'TSEND_C' was loaded successfully."}
{"t":"2026-10-08T22:18:10.3365829Z","event":"download-message","depth":1,"state":"Success","text":"'GetSymbolPath' was loaded successfully."}
{"t":"2026-10-08T22:18:10.3365829Z","event":"download-message","depth":1,"state":"Success","text":"'SymbolInformation' was loaded successfully."}
{"t":"2026-10-08T22:18:10.3365829Z","event":"download-message","depth":1,"state":"Success","text":"'SymbolInformationNode' was loaded successfully."}
{"t":"2026-10-08T22:18:10.3365829Z","event":"download-message","depth":1,"state":"Success","text":"'SymbolInformationReference' was loaded successfully."}
{"t":"2026-10-08T22:18:10.3493086Z","event":"download-message","depth":1,"state":"Success","text":"'SymbolInformationLink' was loaded successfully."}
{"t":"2026-10-08T22:18:10.3493086Z","event":"download-message","depth":1,"state":"Success","text":"'Main' was loaded successfully."}
{"t":"2026-10-08T22:18:10.3646194Z","event":"step","command":"online-state","args":"--plc PLC_1 --pc-interface Intel(R) 82574L Gigabit Network Connection --pc-number 2 --target 1 X1"}
{"t":"2026-10-08T22:18:10.4115612Z","event":"connection","legacy":false,"configured":true}
{"t":"2026-10-08T22:18:15.6346870Z","event":"online","state":"Online"}
{"t":"2026-10-08T22:18:16.4189682Z","event":"plan-complete","steps":3,"tolerated-failures":0}
