{"t":"2026-10-08T22:21:57.8769478Z","event":"tia","mode":"WithoutUserInterface"}
{"t":"2026-10-08T22:21:57.9224252Z","event":"step","command":"open-project","args":"--path C:\\Users\\Siemens\\AppData\\Local\\Fraktal\\TiaStations\\FrkSpikeS2\\FrkSpikeS2.ap20"}
{"t":"2026-10-08T22:22:05.1645372Z","event":"project-opened","path":"C:\\Users\\Siemens\\AppData\\Local\\Fraktal\\TiaStations\\FrkSpikeS2\\FrkSpikeS2.ap20"}
{"t":"2026-10-08T22:22:05.1645372Z","event":"step","command":"download","args":"--plc PLC_1 --pc-interface Intel(R) 82574L Gigabit Network Connection --pc-number 2 --target 1 X1 --confirm-target 192.168.0.10 --user-management reset"}
{"t":"2026-10-08T22:22:10.6527883Z","event":"connection","legacy":false,"configured":true}
{"t":"2026-10-08T22:22:10.7415416Z","event":"download-start","plc":"PLC_1","target":"1 X1","address":"192.168.0.10","options":"Hardware, Software"}
{"t":"2026-10-08T22:22:41.2124151Z","event":"download-question","phase":"pre","type":"StopModules","message":"The modules are stopped for downloading to device.","offered":"NoAction|StopAll","was":"NoAction","answer":"StopAll"}
{"t":"2026-10-08T22:22:41.2280062Z","event":"download-question","phase":"pre","type":"ConsistentBlocksDownload","message":"Download software to device","offered":"ConsistentDownload","was":"ConsistentDownload","answer":"ConsistentDownload"}
{"t":"2026-10-08T22:22:41.2280062Z","event":"download-question","phase":"pre","type":"UserManagementDownload","message":"User management data and access control configuration already exist","offered":"KeepOnlineUserManagementData|UpdateUserManagementDataButKeepOnlinePassword|DownloadAllUserManagementDataResetToProject","was":"KeepOnlineUserManagementData","answer":"DownloadAllUserManagementDataResetToProject (flag)"}
{"t":"2026-10-08T22:22:41.2433655Z","event":"download-question","phase":"pre","type":"AlarmTextLibrariesDownload","message":"Download all alarm texts and text list texts to device","offered":"ConsistentDownload|NoAction","was":"ConsistentDownload","answer":"ConsistentDownload"}
{"t":"2026-10-08T22:22:52.7239868Z","event":"download-question","phase":"post","type":"StartModules","message":"Start modules after downloading to device.","offered":"NoAction|StartModule","was":"StartModule","answer":"StartModule"}
{"t":"2026-10-08T22:22:54.3252371Z","event":"download","state":"Success","errors":0,"warnings":0}
{"t":"2026-10-08T22:22:54.3252371Z","event":"download-message","depth":0,"state":"Success","text":"PLC_1"}
{"t":"2026-10-08T22:22:54.3431326Z","event":"download-message","depth":1,"state":"Success","text":"Hardware configuration"}
{"t":"2026-10-08T22:22:54.3454948Z","event":"download-message","depth":2,"state":"Success","text":"PLC_1 stopped."}
{"t":"2026-10-08T22:22:54.3474865Z","event":"download-message","depth":2,"state":"Success","text":"PLC_1 started."}
{"t":"2026-10-08T22:22:54.3490590Z","event":"download-message","depth":1,"state":"Success","text":"'ST_Diagnostic' was loaded successfully."}
{"t":"2026-10-08T22:22:54.3520536Z","event":"download-message","depth":1,"state":"Success","text":"'ST_ModuleStatus' was loaded successfully."}
{"t":"2026-10-08T22:22:54.3541352Z","event":"download-message","depth":1,"state":"Success","text":"'FRK_Core' was loaded successfully."}
{"t":"2026-10-08T22:22:54.3562376Z","event":"download-message","depth":1,"state":"Success","text":"'FRK_RegistryRow' was loaded successfully."}
{"t":"2026-10-08T22:22:54.3579603Z","event":"download-message","depth":1,"state":"Success","text":"'ST_StepRecord' was loaded successfully."}
{"t":"2026-10-08T22:22:54.3610804Z","event":"download-message","depth":1,"state":"Success","text":"'FRK_SeqCtx' was loaded successfully."}
{"t":"2026-10-08T22:22:54.3628095Z","event":"download-message","depth":1,"state":"Success","text":"'ST_HmiRequest' was loaded successfully."}
{"t":"2026-10-08T22:22:54.3651241Z","event":"download-message","depth":1,"state":"Success","text":"'ST_HmiResponse' was loaded successfully."}
{"t":"2026-10-08T22:22:54.3671916Z","event":"download-message","depth":1,"state":"Success","text":"'ST_SpkCylHal' was loaded successfully."}
{"t":"2026-10-08T22:22:54.3698805Z","event":"download-message","depth":1,"state":"Success","text":"'ST_SpkUnitHal' was loaded successfully."}
{"t":"2026-10-08T22:22:54.3719262Z","event":"download-message","depth":1,"state":"Success","text":"'ST_SpkCylinderParCfg' was loaded successfully."}
{"t":"2026-10-08T22:22:54.3741898Z","event":"download-message","depth":1,"state":"Success","text":"'ST_SpkCylinderOutImm' was loaded successfully."}
{"t":"2026-10-08T22:22:54.3771315Z","event":"download-message","depth":1,"state":"Success","text":"'FRK_TestRow' was loaded successfully."}
{"t":"2026-10-08T22:22:54.3789059Z","event":"download-message","depth":1,"state":"Success","text":"'FRK_TestTable' was loaded successfully."}
{"t":"2026-10-08T22:22:54.3811086Z","event":"download-message","depth":1,"state":"Success","text":"'FRK_Clock' was loaded successfully."}
{"t":"2026-10-08T22:22:54.3811086Z","event":"download-message","depth":1,"state":"Success","text":"'FRK_Registry' was loaded successfully."}
{"t":"2026-10-08T22:22:54.3811086Z","event":"download-message","depth":1,"state":"Success","text":"'SpkHal' was loaded successfully."}
{"t":"2026-10-08T22:22:54.3881470Z","event":"download-message","depth":1,"state":"Success","text":"'SpkResults' was loaded successfully."}
{"t":"2026-10-08T22:22:54.3881470Z","event":"download-message","depth":1,"state":"Success","text":"'SpikeUnit' was loaded successfully."}
{"t":"2026-10-08T22:22:54.3881470Z","event":"download-message","depth":1,"state":"Success","text":"'SpkScale' was loaded successfully."}
{"t":"2026-10-08T22:22:54.3881470Z","event":"download-message","depth":1,"state":"Success","text":"'SpkMain' was loaded successfully."}
{"t":"2026-10-08T22:22:54.3881470Z","event":"download-message","depth":1,"state":"Success","text":"'FB_SpkCylinderCM' was loaded successfully."}
{"t":"2026-10-08T22:22:54.3881470Z","event":"download-message","depth":1,"state":"Success","text":"'FB_SpkCylinderSim' was loaded successfully."}
{"t":"2026-10-08T22:22:54.3881470Z","event":"download-message","depth":1,"state":"Success","text":"'FB_SpkAutoSeq' was loaded successfully."}
{"t":"2026-10-08T22:22:54.3881470Z","event":"download-message","depth":1,"state":"Success","text":"'FB_SpkUnit' was loaded successfully."}
{"t":"2026-10-08T22:22:54.4037232Z","event":"download-message","depth":1,"state":"Success","text":"'FB_SpkHarness' was loaded successfully."}
{"t":"2026-10-08T22:22:54.4037232Z","event":"download-message","depth":1,"state":"Success","text":"'FB_SpkResultServer' was loaded successfully."}
{"t":"2026-10-08T22:22:54.4037232Z","event":"download-message","depth":1,"state":"Success","text":"'FB_SpkMain' was loaded successfully."}
{"t":"2026-10-08T22:22:54.4037232Z","event":"download-message","depth":1,"state":"Success","text":"'FB_SpkScale' was loaded successfully."}
{"t":"2026-10-08T22:22:54.4037232Z","event":"download-message","depth":1,"state":"Success","text":"'FRK_ClockTick' was loaded successfully."}
{"t":"2026-10-08T22:22:54.4156649Z","event":"download-message","depth":1,"state":"Success","text":"'FRK_SetIdentity' was loaded successfully."}
{"t":"2026-10-08T22:22:54.4171858Z","event":"download-message","depth":1,"state":"Success","text":"'FRK_Fault' was loaded successfully."}
{"t":"2026-10-08T22:22:54.4171858Z","event":"download-message","depth":1,"state":"Success","text":"'FRK_AdoptChild' was loaded successfully."}
{"t":"2026-10-08T22:22:54.4171858Z","event":"download-message","depth":1,"state":"Success","text":"'FRK_Hold' was loaded successfully."}
{"t":"2026-10-08T22:22:54.4171858Z","event":"download-message","depth":1,"state":"Success","text":"'FRK_Complete' was loaded successfully."}
{"t":"2026-10-08T22:22:54.4171858Z","event":"download-message","depth":1,"state":"Success","text":"'FRK_Begin' was loaded successfully."}
{"t":"2026-10-08T22:22:54.4171858Z","event":"download-message","depth":1,"state":"Success","text":"'FRK_End' was loaded successfully."}
{"t":"2026-10-08T22:22:54.4171858Z","event":"download-message","depth":1,"state":"Success","text":"'FRK_Seq_Step' was loaded successfully."}
{"t":"2026-10-08T22:22:54.4171858Z","event":"download-message","depth":1,"state":"Success","text":"'FRK_Seq_TryIssue' was loaded successfully."}
{"t":"2026-10-08T22:22:54.4333272Z","event":"download-message","depth":1,"state":"Success","text":"'FRK_Seq_Await' was loaded successfully."}
{"t":"2026-10-08T22:22:54.4333272Z","event":"download-message","depth":1,"state":"Success","text":"'FRK_Seq_Advance' was loaded successfully."}
{"t":"2026-10-08T22:22:54.4333272Z","event":"download-message","depth":1,"state":"Success","text":"'FRK_TestRecord' was loaded successfully."}
{"t":"2026-10-08T22:22:54.4333272Z","event":"download-message","depth":1,"state":"Success","text":"'TSEND_C' was loaded successfully."}
{"t":"2026-10-08T22:22:54.4333272Z","event":"download-message","depth":1,"state":"Success","text":"'GetSymbolPath' was loaded successfully."}
{"t":"2026-10-08T22:22:54.4333272Z","event":"download-message","depth":1,"state":"Success","text":"'SymbolInformation' was loaded successfully."}
{"t":"2026-10-08T22:22:54.4489021Z","event":"download-message","depth":1,"state":"Success","text":"'SymbolInformationNode' was loaded successfully."}
{"t":"2026-10-08T22:22:54.4489021Z","event":"download-message","depth":1,"state":"Success","text":"'SymbolInformationReference' was loaded successfully."}
{"t":"2026-10-08T22:22:54.4489021Z","event":"download-message","depth":1,"state":"Success","text":"'SymbolInformationLink' was loaded successfully."}
{"t":"2026-10-08T22:22:54.4489021Z","event":"download-message","depth":1,"state":"Success","text":"'Main' was loaded successfully."}
{"t":"2026-10-08T22:22:54.4645624Z","event":"step","command":"online-state","args":"--plc PLC_1 --pc-interface Intel(R) 82574L Gigabit Network Connection --pc-number 2 --target 1 X1"}
{"t":"2026-10-08T22:22:54.4955928Z","event":"connection","legacy":false,"configured":true}
{"t":"2026-10-08T22:22:59.6948567Z","event":"online","state":"Online"}
{"t":"2026-10-08T22:23:00.4388214Z","event":"plan-complete","steps":3,"tolerated-failures":0}
