{"t":"2026-10-08T22:36:56.4275561Z","event":"tia","mode":"WithoutUserInterface"}
{"t":"2026-10-08T22:36:56.4620089Z","event":"step","command":"open-project","args":"--path C:\\Users\\Siemens\\AppData\\Local\\Fraktal\\TiaStations\\FrkSpikeS2\\FrkSpikeS2.ap20"}
{"t":"2026-10-08T22:37:03.3793862Z","event":"project-opened","path":"C:\\Users\\Siemens\\AppData\\Local\\Fraktal\\TiaStations\\FrkSpikeS2\\FrkSpikeS2.ap20"}
{"t":"2026-10-08T22:37:03.3793862Z","event":"step","command":"delete-blocks","args":"--plc PLC_1"}
{"t":"2026-10-08T22:37:05.4430563Z","event":"block-deleted","name":"FRK_Clock"}
{"t":"2026-10-08T22:37:07.1016947Z","event":"block-deleted","name":"FRK_Registry"}
{"t":"2026-10-08T22:37:07.1427901Z","event":"block-deleted","name":"SpkHal"}
{"t":"2026-10-08T22:37:07.1584140Z","event":"block-deleted","name":"SpkResults"}
{"t":"2026-10-08T22:37:07.2244939Z","event":"block-deleted","name":"FRK_ClockTick"}
{"t":"2026-10-08T22:37:07.4170615Z","event":"block-deleted","name":"FRK_SetIdentity"}
{"t":"2026-10-08T22:37:07.4634921Z","event":"block-deleted","name":"FRK_Fault"}
{"t":"2026-10-08T22:37:07.4690121Z","event":"block-deleted","name":"FRK_AdoptChild"}
{"t":"2026-10-08T22:37:07.5010952Z","event":"block-deleted","name":"FRK_Hold"}
{"t":"2026-10-08T22:37:07.5160964Z","event":"block-deleted","name":"FRK_Complete"}
{"t":"2026-10-08T22:37:07.5231517Z","event":"block-deleted","name":"FRK_Begin"}
{"t":"2026-10-08T22:37:07.5443146Z","event":"block-deleted","name":"FRK_End"}
{"t":"2026-10-08T22:37:07.5614673Z","event":"block-deleted","name":"FRK_Seq_Step"}
{"t":"2026-10-08T22:37:07.5710420Z","event":"block-deleted","name":"FRK_Seq_TryIssue"}
{"t":"2026-10-08T22:37:07.5857899Z","event":"block-deleted","name":"FRK_Seq_Await"}
{"t":"2026-10-08T22:37:07.5857899Z","event":"block-deleted","name":"FRK_Seq_Advance"}
{"t":"2026-10-08T22:37:07.6091380Z","event":"block-deleted","name":"FB_SpkCylinderCM"}
{"t":"2026-10-08T22:37:07.6334943Z","event":"block-deleted","name":"FB_SpkCylinderSim"}
{"t":"2026-10-08T22:37:07.6491987Z","event":"block-deleted","name":"FB_SpkAutoSeq"}
{"t":"2026-10-08T22:37:07.6804553Z","event":"block-deleted","name":"FB_SpkUnit"}
{"t":"2026-10-08T22:37:07.7272477Z","event":"block-deleted","name":"SpikeUnit"}
{"t":"2026-10-08T22:37:07.7582650Z","event":"block-deleted","name":"FRK_TestRecord"}
{"t":"2026-10-08T22:37:07.7946918Z","event":"block-deleted","name":"FB_SpkHarness"}
{"t":"2026-10-08T22:37:07.8181479Z","event":"block-deleted","name":"FB_SpkResultServer"}
{"t":"2026-10-08T22:37:07.8507654Z","event":"block-deleted","name":"FB_SpkMain"}
{"t":"2026-10-08T22:37:07.8663348Z","event":"block-deleted","name":"FB_SpkScale"}
{"t":"2026-10-08T22:37:07.8818682Z","event":"block-deleted","name":"SpkScale"}
{"t":"2026-10-08T22:37:07.9287310Z","event":"block-deleted","name":"SpkMain"}
{"t":"2026-10-08T22:37:07.9914567Z","event":"block-deleted","name":"Main"}
{"t":"2026-10-08T22:37:08.0663979Z","event":"type-deleted","name":"ST_Diagnostic"}
{"t":"2026-10-08T22:37:08.0819774Z","event":"type-deleted","name":"ST_ModuleStatus"}
{"t":"2026-10-08T22:37:08.0975575Z","event":"type-deleted","name":"FRK_Core"}
{"t":"2026-10-08T22:37:08.1131044Z","event":"type-deleted","name":"FRK_RegistryRow"}
{"t":"2026-10-08T22:37:08.1131044Z","event":"type-deleted","name":"ST_StepRecord"}
{"t":"2026-10-08T22:37:08.1286634Z","event":"type-deleted","name":"FRK_SeqCtx"}
{"t":"2026-10-08T22:37:08.1529216Z","event":"type-deleted","name":"ST_HmiRequest"}
{"t":"2026-10-08T22:37:08.1609965Z","event":"type-deleted","name":"ST_HmiResponse"}
{"t":"2026-10-08T22:37:08.1699202Z","event":"type-deleted","name":"ST_SpkCylHal"}
{"t":"2026-10-08T22:37:08.1790626Z","event":"type-deleted","name":"ST_SpkUnitHal"}
{"t":"2026-10-08T22:37:08.1807114Z","event":"type-deleted","name":"ST_SpkCylinderParCfg"}
{"t":"2026-10-08T22:37:08.1912588Z","event":"type-deleted","name":"ST_SpkCylinderOutImm"}
{"t":"2026-10-08T22:37:08.2069601Z","event":"type-deleted","name":"FRK_TestRow"}
{"t":"2026-10-08T22:37:08.2069601Z","event":"type-deleted","name":"FRK_TestTable"}
{"t":"2026-10-08T22:37:08.3624370Z","event":"step","command":"import-sources","args":"--plc PLC_1 --dir C:\\Projects\\Fraktal\\FraktalCore\\PLC\\Siemens\\Spikes\\S2_Shape --keep-on-error true"}
{"t":"2026-10-08T22:37:13.4872764Z","event":"source-generated","file":"00_01_ST_Diagnostic.udt","sha256":"502b89df7508b805e63e50421f5b1aa98952b72c522414e43cf63b491ca84b48"}
{"t":"2026-10-08T22:37:13.8413617Z","event":"source-generated","file":"00_02_ST_ModuleStatus.udt","sha256":"ad0447cff4b3f80a0e53308aa74617ff4af4569cc8cabd20db5d2168b4f1532e"}
{"t":"2026-10-08T22:37:13.8912224Z","event":"source-generated","file":"00_03_FRK_Core.udt","sha256":"178822d4fa404e4a65c55c5f97633e7d8ea520c2d743e2c7cf2821fb3e679cc4"}
{"t":"2026-10-08T22:37:13.9534214Z","event":"source-generated","file":"00_04_FRK_RegistryRow.udt","sha256":"d66f219050f304ec144613f7cfac205fd549214970b8503106ae5e5f9b46a5ec"}
{"t":"2026-10-08T22:37:14.0004375Z","event":"source-generated","file":"00_05_ST_StepRecord.udt","sha256":"31fb7a4251c235e199efa9b97e643c9771b48cf10afcdffda634ea9872d15d89"}
{"t":"2026-10-08T22:37:14.0837745Z","event":"source-generated","file":"00_06_FRK_SeqCtx.udt","sha256":"a469f588877ff61c24066e6ef39ebad207d0c62c4290ba58691fa0f881e1d7ec"}
{"t":"2026-10-08T22:37:14.1280077Z","event":"source-generated","file":"00_07_ST_HmiRequest.udt","sha256":"2d7b687652a3b2f2efd61e387c2c19ec3725c2399a624c9c0512c45d01d87583"}
{"t":"2026-10-08T22:37:14.1677656Z","event":"source-generated","file":"00_08_ST_HmiResponse.udt","sha256":"52f74df3ec802100f4356ac4c0fbdfdd860fdabef6076b867ff9e11f91d06c7d"}
{"t":"2026-10-08T22:37:14.2089464Z","event":"source-generated","file":"00_09_ST_SpkCylHal.udt","sha256":"2d8c1ccbdef5e30c5a482ee0a49ad31bada0b08ef9761cd4295e8d42ae1ac4d2"}
{"t":"2026-10-08T22:37:14.2510098Z","event":"source-generated","file":"00_10_ST_SpkUnitHal.udt","sha256":"0d9466de2b7cd764722c1fcc6d653ffea88bbc1752728d27984ee8c388129a0e"}
{"t":"2026-10-08T22:37:14.2909333Z","event":"source-generated","file":"00_11_ST_SpkCylinderParCfg.udt","sha256":"c26386dce9598ddcea8276be7b55f1f24871b05da95b82b68f4294ec401c98a1"}
{"t":"2026-10-08T22:37:14.3268828Z","event":"source-generated","file":"00_12_ST_SpkCylinderOutImm.udt","sha256":"2941e9c966f9ca2690b314ffdedc3fa85b130bfd3a2e0c68f8dcbe4cd359dc93"}
{"t":"2026-10-08T22:37:14.3631050Z","event":"source-generated","file":"00_13_FRK_TestRow.udt","sha256":"84485ff9ca578e7bd47d7ee4eb6a1d33ebddcda0850d0016802d99451eb8fbbe"}
{"t":"2026-10-08T22:37:14.4959253Z","event":"source-generated","file":"00_14_FRK_TestTable.udt","sha256":"78734aaa430e83ee9dd28914c02c32127042cf494724b3ca942447cc347d8b00"}
{"t":"2026-10-08T22:37:15.1711562Z","event":"source-generated","file":"05_GlobalData.db","sha256":"1190e32e4a735b413434ddb416ac1390f7c16caa4d663a253220cbdaededba3f"}
{"t":"2026-10-08T22:37:17.0820090Z","event":"source-generated","file":"10_Lifecycle.scl","sha256":"04c641f61266037a4b90f8d72832c8f842af83023117725af0610f57e39466a3"}
{"t":"2026-10-08T22:37:17.2425437Z","event":"source-generated","file":"20_Sequence.scl","sha256":"76c9e2f4030fafd9b818cb0387f8a6aa0a7a9db15e0c820dd74b1e066ebec675"}
{"t":"2026-10-08T22:37:17.4213157Z","event":"source-generated","file":"30_CylinderCM.scl","sha256":"927eb4caeca2b986591e5d02ac0a163a612257befa1a7e58dacea6338c5865ab"}
{"t":"2026-10-08T22:37:17.4963390Z","event":"source-generated","file":"40_AutoSeq.scl","sha256":"df7d48e3b1a67a3f825b0203198a6f44d6ab5d7522b5c77f65b4fe425b0035cd"}
{"t":"2026-10-08T22:37:17.5999287Z","event":"source-generated","file":"50_Unit.scl","sha256":"99a2aed1fa171ad223d50862bee864a21153030e208de7c0d9e221ccae9c9ef9"}
{"t":"2026-10-08T22:37:18.0173356Z","event":"source-generated","file":"55_UnitInstance.db","sha256":"d45db80c679fb6cb80c826e4b28528340ee6b56855df85b6ffda04070b63e924"}
{"t":"2026-10-08T22:37:18.1878099Z","event":"source-generated","file":"60_Harness.scl","sha256":"b8f454d55a4f587e6a1023f934c246272c5a814cbc1d820f14d969ce9fe794d8"}
{"t":"2026-10-08T22:37:18.4858856Z","event":"source-generated","file":"65_ResultServer.scl","sha256":"fba64a4b7cf0fded61729ac4989a335eecaee6591197c6b099f2d9b625dde9cc"}
{"t":"2026-10-08T22:37:18.5364510Z","event":"source-generated","file":"70_Main.scl","sha256":"e1d1e03a6456758b7daaf1bc0b86bf2359a1a4e4c9202bc0582cfd4b9a5ca08a"}
{"t":"2026-10-08T22:37:18.6155468Z","event":"source-generated","file":"75_MainInstance.db","sha256":"cddb9171cb05e7d36f740b29a208d5ee6e098ba1c527d3f38378adebc6aa8102"}
{"t":"2026-10-08T22:37:19.9436537Z","event":"source-generated","file":"80_OB1.scl","sha256":"7978285018d2afc7a2e34609dc5d103759cda2c3f2f3bbea3f2c434c48497d12"}
{"t":"2026-10-08T22:37:19.9436537Z","event":"step","command":"compile","args":"--plc PLC_1"}
{"t":"2026-10-08T22:37:23.7728206Z","event":"compile","state":"Success","errors":0,"warnings":0}
{"t":"2026-10-08T22:37:23.7810826Z","event":"compile-message","depth":0,"state":"Success","path":"PLC_1","text":""}
{"t":"2026-10-08T22:37:23.7842157Z","event":"compile-message","depth":1,"state":"Success","path":"PLC data types","text":""}
{"t":"2026-10-08T22:37:23.8210117Z","event":"compile-message","depth":1,"state":"Success","path":"Program blocks","text":""}
{"t":"2026-10-08T22:37:23.8726807Z","event":"compile-message","depth":0,"state":"Success","path":null,"text":"Compiling finished (errors: 0; warnings: 0)"}
{"t":"2026-10-08T22:37:23.8745138Z","event":"step","command":"compile","args":"--plc PLC_1 --hw true"}
{"t":"2026-10-08T22:37:25.5682853Z","event":"compile","state":"Success","errors":0,"warnings":0}
{"t":"2026-10-08T22:37:25.5714174Z","event":"compile-message","depth":0,"state":"Information","path":"PLC_1","text":""}
{"t":"2026-10-08T22:37:25.5752407Z","event":"compile-message","depth":1,"state":"Information","path":"Hardware configuration","text":""}
{"t":"2026-10-08T22:37:25.5774471Z","event":"compile-message","depth":2,"state":"Information","path":null,"text":"Hardware was not compiled. The configuration is up-to-date."}
{"t":"2026-10-08T22:37:25.5812187Z","event":"compile-message","depth":0,"state":"Success","path":null,"text":"Compiling finished (errors: 0; warnings: 0)"}
{"t":"2026-10-08T22:37:25.5823682Z","event":"step","command":"list-blocks","args":"--plc PLC_1"}
{"t":"2026-10-08T22:37:25.6063785Z","event":"block","name":"FRK_Clock","number":1,"kind":"GlobalDB","language":"DB"}
{"t":"2026-10-08T22:37:25.6084692Z","event":"block","name":"FRK_Registry","number":2,"kind":"GlobalDB","language":"DB"}
{"t":"2026-10-08T22:37:25.6095389Z","event":"block","name":"SpkHal","number":3,"kind":"GlobalDB","language":"DB"}
{"t":"2026-10-08T22:37:25.6105640Z","event":"block","name":"SpkResults","number":4,"kind":"GlobalDB","language":"DB"}
{"t":"2026-10-08T22:37:25.6122066Z","event":"block","name":"FRK_ClockTick","number":1,"kind":"FC","language":"SCL"}
{"t":"2026-10-08T22:37:25.6132269Z","event":"block","name":"FRK_SetIdentity","number":2,"kind":"FC","language":"SCL"}
{"t":"2026-10-08T22:37:25.6144627Z","event":"block","name":"FRK_Fault","number":3,"kind":"FC","language":"SCL"}
{"t":"2026-10-08T22:37:25.6154738Z","event":"block","name":"FRK_AdoptChild","number":4,"kind":"FC","language":"SCL"}
{"t":"2026-10-08T22:37:25.6174429Z","event":"block","name":"FRK_Hold","number":5,"kind":"FC","language":"SCL"}
{"t":"2026-10-08T22:37:25.6184651Z","event":"block","name":"FRK_Complete","number":6,"kind":"FC","language":"SCL"}
{"t":"2026-10-08T22:37:25.6194737Z","event":"block","name":"FRK_Begin","number":7,"kind":"FC","language":"SCL"}
{"t":"2026-10-08T22:37:25.6215133Z","event":"block","name":"FRK_End","number":8,"kind":"FC","language":"SCL"}
{"t":"2026-10-08T22:37:25.6228774Z","event":"block","name":"FRK_Seq_Step","number":9,"kind":"FC","language":"SCL"}
{"t":"2026-10-08T22:37:25.6228774Z","event":"block","name":"FRK_Seq_TryIssue","number":10,"kind":"FC","language":"SCL"}
{"t":"2026-10-08T22:37:25.6228774Z","event":"block","name":"FRK_Seq_Await","number":11,"kind":"FC","language":"SCL"}
{"t":"2026-10-08T22:37:25.6252950Z","event":"block","name":"FRK_Seq_Advance","number":12,"kind":"FC","language":"SCL"}
{"t":"2026-10-08T22:37:25.6252950Z","event":"block","name":"FB_SpkCylinderCM","number":1,"kind":"FB","language":"SCL"}
{"t":"2026-10-08T22:37:25.6252950Z","event":"block","name":"FB_SpkCylinderSim","number":2,"kind":"FB","language":"SCL"}
{"t":"2026-10-08T22:37:25.6252950Z","event":"block","name":"FB_SpkAutoSeq","number":3,"kind":"FB","language":"SCL"}
{"t":"2026-10-08T22:37:25.6252950Z","event":"block","name":"FB_SpkUnit","number":4,"kind":"FB","language":"SCL"}
{"t":"2026-10-08T22:37:25.6252950Z","event":"block","name":"SpikeUnit","number":5,"kind":"InstanceDB","language":"DB"}
{"t":"2026-10-08T22:37:25.6252950Z","event":"block","name":"FRK_TestRecord","number":13,"kind":"FC","language":"SCL"}
{"t":"2026-10-08T22:37:25.6252950Z","event":"block","name":"FB_SpkHarness","number":5,"kind":"FB","language":"SCL"}
{"t":"2026-10-08T22:37:25.6252950Z","event":"block","name":"FB_SpkResultServer","number":6,"kind":"FB","language":"SCL"}
{"t":"2026-10-08T22:37:25.6252950Z","event":"block","name":"FB_SpkMain","number":7,"kind":"FB","language":"SCL"}
{"t":"2026-10-08T22:37:25.6252950Z","event":"block","name":"SpkMain","number":6,"kind":"InstanceDB","language":"DB"}
{"t":"2026-10-08T22:37:25.6252950Z","event":"block","name":"Main","number":1,"kind":"OB","language":"SCL"}
{"t":"2026-10-08T22:37:25.6414808Z","event":"step","command":"save","args":""}
{"t":"2026-10-08T22:37:25.8303000Z","event":"saved","path":"C:\\Users\\Siemens\\AppData\\Local\\Fraktal\\TiaStations\\FrkSpikeS2\\FrkSpikeS2.ap20"}
{"t":"2026-10-08T22:37:25.8303000Z","event":"step","command":"export","args":"--plc PLC_1 --out C:\\Users\\Siemens\\AppData\\Local\\Fraktal\\TiaStations\\FrkSpikeS2_export --scl true"}
{"t":"2026-10-08T22:37:26.2173463Z","event":"exported","name":"FRK_Clock","language":"DB","sha256":"af3ae7886dc0f82fb4ae6d8c4c0602708bec9ef35d49ac68702ecc2725bbbaae"}
{"t":"2026-10-08T22:37:26.2757191Z","event":"exported","name":"FRK_Registry","language":"DB","sha256":"faed866ba886537a6291e4bdae46695a42cf301f1986cc223a2c3173e2dee0aa"}
{"t":"2026-10-08T22:37:26.3078636Z","event":"exported","name":"SpkHal","language":"DB","sha256":"829a20a1d01d98bfdaada319528acb23ccf4be296db69579e8e44c4e9710e378"}
{"t":"2026-10-08T22:37:26.3269130Z","event":"exported","name":"SpkResults","language":"DB","sha256":"ebb6e83448887a3305157c408200e4c3036829a4ea4a35d3a4ec8fdfe0455eca"}
{"t":"2026-10-08T22:37:26.5464068Z","event":"exported","name":"FRK_ClockTick","language":"SCL","sha256":"80833c2264171aa89d6a4d0d844726c4655eced3e2268b364eae959a4aff789b"}
{"t":"2026-10-08T22:37:26.5828886Z","event":"exported","name":"FRK_SetIdentity","language":"SCL","sha256":"c58721979723ed29fc443f409a12c952cfe85123a3569e07917d336870cb068a"}
{"t":"2026-10-08T22:37:26.6185006Z","event":"exported","name":"FRK_Fault","language":"SCL","sha256":"1f4eefd0d2d4bb87e7377e6ee192d4ba63854dcb38d452cc13d24812a33c0db0"}
{"t":"2026-10-08T22:37:26.6708428Z","event":"exported","name":"FRK_AdoptChild","language":"SCL","sha256":"fe09370eed22e181094256a551155c9f3022c68133164c5822d5ab674b2b87d7"}
{"t":"2026-10-08T22:37:26.6894687Z","event":"exported","name":"FRK_Hold","language":"SCL","sha256":"d47c56577045768016e7c19ef20530ce7eb024bb630150911225d65239ea1fe6"}
{"t":"2026-10-08T22:37:26.7205239Z","event":"exported","name":"FRK_Complete","language":"SCL","sha256":"031b52cef761d4b8fa8101df9b6ae4115930531ba0f8c1cc8f7986d15764a07b"}
{"t":"2026-10-08T22:37:26.7647264Z","event":"exported","name":"FRK_Begin","language":"SCL","sha256":"6fb5c64c5af75b8b10e5b57bd4b720f7bee7345af29421a155e0cfb41c2d4a7a"}
{"t":"2026-10-08T22:37:26.8032752Z","event":"exported","name":"FRK_End","language":"SCL","sha256":"4f2ae44f4cf6eacee24f4d72cecd86349f09bccc8da8bab14dbb9026e331a8c8"}
{"t":"2026-10-08T22:37:26.8350361Z","event":"exported","name":"FRK_Seq_Step","language":"SCL","sha256":"20e13375c3ff8aa134be1d9af44552888405cada2e390fa39ef78174df07a1de"}
{"t":"2026-10-08T22:37:26.8663873Z","event":"exported","name":"FRK_Seq_TryIssue","language":"SCL","sha256":"f9e48a75c0300ed81a2b2876c8c5782bdfdca979c388bc1fafdcb2a661f29cae"}
{"t":"2026-10-08T22:37:26.8948664Z","event":"exported","name":"FRK_Seq_Await","language":"SCL","sha256":"8bbde4ee0a978439457fada68d49dd38f95d60157f7ccb1a68a63d8143d65333"}
{"t":"2026-10-08T22:37:26.9129519Z","event":"exported","name":"FRK_Seq_Advance","language":"SCL","sha256":"e04372498de959570420d8b2b980af722b4a86e540df195241d2067fbb68579a"}
{"t":"2026-10-08T22:37:26.9445115Z","event":"exported","name":"FB_SpkCylinderCM","language":"SCL","sha256":"bb703197652d00d7526614e6ebff64bacc14b6d776e6d3403c2d7379ce6b2a08"}
{"t":"2026-10-08T22:37:26.9753432Z","event":"exported","name":"FB_SpkCylinderSim","language":"SCL","sha256":"ee32cecd2e2f603e667dffcacbe8bdc611dc172d70b392c30feb4a2a78c951e6"}
{"t":"2026-10-08T22:37:27.0168291Z","event":"exported","name":"FB_SpkAutoSeq","language":"SCL","sha256":"114ca9efff96b664c6c283c1eb902eaba0cc1552663e1de7f1758d7e3aea3ccd"}
{"t":"2026-10-08T22:37:27.0525879Z","event":"exported","name":"FB_SpkUnit","language":"SCL","sha256":"ea4d06515c9cf5c465f75ac67ef2a0982a770189050b80638bc04ce0606e9e6b"}
{"t":"2026-10-08T22:37:27.0780548Z","event":"exported","name":"SpikeUnit","language":"DB","sha256":"3d32cd5f117d12480be1320dbcb799e24ac76bc07e47753d567820afb8cd4af1"}
{"t":"2026-10-08T22:37:27.1094840Z","event":"exported","name":"FRK_TestRecord","language":"SCL","sha256":"e9e9483223fd65843fd2db8bd9f8a3e93ae4016f68df61495c5e00ba745c4c87"}
{"t":"2026-10-08T22:37:27.1580800Z","event":"exported","name":"FB_SpkHarness","language":"SCL","sha256":"41b783e7bdc9687ceeab7064c0cdc2ce308eaa2213e9a8044ec8713ec2489adb"}
{"t":"2026-10-08T22:37:27.1892756Z","event":"exported","name":"FB_SpkResultServer","language":"SCL","sha256":"8bae7f6b5aacd94b34175ac94fdc571e8e5824cfdadea1245f48f7684f7f384a"}
{"t":"2026-10-08T22:37:27.2439267Z","event":"exported","name":"FB_SpkMain","language":"SCL","sha256":"ea1b91dfc1e2fcb76c2ff9cf08c19798f6f1365e602cf711934c4b0fe2432be4"}
{"t":"2026-10-08T22:37:27.2691665Z","event":"exported","name":"SpkMain","language":"DB","sha256":"7787de65dcbd577874dcbc05f51466d45871cb3399ca164d878a206cdae277d0"}
{"t":"2026-10-08T22:37:27.3160209Z","event":"exported","name":"Main","language":"SCL","sha256":"b8851deb4ec9904f0348a1ccccdab877d5b0eb144d32d560e7fff4721b067dec"}
{"t":"2026-10-08T22:37:27.6408040Z","event":"source-exported","name":"FRK_Clock","sha256":"1ecf89198f1560cf7e488994b7f63dc05a6577a68263e84b853648fb62f8d46e"}
{"t":"2026-10-08T22:37:27.6408040Z","event":"source-exported","name":"FRK_Registry","sha256":"a7631d3b75570c02f1c82a6fcd63ae21d63915cffc4a270a8b14be41d1c29745"}
{"t":"2026-10-08T22:37:27.6558058Z","event":"source-exported","name":"SpkHal","sha256":"354db4be047f6efd14d359d1127e8e435bc77fe6b2b0609dbd9885026bc8f898"}
{"t":"2026-10-08T22:37:27.6558058Z","event":"source-exported","name":"SpkResults","sha256":"e5a561ee53a815b9621665fc1d4ae1ce7319041249bc60371ad63292e821d435"}
{"t":"2026-10-08T22:37:27.6871617Z","event":"source-exported","name":"FRK_ClockTick","sha256":"6f28fd08d4f4e1705e1ca374359dd571427f01c8e1c6dcf94a5c52a447e84492"}
{"t":"2026-10-08T22:37:27.7112519Z","event":"source-exported","name":"FRK_SetIdentity","sha256":"2fd3b28059d7a95449cde9f11909b55adbe3c2bfda59787a706b768f0dd81365"}
{"t":"2026-10-08T22:37:27.7205949Z","event":"source-exported","name":"FRK_Fault","sha256":"9cdb8ca16a0503b10f61daa8c5df594b9b1d5b1f82551a74c4b836683e3b70c3"}
{"t":"2026-10-08T22:37:27.7277641Z","event":"source-exported","name":"FRK_AdoptChild","sha256":"391c6cbba78523a16e444cee709d4ad5d69da361633771755506007354328988"}
{"t":"2026-10-08T22:37:27.7343833Z","event":"source-exported","name":"FRK_Hold","sha256":"9256ee9d9184b53508a775b42c73d17734e5735b09da4bb313b4ca91de261d99"}
{"t":"2026-10-08T22:37:27.7543289Z","event":"source-exported","name":"FRK_Complete","sha256":"11f0ec97ae2bbebf9e0bae42b76feaa1a01efc5f188233d62cb6e60231a65b66"}
{"t":"2026-10-08T22:37:27.8717601Z","event":"source-exported","name":"FRK_Begin","sha256":"a5e1267f45871394352cf2a0d0f010be908e6a0c117dbf395bd177218e207e0f"}
{"t":"2026-10-08T22:37:27.8878170Z","event":"source-exported","name":"FRK_End","sha256":"3cdb7ac2413d888b1a204572d3214b755fc2f547e687c2da8f8821c98ac87b30"}
{"t":"2026-10-08T22:37:27.8878170Z","event":"source-exported","name":"FRK_Seq_Step","sha256":"f209e90c09f7525b5f08a59fffae7b84fc081d2504e81cc84d2ca02b92a4407b"}
{"t":"2026-10-08T22:37:27.9030691Z","event":"source-exported","name":"FRK_Seq_TryIssue","sha256":"255939ea1f9810a7ea2c6833cea0df717d562077ab8a891ed0d94674a784f548"}
{"t":"2026-10-08T22:37:27.9030691Z","event":"source-exported","name":"FRK_Seq_Await","sha256":"8dac058343b0ddb0b03921a295fec36de687520b3c6b215b74c8a24b3d928954"}
{"t":"2026-10-08T22:37:27.9190692Z","event":"source-exported","name":"FRK_Seq_Advance","sha256":"18f5da87cd649601c50a68cf339486df491c1143a3ef3e90eec9933abb23ef93"}
{"t":"2026-10-08T22:37:27.9346573Z","event":"source-exported","name":"FB_SpkCylinderCM","sha256":"a2f4b10b0e1977c315229bb6e2e5a700d02c662c88828e216b736e3bb79085be"}
{"t":"2026-10-08T22:37:27.9346573Z","event":"source-exported","name":"FB_SpkCylinderSim","sha256":"1b3229d6f9a4f031b9f241e80acc3be2f081c968faf561859e1a4b788079bc12"}
{"t":"2026-10-08T22:37:27.9564684Z","event":"source-exported","name":"FB_SpkAutoSeq","sha256":"c820e7dd37982f7c4b47467897cc874af13dff77b485a171508460b0be426c35"}
{"t":"2026-10-08T22:37:27.9752728Z","event":"source-exported","name":"FB_SpkUnit","sha256":"f8af11c12e17d32b58e8a4bfb7671fce1dead4900bf07ed1c373c0bfc07ef025"}
{"t":"2026-10-08T22:37:27.9836816Z","event":"source-exported","name":"SpikeUnit","sha256":"c812409f1a5b9bd199bb17e09641dcb62e62a08043a5ab7c7b54d0cb07cafe0c"}
{"t":"2026-10-08T22:37:27.9932843Z","event":"source-exported","name":"FRK_TestRecord","sha256":"d07c850c4a39df586c587fa6f698e60fda578bb4611046b81bd048d2992b44ae"}
{"t":"2026-10-08T22:37:28.0091680Z","event":"source-exported","name":"FB_SpkHarness","sha256":"181c6e04d9591d9a8e05c0d8d1adfcfbeb006e5a0574a6c2ccb9057600dfa770"}
{"t":"2026-10-08T22:37:28.0251745Z","event":"source-exported","name":"FB_SpkResultServer","sha256":"a61c057a7098466b0c5d3716d9e15413ba013ceb92c716d1d4c39bcbde2a5a85"}
{"t":"2026-10-08T22:37:28.0407062Z","event":"source-exported","name":"FB_SpkMain","sha256":"17887b88e7018141134c9b4c7c7c57baa6d3d7577170d1a465fcccd476c5934c"}
{"t":"2026-10-08T22:37:28.0407062Z","event":"source-exported","name":"SpkMain","sha256":"6f0db41a809f6cb85c135f1a2588657d1b8f518a055ba1f1f030fd64de21efea"}
{"t":"2026-10-08T22:37:28.0562309Z","event":"source-exported","name":"Main","sha256":"cea8e51c6bb9ef0e96818638972456f38f546cb98881431306c3d5a99b5d37f4"}
{"t":"2026-10-08T22:37:28.0771722Z","event":"source-exported","name":"ST_Diagnostic","sha256":"e35082e7b6e69e1cb019ed4382bd66a653d3de3cb07c275e2a93a6d37df3847a"}
{"t":"2026-10-08T22:37:28.0832549Z","event":"source-exported","name":"ST_ModuleStatus","sha256":"1f94a8d981d80c3246ccc791e837189f90d8860671b7ba2f1581aee02e4cac2e"}
{"t":"2026-10-08T22:37:28.0883863Z","event":"source-exported","name":"FRK_Core","sha256":"28c42e07ee8a674a5f7a104b2220039819d2e7de8e412402251f6f1762a78a4d"}
{"t":"2026-10-08T22:37:28.0935923Z","event":"source-exported","name":"FRK_RegistryRow","sha256":"0dd51abb1c736da53bcc706cc778c26ff3bf42516859a809b1f19d196b8df86e"}
{"t":"2026-10-08T22:37:28.0973366Z","event":"source-exported","name":"ST_StepRecord","sha256":"041c6c7f49b0a417b4cf580d081d74a7e5cb44949132a27daaa21c3e45ee75b9"}
{"t":"2026-10-08T22:37:28.1024000Z","event":"source-exported","name":"FRK_SeqCtx","sha256":"bb68a67e15b83958927af7228d57aa15aad2e36d0718324eb4d88bf342c5a4ce"}
{"t":"2026-10-08T22:37:28.1061158Z","event":"source-exported","name":"ST_HmiRequest","sha256":"20ac776ff8a36635addfdd9189ec9e75bf86daadca01938709dd9e325bfd8251"}
{"t":"2026-10-08T22:37:28.1114254Z","event":"source-exported","name":"ST_HmiResponse","sha256":"1d364a2fe19e0f87357a1ec6f3c18bcb84a88b8ca5850d954e473b716ec676a2"}
{"t":"2026-10-08T22:37:28.1161459Z","event":"source-exported","name":"ST_SpkCylHal","sha256":"7fa9f13e0a6cd6092d534b5b4224876977e9d67a6a0f56427ee28997f52b06a3"}
{"t":"2026-10-08T22:37:28.1214141Z","event":"source-exported","name":"ST_SpkUnitHal","sha256":"c08d782ded274fd603ad9beab81aeb456cf3fc4a225eaaff010f48c5163b3067"}
{"t":"2026-10-08T22:37:28.1263397Z","event":"source-exported","name":"ST_SpkCylinderParCfg","sha256":"a014ae6ea6ddecb0c0221173af2649ca518e177d229f44e8a2ca8e00c469eb68"}
{"t":"2026-10-08T22:37:28.1274692Z","event":"source-exported","name":"ST_SpkCylinderOutImm","sha256":"0ed33469824feb4d69304a384737ac7b67d9b066929b3bf96204311f39cf3d4e"}
{"t":"2026-10-08T22:37:28.1274692Z","event":"source-exported","name":"FRK_TestRow","sha256":"9052f28a3d50d5f6718f871a38928d7a7ddb30acd4bb86c587343548b130fca2"}
{"t":"2026-10-08T22:37:28.1274692Z","event":"source-exported","name":"FRK_TestTable","sha256":"01387e7caf201f1a18b803c6a0dc2dc11383a48dad0ce87842493b57f5358fef"}
{"t":"2026-10-08T22:37:28.1274692Z","event":"plan-complete","steps":8,"tolerated-failures":0}
