Solution=C:\Projects\Fraktal\artifacts\tc3-handover\FraktalCore\PLC\TwinCAT\Tests\FraktalTests.slnx
Configuration=Debug|TwinCAT OS (x64)
IecProject=TIPC^Fraktal_Tests^Fraktal_Tests Project
BootProjectAutostart=False
CheckAllObjects=True
Dte2Interop=C:\Program Files\Microsoft Visual Studio\18\Community\Common7\IDE\PublicAssemblies\envdte80.dll
DteErrorListCount=1
DteError[1]=10/5/2026 2:09:20 PM 882 ms | 'TwinCAT XAE': Unknown TMC file version found - ignoring the file and waiting for a new one. Path 'C:\Projects\Fraktal\artifacts\tc3-handover\FraktalCore\PLC\TwinCAT\Tests\Fraktal_Tests.tmc' | Project= | File= | Line=0 | Column=0
DteOutputPaneCount=9
--- DTE output pane: Source Control - Team Foundation ---
[capture failed: The property 'StartPoint' cannot be found on this object. Verify that the property exists.]
--- DTE output pane: Build ---
------ Build started: Application: FraktalTests.Fraktal_Tests -------
Typify code...
Additional code checks ...
Additional code checks complete -- 0 errors
Compile complete -- 0 errors, 0 warnings
--- DTE output pane: Build Order ---
[capture failed: The property 'StartPoint' cannot be found on this object. Verify that the property exists.]
--- DTE output pane: Database Output ---
[capture failed: The property 'StartPoint' cannot be found on this object. Verify that the property exists.]
--- DTE output pane: Tests ---
[capture failed: The property 'StartPoint' cannot be found on this object. Verify that the property exists.]
--- DTE output pane: Source Control ---
[capture failed: The property 'StartPoint' cannot be found on this object. Verify that the property exists.]
--- DTE output pane: Debug ---
[capture failed: The property 'StartPoint' cannot be found on this object. Verify that the property exists.]
--- DTE output pane: TwinCAT ---
WRN | 10/5/2026 2:09:20 PM 882 ms | 'TwinCAT XAE': Unknown TMC file version found - ignoring the file and waiting for a new one. Path 'C:\Projects\Fraktal\artifacts\tc3-handover\FraktalCore\PLC\TwinCAT\Tests\Fraktal_Tests.tmc'
--- DTE output pane: Source Control - Git ---
Opening repositories:
C:\Projects\Fraktal\artifacts\tc3-handover
Root element is missing.
