| TcUnit results read over ADS from 192.168.1.6.1.1:851
| ======================================
| Test suite name=PRG_TcUnitRunner.BaseTests
| Test class name=PRG_TcUnitRunner.BaseTests.T1_Handshake_and_execute_drop_reset status=PASS
| Test class name=PRG_TcUnitRunner.BaseTests.T2_First_out_reason_and_source_path status=PASS
| Test class name=PRG_TcUnitRunner.BaseTests.T4_Abort_reports_and_no_auto_resume status=PASS
| Test class name=PRG_TcUnitRunner.BaseTests.T6_Rollup_adopts_child_first_out status=PASS
| Test suite name=PRG_TcUnitRunner.PermTests
| Test class name=PRG_TcUnitRunner.PermTests.FirstFailed_is_lowest_false_condition status=PASS
| Test class name=PRG_TcUnitRunner.PermTests.Bypass_only_when_bypassable_and_flagged status=PASS
| Test suite name=PRG_TcUnitRunner.PowerGroupTests
| Test class name=PRG_TcUnitRunner.PowerGroupTests.Safety_trip_requires_deliberate_reenergize status=PASS
| Test suite name=PRG_TcUnitRunner.TwoHandTests
| Test class name=PRG_TcUnitRunner.TwoHandTests.Release_is_required_between_start_edges status=PASS
| Test suite name=PRG_TcUnitRunner.TimingTests
| Test class name=PRG_TcUnitRunner.TimingTests.TimingUpdate_math_is_exact status=PASS
| Test class name=PRG_TcUnitRunner.TimingTests.Profiler_publishes_classified_cycle status=PASS
| Test class name=PRG_TcUnitRunner.TimingTests.Base_captures_tagged_command_row status=PASS
| Test suite name=PRG_TcUnitRunner.UnitTests
| Test class name=PRG_TcUnitRunner.UnitTests.Unit_run_stall_classes_and_cycle status=PASS
| Test class name=PRG_TcUnitRunner.UnitTests.Unit_mode_change_is_estop_by_default status=PASS
| Test class name=PRG_TcUnitRunner.UnitTests.Sequence_rows_belong_to_the_active_mode status=PASS
| Test class name=PRG_TcUnitRunner.UnitTests.Unit_config_capability_is_typed_and_fail_closed status=PASS
| Test suite name=PRG_TcUnitRunner.ConnectorTests
| Test class name=PRG_TcUnitRunner.ConnectorTests.Heartbeat_links_and_protocol_fail_drops status=PASS
| Test class name=PRG_TcUnitRunner.ConnectorTests.Silent_link_confirms_LINK_TIMEOUT status=PASS
| Test class name=PRG_TcUnitRunner.ConnectorTests.Module_contract_is_neutral status=PASS
| Test suite name=PRG_TcUnitRunner.CylinderTests
| Test class name=PRG_TcUnitRunner.CylinderTests.Extend_completes_against_sim status=PASS
| Test class name=PRG_TcUnitRunner.CylinderTests.T2_first_out_reason_and_path status=PASS
| Test class name=PRG_TcUnitRunner.CylinderTests.T3_interlock_withholds_output status=PASS
| Test class name=PRG_TcUnitRunner.CylinderTests.T5_recipe_schema_mismatch_faults status=PASS
| Test class name=PRG_TcUnitRunner.CylinderTests.Recipe_lookup_uses_model_and_key status=PASS
| Test class name=PRG_TcUnitRunner.CylinderTests.Directional_interlock_covers_typed_command status=PASS
| Test class name=PRG_TcUnitRunner.CylinderTests.Timeout_identifies_sensor_tag status=PASS
| Test suite name=PRG_TcUnitRunner.DecisionTests
| Test class name=PRG_TcUnitRunner.DecisionTests.Operator_choice_is_validated_consumed_and_logged status=PASS
| Test class name=PRG_TcUnitRunner.DecisionTests.Repeated_request_is_idempotent_and_overlap_rejects status=PASS
| Test class name=PRG_TcUnitRunner.DecisionTests.Timeout_uses_the_validated_safe_default status=PASS
| Test class name=PRG_TcUnitRunner.DecisionTests.Invalid_timeout_default_faults_without_publication status=PASS
| Test suite name=PRG_TcUnitRunner.ConfigurableCylinderTests
| Test class name=PRG_TcUnitRunner.ConfigurableCylinderTests.Duplex_all_agree_completes status=PASS
| Test class name=PRG_TcUnitRunner.ConfigurableCylinderTests.Discrepancy_faults status=PASS
| Test class name=PRG_TcUnitRunner.ConfigurableCylinderTests.Sensorless_completes_on_time status=PASS
| Test class name=PRG_TcUnitRunner.ConfigurableCylinderTests.Timeout_faults status=PASS
| Test suite name=PRG_TcUnitRunner.ClampTests
| Test class name=PRG_TcUnitRunner.ClampTests.Clamp_rolls_up_CylB_first_out status=PASS
| Test class name=PRG_TcUnitRunner.ClampTests.T3_interlock_withholds_child_output status=PASS
| Test class name=PRG_TcUnitRunner.ClampTests.T5_recipe_schema_mismatch_faults status=PASS
| Test suite name=PRG_TcUnitRunner.ClampStationTests
| Test class name=PRG_TcUnitRunner.ClampStationTests.Root_is_a_real_unit status=PASS
| Test class name=PRG_TcUnitRunner.ClampStationTests.T8_unsupported_mode_is_rejected_gracefully status=PASS
| Test class name=PRG_TcUnitRunner.ClampStationTests.T10_start_gate_matches_release_report status=PASS
| Test class name=PRG_TcUnitRunner.ClampStationTests.T6_T9_root_rollup_names_deepest_child status=PASS
| Test suite name=PRG_TcUnitRunner.HmiTests
| Test class name=PRG_TcUnitRunner.HmiTests.Status_mirror_carries_name_state_and_diag status=PASS
| Test class name=PRG_TcUnitRunner.HmiTests.Unit_publishes_counters_and_history status=PASS
| Test class name=PRG_TcUnitRunner.HmiTests.Nameplate_roundtrip status=PASS
| Test class name=PRG_TcUnitRunner.HmiTests.Mailbox_commits_once_and_acknowledges status=PASS
| Test class name=PRG_TcUnitRunner.HmiTests.Mailbox_policy_is_self_gated_and_power_ack_is_authoritative status=PASS
| Test suite name=PRG_TcUnitRunner.HostEventTests
| Test class name=PRG_TcUnitRunner.HostEventTests.Rejects_invalid_event status=PASS
| Test class name=PRG_TcUnitRunner.HostEventTests.Publishes_required_shape status=PASS
| Test class name=PRG_TcUnitRunner.HostEventTests.Accepts_fixed_vocabulary status=PASS
| Test class name=PRG_TcUnitRunner.HostEventTests.Ring_is_bounded status=PASS
| Test suite name=PRG_TcUnitRunner.IoTopologyTests
| Test class name=PRG_TcUnitRunner.IoTopologyTests.Publishes_value_health_and_diagnostic status=PASS
| Test class name=PRG_TcUnitRunner.IoTopologyTests.Rejects_duplicate_channel_identity status=PASS
| Test suite name=PRG_TcUnitRunner.InputModuleTests
| Test class name=PRG_TcUnitRunner.InputModuleTests.Digital_input_publishes_semantic_value_and_identity status=PASS
| Test class name=PRG_TcUnitRunner.InputModuleTests.Air_monitor_derives_pressure_and_faults_on_conflict status=PASS
| Test suite name=PRG_TcUnitRunner.AccessTests
| Test class name=PRG_TcUnitRunner.AccessTests.Default_policy_is_fully_open status=PASS
| Test class name=PRG_TcUnitRunner.AccessTests.Threshold_denies_then_login_permits_then_logout_denies status=PASS
| Test class name=PRG_TcUnitRunner.AccessTests.Policy_rejects_invalid_ordinals_and_timeout status=PASS
| Test suite name=PRG_TcUnitRunner.AlarmLogTests
| Test class name=PRG_TcUnitRunner.AlarmLogTests.Auto_reset_closes_with_duration status=PASS
| Test class name=PRG_TcUnitRunner.AlarmLogTests.Manual_reset_blocks_until_operator status=PASS
| Test class name=PRG_TcUnitRunner.AlarmLogTests.Diagnostic_io_identity_is_preserved status=PASS
| Test class name=PRG_TcUnitRunner.AlarmLogTests.Unit_fault_captured_and_start_blocked status=PASS
| Test suite name=PRG_TcUnitRunner.ManualCmdTests
| Test class name=PRG_TcUnitRunner.ManualCmdTests.Catalog_published status=PASS
| Test class name=PRG_TcUnitRunner.ManualCmdTests.Rejected_when_not_manual status=PASS
| Test class name=PRG_TcUnitRunner.ManualCmdTests.Accepted_in_manual_runs_lifecycle status=PASS
| Test class name=PRG_TcUnitRunner.ManualCmdTests.Unsupported_value_rejected status=PASS
| Test suite name=PRG_TcUnitRunner.MultiRootTests
| Test class name=PRG_TcUnitRunner.MultiRootTests.Two_roots_hold_independent_models status=PASS
| Test suite name=PRG_TcUnitRunner.OeeTests
| Test class name=PRG_TcUnitRunner.OeeTests.Quality_from_counters status=PASS
| Test class name=PRG_TcUnitRunner.OeeTests.Invalid_perf_omitted_from_product status=PASS
| Test class name=PRG_TcUnitRunner.OeeTests.Perf_capped_at_one status=PASS
| Test suite name=PRG_TcUnitRunner.ReleaseTests
| Test class name=PRG_TcUnitRunner.ReleaseTests.Lists_failed_interlock status=PASS
| Test class name=PRG_TcUnitRunner.ReleaseTests.Released_when_all_clear status=PASS
| Test class name=PRG_TcUnitRunner.ReleaseTests.Start_gate_matches_release_report status=PASS
| Test suite name=PRG_TcUnitRunner.ShelveTests
| Test class name=PRG_TcUnitRunner.ShelveTests.Unrationalized_refused status=PASS
| Test class name=PRG_TcUnitRunner.ShelveTests.Safety_refused status=PASS
| Test class name=PRG_TcUnitRunner.ShelveTests.Zero_duration_refused status=PASS
| Test class name=PRG_TcUnitRunner.ShelveTests.Shelved_still_blocks status=PASS
| Test class name=PRG_TcUnitRunner.ShelveTests.Generated_metadata_is_authoritative status=PASS
| Test class name=PRG_TcUnitRunner.ShelveTests.Reused_slot_clears_shelf_state status=PASS
| Test suite name=PRG_TcUnitRunner.TcpDeviceTests
| Test class name=PRG_TcUnitRunner.TcpDeviceTests.Vision_configured_parses status=PASS
| Test class name=PRG_TcUnitRunner.TcpDeviceTests.Reader_code_and_match status=PASS
| Test class name=PRG_TcUnitRunner.TcpDeviceTests.Timeout_faults_10402 status=PASS
| Test class name=PRG_TcUnitRunner.TcpDeviceTests.Model_presets_apply_configuration status=PASS
| Test suite name=PRG_TcUnitRunner.PartTraceTests
| Test class name=PRG_TcUnitRunner.PartTraceTests.Carrier_assigns_serials_and_stores_results status=PASS
| Test class name=PRG_TcUnitRunner.PartTraceTests.Carrier_preserves_carried_identity status=PASS
| Test suite name=PRG_TcUnitRunner.SystemInfrastructureTests
| Test class name=PRG_TcUnitRunner.SystemInfrastructureTests.Health_fault_edges_are_auto_reset_and_time_qualified status=PASS
| Test class name=PRG_TcUnitRunner.SystemInfrastructureTests.Tower_mapping_and_bounded_test status=PASS
| Test suite name=PRG_TcUnitRunner.SequenceRaiseTests
| Test class name=PRG_TcUnitRunner.SequenceRaiseTests.Guarded_child_fault_is_raised_with_its_drilldown_link status=PASS
| Test class name=PRG_TcUnitRunner.SequenceRaiseTests.Cleared_error_re_evaluates_the_command_at_the_same_step status=PASS
| Test class name=PRG_TcUnitRunner.SequenceRaiseTests.Custom_message_carries_its_own_severity_and_link status=PASS
| Test class name=PRG_TcUnitRunner.SequenceRaiseTests.Warning_is_recorded_once_per_visit_and_stops_nothing status=PASS
| Test class name=PRG_TcUnitRunner.SequenceRaiseTests.Reported_child_failure_is_visible_without_stopping_the_chain status=PASS
| Test suite name=PRG_TcUnitRunner.SequenceParTests
| Test class name=PRG_TcUnitRunner.SequenceParTests.Legs_run_together_with_independent_step_state status=PASS
| Test class name=PRG_TcUnitRunner.SequenceParTests.Join_waits_for_every_leg_and_publishes_them_separately status=PASS
| Test suite name=PRG_TcUnitRunner.StateFlagTests
| Test class name=PRG_TcUnitRunner.StateFlagTests.Flag_is_published_with_the_moment_it_changed status=PASS
| Test class name=PRG_TcUnitRunner.StateFlagTests.Unpublished_flag_goes_stale_and_stops_claiming status=PASS
| Test suite name=PRG_TcUnitRunner.AxisTests
| Test class name=PRG_TcUnitRunner.AxisTests.Library_declares_no_interlocks_and_the_application_owns_safe_motion_status status=PASS
| Test class name=PRG_TcUnitRunner.AxisTests.Target_outside_soft_limits_is_rejected_before_any_motion status=PASS
| Test class name=PRG_TcUnitRunner.AxisTests.Move_before_home_is_rejected status=PASS
| Test class name=PRG_TcUnitRunner.AxisTests.Unsupported_command_is_rejected status=PASS
| Test suite name=PRG_TcUnitRunner.RobotPlannerTests
| Test class name=PRG_TcUnitRunner.RobotPlannerTests.Scan_junction_resolves_the_process_side_help status=PASS
| Test class name=PRG_TcUnitRunner.RobotPlannerTests.Scan_junction_resolves_the_drawer_side_help_in_the_same_table status=PASS
| Test class name=PRG_TcUnitRunner.RobotPlannerTests.Nest_to_nest_emits_depart_then_transit_then_approach status=PASS
| Test class name=PRG_TcUnitRunner.RobotPlannerTests.Approach_corridor_is_reversed_and_lands_exactly_on_the_nest status=PASS
| Test class name=PRG_TcUnitRunner.RobotPlannerTests.Corridor_differs_per_gripper_with_no_conditional_code status=PASS
| Test class name=PRG_TcUnitRunner.RobotPlannerTests.Taught_corridor_emits_a_list_reference_instead_of_offsets status=PASS
| Test class name=PRG_TcUnitRunner.RobotPlannerTests.Disconnected_graph_yields_ROBOT_NO_ROUTE status=PASS
| Test class name=PRG_TcUnitRunner.RobotPlannerTests.One_way_nest_refuses_the_reversal_loudly status=PASS
| Test class name=PRG_TcUnitRunner.RobotPlannerTests.Malformed_endpoints_are_rejected_before_planning status=PASS
| Test class name=PRG_TcUnitRunner.RobotPlannerTests.Direct_nest_list_bypasses_help_routing status=PASS
| Test suite name=PRG_TcUnitRunner.RobotConnectorTests
| Test class name=PRG_TcUnitRunner.RobotConnectorTests.Link_down_refuses_every_command_rather_than_dropping_it status=PASS
| Test class name=PRG_TcUnitRunner.RobotConnectorTests.Id_addressed_commands_are_framed_on_the_wire status=PASS
| Test class name=PRG_TcUnitRunner.RobotConnectorTests.Status_poll_publishes_the_controllers_reported_facts status=PASS
| Test class name=PRG_TcUnitRunner.RobotConnectorTests.Controller_error_is_carried_verbatim_and_faults status=PASS
| Test class name=PRG_TcUnitRunner.RobotConnectorTests.Resume_is_refused_when_the_arm_left_the_retained_path status=PASS
| Test class name=PRG_TcUnitRunner.RobotConnectorTests.Unknown_mode_request_is_refused_outright status=PASS
| Test suite name=PRG_TcUnitRunner.SeparatorTests
| Test class name=PRG_TcUnitRunner.SeparatorTests.Library_declares_no_interlocks_and_application_conditions_are_fail_closed status=PASS
| Test class name=PRG_TcUnitRunner.SeparatorTests.Interlock_withholds_the_valve_and_holds_rather_than_faults status=PASS
| Test class name=PRG_TcUnitRunner.SeparatorTests.Separate_releases_one_carrier_and_completes status=PASS
| Test class name=PRG_TcUnitRunner.SeparatorTests.No_carrier_at_the_separator_faults_10001 status=PASS
| Test class name=PRG_TcUnitRunner.SeparatorTests.Open_close_confirms_feedback_only_when_configured status=PASS
| Test class name=PRG_TcUnitRunner.SeparatorTests.Unsupported_command_is_rejected status=PASS
| Test suite name=PRG_TcUnitRunner.EngineeringTests
| Test class name=PRG_TcUnitRunner.EngineeringTests.Inactive_gate_is_not_registered_and_declaring_is_idempotent status=PASS
| Test class name=PRG_TcUnitRunner.EngineeringTests.Register_overflow_is_reported_not_silent status=PASS
| Test class name=PRG_TcUnitRunner.EngineeringTests.Forcing_is_armed_only_by_the_build_constant status=PASS
| Test class name=PRG_TcUnitRunner.EngineeringTests.Active_gate_annunciates_low_system_and_no_reset_closes_it status=PASS
| Test suite name=PRG_TcUnitRunner.ConfigWriteTests
| Test class name=PRG_TcUnitRunner.ConfigWriteTests.Registration_publishes_a_complete_capability status=PASS
| Test class name=PRG_TcUnitRunner.ConfigWriteTests.Duplicate_key_is_refused_and_the_first_stands status=PASS
| Test class name=PRG_TcUnitRunner.ConfigWriteTests.Write_reaches_the_owning_child_through_the_walk status=PASS
| Test class name=PRG_TcUnitRunner.ConfigWriteTests.Stale_revision_is_refused status=PASS
| Test class name=PRG_TcUnitRunner.ConfigWriteTests.Range_type_and_domain_are_enforced status=PASS
| Test class name=PRG_TcUnitRunner.ConfigWriteTests.RequiresReady_follows_the_root_state status=PASS
| Test class name=PRG_TcUnitRunner.ConfigWriteTests.Unknown_key_and_foreign_scope_change_nothing status=PASS
| Test class name=PRG_TcUnitRunner.ConfigWriteTests.Module_invariant_hook_can_refuse status=PASS
| ======================================
| Test suites: 35
| Tests: 132
| Successful tests: 132
| Failed tests: 0
| Duration: 0.3760926
| ======================================
