Dte2Interop=C:\Program Files\Microsoft Visual Studio\18\Community\Common7\IDE\PublicAssemblies\envdte80.dll
DteErrorListCount=6
DteError[1]=Variable '_users' has attribute 'hide'. This attribute will prevent storing the variable content as persistent. Please use 'conditionalshow' instead of 'hide'. | Project=<Solution> | File=[fraktal_core, 0.23.0.0 (fraktal-automation)]FB_LocalAccessProvider (Decl) | Line=13 | Column=1
DteError[2]=Variable '_n' has attribute 'hide'. This attribute will prevent storing the variable content as persistent. Please use 'conditionalshow' instead of 'hide'. | Project=<Solution> | File=[fraktal_core, 0.23.0.0 (fraktal-automation)]FB_LocalAccessProvider (Decl) | Line=16 | Column=1
DteError[3]=10/5/2026 1:40:32 PM 152 ms | 'TcOsSys' (50): TwinCAT System Start: AdsState: 5 NumProc: 16 | Project= | File= | Line=0 | Column=0
DteError[4]=10/5/2026 1:40:32 PM 188 ms | 'License Server' (30): license validation status is Valid(3) | Project= | File= | Line=0 | Column=0
DteError[5]=10/5/2026 1:40:32 PM 155 ms | 'License Server' (30): license validation status is Valid(3) | Project= | File= | Line=0 | Column=0
DteError[6]=10/5/2026 1:40:32 PM 899 ms | 'TcOsSys' (50): TwinCAT system start completed. AdsState: >5< | Project= | File= | Line=0 | Column=0
DteOutputPaneCount=10
--- DTE output pane: Source Control - Team Foundation ---
[capture failed: The property 'StartPoint' cannot be found on this object. Verify that the property exists.]
--- DTE output pane: Build ---
------ Build started: Application: FraktalTests.Fraktal_Tests -------
Typify code...
Generate code...
Generate global initializations...
Generate code initialization...
Generate relocations...
Memory usage on device, not used for licensing purposes:
Memory area 0 contains  Data, Input, Output, Memory and Persistent data: size: 347674240 bytes, highest used address: 289728512, largest contiguous memory gap: 57945728 bytes (16 %)
Memory area 1 contains  Code: size: 1633024 bytes, highest used address: 1256152, largest contiguous memory gap: 376872 bytes (23 %)
Additional code checks ...
Additional code checks complete -- 0 errors
Build complete -- 0 errors, 0 warnings : Ready for download
Generate TMC information ...
[fraktal_core, 0.23.0.0 (fraktal-automation)]FB_LocalAccessProvider(13) : warning: Variable '_users' has attribute 'hide'. This attribute will prevent storing the variable content as persistent. Please use 'conditionalshow' instead of 'hide'.
[fraktal_core, 0.23.0.0 (fraktal-automation)]FB_LocalAccessProvider(16) : warning: Variable '_n' has attribute 'hide'. This attribute will prevent storing the variable content as persistent. Please use 'conditionalshow' instead of 'hide'.
Import symbol information ...

activating boot project...
------ Build started: Project: FraktalTests, Configuration: Debug TwinCAT OS (x64) ------
activating configuration...
========== Build: 2 succeeded or up-to-date, 0 failed, 0 skipped ==========
========== Build completed at 1:40 PM and took 06.394 seconds ==========
--- DTE output pane: Build Order ---
[capture failed: The property 'StartPoint' cannot be found on this object. Verify that the property exists.]
--- DTE output pane: Database Output ---
[capture failed: The property 'StartPoint' cannot be found on this object. Verify that the property exists.]
--- DTE output pane: Tests ---
[capture failed: The property 'StartPoint' cannot be found on this object. Verify that the property exists.]
--- DTE output pane: Source Control ---
[capture failed: The property 'StartPoint' cannot be found on this object. Verify that the property exists.]
--- DTE output pane: Debug ---
[capture failed: The property 'StartPoint' cannot be found on this object. Verify that the property exists.]
--- DTE output pane: TwinCAT ---
MSG | 10/5/2026 1:40:32 PM 152 ms | 'TcOsSys' (50): TwinCAT System Start: AdsState: 5 NumProc: 16
MSG | 10/5/2026 1:40:32 PM 155 ms | 'License Server' (30): license validation status is Valid(3)
MSG | 10/5/2026 1:40:32 PM 188 ms | 'License Server' (30): license validation status is Valid(3)
MSG | 10/5/2026 1:40:32 PM 899 ms | 'TcOsSys' (50): TwinCAT system start completed. AdsState: >5<
--- DTE output pane: Source Control - Git ---
Opening repositories:
C:\Projects\Fraktal\artifacts\tc3-handover
Root element is missing.
fatal: detected dubious ownership in repository at 'C:/Projects/Fraktal/artifacts/tc3-handover'
'C:/Projects/Fraktal/artifacts/tc3-handover' is owned by:
	Workstation/CodexSandboxOffline (S-1-5-21-2977979675-2688864368-1726070307-1007)
but the current user is:
	Workstation/TcUser (S-1-5-21-2977979675-2688864368-1726070307-1002)
To add an exception for this directory, call:

	git config --global --add safe.directory C:/Projects/Fraktal/artifacts/tc3-handover
fatal: detected dubious ownership in repository at 'C:/Projects/Fraktal/artifacts/tc3-handover'
'C:/Projects/Fraktal/artifacts/tc3-handover' is owned by:
	Workstation/CodexSandboxOffline (S-1-5-21-2977979675-2688864368-1726070307-1007)
but the current user is:
	Workstation/TcUser (S-1-5-21-2977979675-2688864368-1726070307-1002)
To add an exception for this directory, call:

	git config --global --add safe.directory C:/Projects/Fraktal/artifacts/tc3-handover
fatal: detected dubious ownership in repository at 'C:/Projects/Fraktal/artifacts/tc3-handover'
'C:/Projects/Fraktal/artifacts/tc3-handover' is owned by:
	Workstation/CodexSandboxOffline (S-1-5-21-2977979675-2688864368-1726070307-1007)
but the current user is:
	Workstation/TcUser (S-1-5-21-2977979675-2688864368-1726070307-1002)
To add an exception for this directory, call:

	git config --global --add safe.directory C:/Projects/Fraktal/artifacts/tc3-handover
fatal: detected dubious ownership in repository at 'C:/Projects/Fraktal/artifacts/tc3-handover'
'C:/Projects/Fraktal/artifacts/tc3-handover' is owned by:
	Workstation/CodexSandboxOffline (S-1-5-21-2977979675-2688864368-1726070307-1007)
but the current user is:
	Workstation/TcUser (S-1-5-21-2977979675-2688864368-1726070307-1002)
To add an exception for this directory, call:

	git config --global --add safe.directory C:/Projects/Fraktal/artifacts/tc3-handover
fatal: detected dubious ownership in repository at 'C:/Projects/Fraktal/artifacts/tc3-handover'
'C:/Projects/Fraktal/artifacts/tc3-handover' is owned by:
	Workstation/CodexSandboxOffline (S-1-5-21-2977979675-2688864368-1726070307-1007)
but the current user is:
	Workstation/TcUser (S-1-5-21-2977979675-2688864368-1726070307-1002)
To add an exception for this directory, call:

	git config --global --add safe.directory C:/Projects/Fraktal/artifacts/tc3-handover
fatal: detected dubious ownership in repository at 'C:/Projects/Fraktal/artifacts/tc3-handover'
'C:/Projects/Fraktal/artifacts/tc3-handover' is owned by:
	Workstation/CodexSandboxOffline (S-1-5-21-2977979675-2688864368-1726070307-1007)
but the current user is:
	Workstation/TcUser (S-1-5-21-2977979675-2688864368-1726070307-1002)
To add an exception for this directory, call:

	git config --global --add safe.directory C:/Projects/Fraktal/artifacts/tc3-handover
fatal: detected dubious ownership in repository at 'C:/Projects/Fraktal/artifacts/tc3-handover'
'C:/Projects/Fraktal/artifacts/tc3-handover' is owned by:
	Workstation/CodexSandboxOffline (S-1-5-21-2977979675-2688864368-1726070307-1007)
but the current user is:
	Workstation/TcUser (S-1-5-21-2977979675-2688864368-1726070307-1002)
To add an exception for this directory, call:

	git config --global --add safe.directory C:/Projects/Fraktal/artifacts/tc3-handover
fatal: detected dubious ownership in repository at 'C:/Projects/Fraktal/artifacts/tc3-handover'
'C:/Projects/Fraktal/artifacts/tc3-handover' is owned by:
	Workstation/CodexSandboxOffline (S-1-5-21-2977979675-2688864368-1726070307-1007)
but the current user is:
	Workstation/TcUser (S-1-5-21-2977979675-2688864368-1726070307-1002)
To add an exception for this directory, call:

	git config --global --add safe.directory C:/Projects/Fraktal/artifacts/tc3-handover
fatal: detected dubious ownership in repository at 'C:/Projects/Fraktal/artifacts/tc3-handover'
'C:/Projects/Fraktal/artifacts/tc3-handover' is owned by:
	Workstation/CodexSandboxOffline (S-1-5-21-2977979675-2688864368-1726070307-1007)
but the current user is:
	Workstation/TcUser (S-1-5-21-2977979675-2688864368-1726070307-1002)
To add an exception for this directory, call:

	git config --global --add safe.directory C:/Projects/Fraktal/artifacts/tc3-handover
fatal: detected dubious ownership in repository at 'C:/Projects/Fraktal/artifacts/tc3-handover'
'C:/Projects/Fraktal/artifacts/tc3-handover' is owned by:
	Workstation/CodexSandboxOffline (S-1-5-21-2977979675-2688864368-1726070307-1007)
but the current user is:
	Workstation/TcUser (S-1-5-21-2977979675-2688864368-1726070307-1002)
To add an exception for this directory, call:

	git config --global --add safe.directory C:/Projects/Fraktal/artifacts/tc3-handover
fatal: detected dubious ownership in repository at 'C:/Projects/Fraktal/artifacts/tc3-handover'
'C:/Projects/Fraktal/artifacts/tc3-handover' is owned by:
	Workstation/CodexSandboxOffline (S-1-5-21-2977979675-2688864368-1726070307-1007)
but the current user is:
	Workstation/TcUser (S-1-5-21-2977979675-2688864368-1726070307-1002)
To add an exception for this directory, call:

	git config --global --add safe.directory C:/Projects/Fraktal/artifacts/tc3-handover
fatal: detected dubious ownership in repository at 'C:/Projects/Fraktal/artifacts/tc3-handover'
'C:/Projects/Fraktal/artifacts/tc3-handover' is owned by:
	Workstation/CodexSandboxOffline (S-1-5-21-2977979675-2688864368-1726070307-1007)
but the current user is:
	Workstation/TcUser (S-1-5-21-2977979675-2688864368-1726070307-1002)
To add an exception for this directory, call:

	git config --global --add safe.directory C:/Projects/Fraktal/artifacts/tc3-handover
fatal: detected dubious ownership in repository at 'C:/Projects/Fraktal/artifacts/tc3-handover'
'C:/Projects/Fraktal/artifacts/tc3-handover' is owned by:
	Workstation/CodexSandboxOffline (S-1-5-21-2977979675-2688864368-1726070307-1007)
but the current user is:
	Workstation/TcUser (S-1-5-21-2977979675-2688864368-1726070307-1002)
To add an exception for this directory, call:

	git config --global --add safe.directory C:/Projects/Fraktal/artifacts/tc3-handover
fatal: detected dubious ownership in repository at 'C:/Projects/Fraktal/artifacts/tc3-handover'
'C:/Projects/Fraktal/artifacts/tc3-handover' is owned by:
	Workstation/CodexSandboxOffline (S-1-5-21-2977979675-2688864368-1726070307-1007)
but the current user is:
	Workstation/TcUser (S-1-5-21-2977979675-2688864368-1726070307-1002)
To add an exception for this directory, call:

	git config --global --add safe.directory C:/Projects/Fraktal/artifacts/tc3-handover
fatal: detected dubious ownership in repository at 'C:/Projects/Fraktal/artifacts/tc3-handover'
'C:/Projects/Fraktal/artifacts/tc3-handover' is owned by:
	Workstation/CodexSandboxOffline (S-1-5-21-2977979675-2688864368-1726070307-1007)
but the current user is:
	Workstation/TcUser (S-1-5-21-2977979675-2688864368-1726070307-1002)
To add an exception for this directory, call:

	git config --global --add safe.directory C:/Projects/Fraktal/artifacts/tc3-handover
fatal: detected dubious ownership in repository at 'C:/Projects/Fraktal/artifacts/tc3-handover'
'C:/Projects/Fraktal/artifacts/tc3-handover' is owned by:
	Workstation/CodexSandboxOffline (S-1-5-21-2977979675-2688864368-1726070307-1007)
but the current user is:
	Workstation/TcUser (S-1-5-21-2977979675-2688864368-1726070307-1002)
To add an exception for this directory, call:

	git config --global --add safe.directory C:/Projects/Fraktal/artifacts/tc3-handover
fatal: detected dubious ownership in repository at 'C:/Projects/Fraktal/artifacts/tc3-handover'
'C:/Projects/Fraktal/artifacts/tc3-handover' is owned by:
	Workstation/CodexSandboxOffline (S-1-5-21-2977979675-2688864368-1726070307-1007)
but the current user is:
	Workstation/TcUser (S-1-5-21-2977979675-2688864368-1726070307-1002)
To add an exception for this directory, call:

	git config --global --add safe.directory C:/Projects/Fraktal/artifacts/tc3-handover
fatal: detected dubious ownership in repository at 'C:/Projects/Fraktal/artifacts/tc3-handover'
'C:/Projects/Fraktal/artifacts/tc3-handover' is owned by:
	Workstation/CodexSandboxOffline (S-1-5-21-2977979675-2688864368-1726070307-1007)
but the current user is:
	Workstation/TcUser (S-1-5-21-2977979675-2688864368-1726070307-1002)
To add an exception for this directory, call:

	git config --global --add safe.directory C:/Projects/Fraktal/artifacts/tc3-handover
fatal: detected dubious ownership in repository at 'C:/Projects/Fraktal/artifacts/tc3-handover'
'C:/Projects/Fraktal/artifacts/tc3-handover' is owned by:
	Workstation/CodexSandboxOffline (S-1-5-21-2977979675-2688864368-1726070307-1007)
but the current user is:
	Workstation/TcUser (S-1-5-21-2977979675-2688864368-1726070307-1002)
To add an exception for this directory, call:

	git config --global --add safe.directory C:/Projects/Fraktal/artifacts/tc3-handover
fatal: detected dubious ownership in repository at 'C:/Projects/Fraktal/artifacts/tc3-handover'
'C:/Projects/Fraktal/artifacts/tc3-handover' is owned by:
	Workstation/CodexSandboxOffline (S-1-5-21-2977979675-2688864368-1726070307-1007)
but the current user is:
	Workstation/TcUser (S-1-5-21-2977979675-2688864368-1726070307-1002)
To add an exception for this directory, call:

	git config --global --add safe.directory C:/Projects/Fraktal/artifacts/tc3-handover
fatal: detected dubious ownership in repository at 'C:/Projects/Fraktal/artifacts/tc3-handover'
'C:/Projects/Fraktal/artifacts/tc3-handover' is owned by:
	Workstation/CodexSandboxOffline (S-1-5-21-2977979675-2688864368-1726070307-1007)
but the current user is:
	Workstation/TcUser (S-1-5-21-2977979675-2688864368-1726070307-1002)
To add an exception for this directory, call:

	git config --global --add safe.directory C:/Projects/Fraktal/artifacts/tc3-handover
fatal: detected dubious ownership in repository at 'C:/Projects/Fraktal/artifacts/tc3-handover'
'C:/Projects/Fraktal/artifacts/tc3-handover' is owned by:
	Workstation/CodexSandboxOffline (S-1-5-21-2977979675-2688864368-1726070307-1007)
but the current user is:
	Workstation/TcUser (S-1-5-21-2977979675-2688864368-1726070307-1002)
To add an exception for this directory, call:

	git config --global --add safe.directory C:/Projects/Fraktal/artifacts/tc3-handover
--- DTE output pane: General ---
C:\Projects\Fraktal\artifacts\tc3-handover\FraktalCore\PLC\TwinCAT\Tests\Fraktal_Tests.plcproj : : generate boot information...
