Solution=C:\Projects\Fraktal\artifacts\tc3-missing-2026-10-06\checkout\FraktalCore\PLC\TwinCAT\Examples\PressDemo\PressDemo.slnx
Configuration=Debug|TwinCAT OS (x64)
IecProject=TIPC^Fraktal_Press_Demo^Fraktal_Press_Demo Project
BootProjectAutostart=False
CheckAllObjects=True
Dte2Interop=C:\Program Files\Microsoft Visual Studio\18\Community\Common7\IDE\PublicAssemblies\envdte80.dll
DteErrorListCount=1
DteError[1]=10/6/2026 10:30:14 PM 476 ms | 'TwinCAT XAE': Unknown TMC file version found - ignoring the file and waiting for a new one. Path 'C:\Projects\Fraktal\artifacts\tc3-missing-2026-10-06\checkout\FraktalCore\PLC\TwinCAT\Examples\PressDemo\Fraktal_Press_Demo\Fraktal_Press_Demo.tmc' | Project= | File= | Line=0 | Column=0
DteOutputPaneCount=9
--- DTE output pane: Source Control - Team Foundation ---
[capture failed: Exception calling "GetValue" with "2" argument(s): "Non-static method requires a target."]
--- DTE output pane: Build ---
------ Build started: Application: PressDemo.Fraktal_Press_Demo -------
Typify code...
Additional code checks ...
Additional code checks complete -- 0 errors
Compile complete -- 0 errors, 0 warnings
--- DTE output pane: Build Order ---
[capture failed: Exception calling "GetValue" with "2" argument(s): "Non-static method requires a target."]
--- DTE output pane: Database Output ---
[capture failed: Exception calling "GetValue" with "2" argument(s): "Non-static method requires a target."]
--- DTE output pane: Tests ---
[capture failed: Exception calling "GetValue" with "2" argument(s): "Non-static method requires a target."]
--- DTE output pane: Source Control ---
[capture failed: Exception calling "GetValue" with "2" argument(s): "Non-static method requires a target."]
--- DTE output pane: Debug ---
[capture failed: Exception calling "GetValue" with "2" argument(s): "Non-static method requires a target."]
--- DTE output pane: TwinCAT ---
WRN | 10/6/2026 10:30:14 PM 476 ms | 'TwinCAT XAE': Unknown TMC file version found - ignoring the file and waiting for a new one. Path 'C:\Projects\Fraktal\artifacts\tc3-missing-2026-10-06\checkout\FraktalCore\PLC\TwinCAT\Examples\PressDemo\Fraktal_Press_Demo\Fraktal_Press_Demo.tmc'
--- DTE output pane: Source Control - Git ---
Opening repositories:
C:\Projects\Fraktal\artifacts\tc3-missing-2026-10-06\checkout
Root element is missing.
