Solution=C:\Projects\Fraktal\artifacts\press-x32-checkout\FraktalCore\PLC\TwinCAT\Examples\PressDemo\PressDemoX32.sln
Configuration=Debug|TwinCAT RT (x86)
IecProject=TIPC^Fraktal_Press_Demo^Fraktal_Press_Demo Project
BootProjectAutostart=True
CheckAllObjects=True
Dte2Interop=C:\Program Files\Microsoft Visual Studio\18\Community\Common7\IDE\PublicAssemblies\envdte80.dll
DteErrorListCount=0
DteOutputPaneCount=10
--- DTE output pane: Source Control - Team Foundation ---
[capture failed: The property 'StartPoint' cannot be found on this object. Verify that the property exists.]
--- DTE output pane: Build ---
------ Build started: Application: PressDemoX32.Fraktal_Press_Demo -------
Typify code...
Additional code checks ...
Additional code checks complete -- 0 errors
Compile complete -- 0 errors, 0 warnings
--- DTE output pane: Build Order ---
[capture failed: The property 'StartPoint' cannot be found on this object. Verify that the property exists.]
--- DTE output pane: Database Output ---
[capture failed: The property 'StartPoint' cannot be found on this object. Verify that the property exists.]
--- DTE output pane: Tests ---
[capture failed: The property 'StartPoint' cannot be found on this object. Verify that the property exists.]
--- DTE output pane: Source Control ---
[capture failed: The property 'StartPoint' cannot be found on this object. Verify that the property exists.]
--- DTE output pane: Debug ---
[capture failed: The property 'StartPoint' cannot be found on this object. Verify that the property exists.]
--- DTE output pane: TwinCAT ---
[empty]
--- DTE output pane: External Types ---
[7:26:58 PM] The library 'Tc3_GlobalTypes_Global, 1.0.0.0 (Beckhoff Automation GmbH)' has been changed and was reloaded automatically.
[7:26:59 PM] The library 'Tc3_GlobalTypes_MC, 1.0.0.0 (Beckhoff Automation GmbH)' has been changed and was reloaded automatically.
[7:27:03 PM] The library 'Tc3_GlobalTypes_Global, 1.0.0.0 (Beckhoff Automation GmbH)' has been changed and was reloaded automatically.
[7:27:03 PM] The library 'Tc3_GlobalTypes_MC, 1.0.0.0 (Beckhoff Automation GmbH)' has been changed and was reloaded automatically.
--- DTE output pane: Source Control - Git ---
Opening repositories:
C:\Projects\Fraktal\artifacts\press-x32-checkout
Root element is missing.
fatal: detected dubious ownership in repository at 'C:/Projects/Fraktal/artifacts/press-x32-checkout'
'C:/Projects/Fraktal/artifacts/press-x32-checkout' is owned by:
	Workstation/CodexSandboxOffline (S-1-5-21-2977979675-2688864368-1726070307-1007)
but the current user is:
	Workstation/TcUser (S-1-5-21-2977979675-2688864368-1726070307-1002)
To add an exception for this directory, call:

	git config --global --add safe.directory C:/Projects/Fraktal/artifacts/press-x32-checkout
fatal: detected dubious ownership in repository at 'C:/Projects/Fraktal/artifacts/press-x32-checkout'
'C:/Projects/Fraktal/artifacts/press-x32-checkout' is owned by:
	Workstation/CodexSandboxOffline (S-1-5-21-2977979675-2688864368-1726070307-1007)
but the current user is:
	Workstation/TcUser (S-1-5-21-2977979675-2688864368-1726070307-1002)
To add an exception for this directory, call:

	git config --global --add safe.directory C:/Projects/Fraktal/artifacts/press-x32-checkout
fatal: detected dubious ownership in repository at 'C:/Projects/Fraktal/artifacts/press-x32-checkout'
'C:/Projects/Fraktal/artifacts/press-x32-checkout' is owned by:
	Workstation/CodexSandboxOffline (S-1-5-21-2977979675-2688864368-1726070307-1007)
but the current user is:
	Workstation/TcUser (S-1-5-21-2977979675-2688864368-1726070307-1002)
To add an exception for this directory, call:

	git config --global --add safe.directory C:/Projects/Fraktal/artifacts/press-x32-checkout
fatal: detected dubious ownership in repository at 'C:/Projects/Fraktal/artifacts/press-x32-checkout'
'C:/Projects/Fraktal/artifacts/press-x32-checkout' is owned by:
	Workstation/CodexSandboxOffline (S-1-5-21-2977979675-2688864368-1726070307-1007)
but the current user is:
	Workstation/TcUser (S-1-5-21-2977979675-2688864368-1726070307-1002)
To add an exception for this directory, call:

	git config --global --add safe.directory C:/Projects/Fraktal/artifacts/press-x32-checkout
fatal: detected dubious ownership in repository at 'C:/Projects/Fraktal/artifacts/press-x32-checkout'
'C:/Projects/Fraktal/artifacts/press-x32-checkout' is owned by:
	Workstation/CodexSandboxOffline (S-1-5-21-2977979675-2688864368-1726070307-1007)
but the current user is:
	Workstation/TcUser (S-1-5-21-2977979675-2688864368-1726070307-1002)
To add an exception for this directory, call:

	git config --global --add safe.directory C:/Projects/Fraktal/artifacts/press-x32-checkout
fatal: detected dubious ownership in repository at 'C:/Projects/Fraktal/artifacts/press-x32-checkout'
'C:/Projects/Fraktal/artifacts/press-x32-checkout' is owned by:
	Workstation/CodexSandboxOffline (S-1-5-21-2977979675-2688864368-1726070307-1007)
but the current user is:
	Workstation/TcUser (S-1-5-21-2977979675-2688864368-1726070307-1002)
To add an exception for this directory, call:

	git config --global --add safe.directory C:/Projects/Fraktal/artifacts/press-x32-checkout
