| TcUnit results read over ADS from 192.168.1.6.1.1:851
| ======================================
| Test suite name=PRG_PressTestRunner.PressDemoTests
| Test class name=PRG_PressTestRunner.PressDemoTests.Model_changeover_is_transactional status=PASS
| Test class name=PRG_PressTestRunner.PressDemoTests.Start_release_enforces_operating_air status=PASS
| Test class name=PRG_PressTestRunner.PressDemoTests.Home_and_changeover_sequences_are_explicit status=PASS
| Test class name=PRG_PressTestRunner.PressDemoTests.Auto_cycle_returns_to_load_position status=PASS
| Test suite name=PRG_PressTestRunner.FaultRecoveryTests
| Test class name=PRG_PressTestRunner.FaultRecoveryTests.Two_hand_release_mid_stroke_holds_the_ram status=PASS
| Test class name=PRG_PressTestRunner.FaultRecoveryTests.Two_hand_release_in_the_dwell_holds_and_restores status=PASS
| Test class name=PRG_PressTestRunner.FaultRecoveryTests.Air_loss_mid_stroke_holds_and_resumes status=PASS
| Test class name=PRG_PressTestRunner.FaultRecoveryTests.Latched_fault_recovers_with_one_operator_reset status=PASS
| Test class name=PRG_PressTestRunner.FaultRecoveryTests.Reset_never_bypasses_a_live_condition status=PASS
| ======================================
| Test suites: 2
| Tests: 9
| Successful tests: 9
| Failed tests: 0
| Duration: 0.0130143
| ======================================
