Solution=C:\Projects\Fraktal\artifacts\tc3-handover\FraktalCore\PLC\TwinCAT\Examples\PressDemo\PressDemo.slnx
Configuration=Debug|TwinCAT OS (x64)
IecProject=TIPC^Fraktal_Press_Demo^Fraktal_Press_Demo Project
BootProjectAutostart=False
CheckAllObjects=True
Dte2Interop=C:\Program Files\Microsoft Visual Studio\18\Community\Common7\IDE\PublicAssemblies\envdte80.dll
DteErrorListCount=38
DteError[1]=10/5/2026 5:49:48 PM 240 ms | 'PlcTask' (350): | ====================================== | Project= | File= | Line=0 | Column=0
DteError[2]=10/5/2026 5:49:48 PM 120 ms | 'PlcTask' (350): | ==========TESTS FINISHED RUNNING========== | Project= | File= | Line=0 | Column=0
DteError[3]=10/5/2026 5:49:48 PM 220 ms | 'PlcTask' (350): | Duration: 1.40801e-2 | Project= | File= | Line=0 | Column=0
DteError[4]=10/5/2026 5:49:48 PM 140 ms | 'PlcTask' (350): | Test suites: 2 | Project= | File= | Line=0 | Column=0
DteError[5]=10/5/2026 5:49:48 PM 160 ms | 'PlcTask' (350): | Tests: 9 | Project= | File= | Line=0 | Column=0
DteError[6]=10/5/2026 5:49:48 PM 180 ms | 'PlcTask' (350): | Successful tests: 9 | Project= | File= | Line=0 | Column=0
DteError[7]=10/5/2026 5:49:48 PM 200 ms | 'PlcTask' (350): | Failed tests: 0 | Project= | File= | Line=0 | Column=0
DteError[8]=10/5/2026 5:49:48 PM 040 ms | 'PlcTask' (350): | Test status=PASS, number of asserts=18, duration=6.343e-4 | Project= | File= | Line=0 | Column=0
DteError[9]=10/5/2026 5:49:47 PM 900 ms | 'PlcTask' (350): | Test class name=PRG_PressTestRunner.FaultRecoveryTests | Project= | File= | Line=0 | Column=0
DteError[10]=10/5/2026 5:49:48 PM 060 ms | 'PlcTask' (350): | Test name=Reset_never_bypasses_a_live_condition | Project= | File= | Line=0 | Column=0
DteError[11]=10/5/2026 5:49:47 PM 960 ms | 'PlcTask' (350): | Test class name=PRG_PressTestRunner.FaultRecoveryTests | Project= | File= | Line=0 | Column=0
DteError[12]=10/5/2026 5:49:47 PM 560 ms | 'PlcTask' (350): | Test class name=PRG_PressTestRunner.PressDemoTests | Project= | File= | Line=0 | Column=0
DteError[13]=10/5/2026 5:49:47 PM 920 ms | 'PlcTask' (350): | Test status=PASS, number of asserts=9, duration=4.457e-4 | Project= | File= | Line=0 | Column=0
DteError[14]=10/5/2026 5:49:47 PM 760 ms | 'PlcTask' (350): | Test status=PASS, number of asserts=10, duration=7.965e-4 | Project= | File= | Line=0 | Column=0
DteError[15]=10/5/2026 5:49:47 PM 540 ms | 'PlcTask' (350): | Test name=Model_changeover_is_transactional | Project= | File= | Line=0 | Column=0
DteError[16]=10/5/2026 5:49:47 PM 520 ms | 'PlcTask' (350): | ID=0 number of tests=4, number of failed tests=0, duration=1.7662e-3 | Project= | File= | Line=0 | Column=0
DteError[17]=10/5/2026 5:49:47 PM 640 ms | 'PlcTask' (350): | Test status=PASS, number of asserts=9, duration=4.243e-4 | Project= | File= | Line=0 | Column=0
DteError[18]=10/5/2026 5:49:48 PM 080 ms | 'PlcTask' (350): | Test class name=PRG_PressTestRunner.FaultRecoveryTests | Project= | File= | Line=0 | Column=0
DteError[19]=10/5/2026 5:49:47 PM 940 ms | 'PlcTask' (350): | Test name=Air_loss_mid_stroke_holds_and_resumes | Project= | File= | Line=0 | Column=0
DteError[20]=10/5/2026 5:49:47 PM 980 ms | 'PlcTask' (350): | Test status=PASS, number of asserts=10, duration=5.054e-4 | Project= | File= | Line=0 | Column=0
DteError[21]=10/5/2026 5:49:47 PM 800 ms | 'PlcTask' (350): | ID=1 number of tests=5, number of failed tests=0, duration=2.7263e-3 | Project= | File= | Line=0 | Column=0
DteError[22]=10/5/2026 5:49:47 PM 660 ms | 'PlcTask' (350): | Test name=Home_and_changeover_sequences_are_explicit | Project= | File= | Line=0 | Column=0
DteError[23]=10/5/2026 5:49:47 PM 840 ms | 'PlcTask' (350): | Test class name=PRG_PressTestRunner.FaultRecoveryTests | Project= | File= | Line=0 | Column=0
DteError[24]=10/5/2026 5:49:48 PM 020 ms | 'PlcTask' (350): | Test class name=PRG_PressTestRunner.FaultRecoveryTests | Project= | File= | Line=0 | Column=0
DteError[25]=10/5/2026 5:49:47 PM 780 ms | 'PlcTask' (350): | Test suite ID=1 'PRG_PressTestRunner.FaultRecoveryTests' | Project= | File= | Line=0 | Column=0
DteError[26]=10/5/2026 5:49:48 PM 000 ms | 'PlcTask' (350): | Test name=Latched_fault_recovers_with_one_operator_reset | Project= | File= | Line=0 | Column=0
DteError[27]=10/5/2026 5:49:47 PM 600 ms | 'PlcTask' (350): | Test name=Start_release_enforces_operating_air | Project= | File= | Line=0 | Column=0
DteError[28]=10/5/2026 5:49:47 PM 740 ms | 'PlcTask' (350): | Test class name=PRG_PressTestRunner.PressDemoTests | Project= | File= | Line=0 | Column=0
DteError[29]=10/5/2026 5:49:47 PM 500 ms | 'PlcTask' (350): | Test suite ID=0 'PRG_PressTestRunner.PressDemoTests' | Project= | File= | Line=0 | Column=0
DteError[30]=10/5/2026 5:49:48 PM 100 ms | 'PlcTask' (350): | Test status=PASS, number of asserts=7, duration=3.803e-4 | Project= | File= | Line=0 | Column=0
DteError[31]=10/5/2026 5:49:47 PM 620 ms | 'PlcTask' (350): | Test class name=PRG_PressTestRunner.PressDemoTests | Project= | File= | Line=0 | Column=0
DteError[32]=10/5/2026 5:49:47 PM 820 ms | 'PlcTask' (350): | Test name=Two_hand_release_mid_stroke_holds_the_ram | Project= | File= | Line=0 | Column=0
DteError[33]=10/5/2026 5:49:47 PM 720 ms | 'PlcTask' (350): | Test name=Auto_cycle_returns_to_load_position | Project= | File= | Line=0 | Column=0
DteError[34]=10/5/2026 5:49:47 PM 700 ms | 'PlcTask' (350): | Test status=PASS, number of asserts=15, duration=4.606e-4 | Project= | File= | Line=0 | Column=0
DteError[35]=10/5/2026 5:49:47 PM 580 ms | 'PlcTask' (350): | Test status=PASS, number of asserts=6, duration=2.93e-5 | Project= | File= | Line=0 | Column=0
DteError[36]=10/5/2026 5:49:47 PM 680 ms | 'PlcTask' (350): | Test class name=PRG_PressTestRunner.PressDemoTests | Project= | File= | Line=0 | Column=0
DteError[37]=10/5/2026 5:49:47 PM 860 ms | 'PlcTask' (350): | Test status=PASS, number of asserts=13, duration=4.459e-4 | Project= | File= | Line=0 | Column=0
DteError[38]=10/5/2026 5:49:47 PM 880 ms | 'PlcTask' (350): | Test name=Two_hand_release_in_the_dwell_holds_and_restores | Project= | File= | Line=0 | Column=0
DteOutputPaneCount=9
--- DTE output pane: Source Control - Team Foundation ---
[capture failed: The property 'StartPoint' cannot be found on this object. Verify that the property exists.]
--- DTE output pane: Build ---
------ Build started: Application: PressDemo.Fraktal_Press_Demo -------
Typify code...
Additional code checks ...
Additional code checks complete -- 0 errors
Compile complete -- 0 errors, 0 warnings
--- DTE output pane: Build Order ---
[capture failed: The property 'StartPoint' cannot be found on this object. Verify that the property exists.]
--- DTE output pane: Database Output ---
[capture failed: The property 'StartPoint' cannot be found on this object. Verify that the property exists.]
--- DTE output pane: Tests ---
[capture failed: The property 'StartPoint' cannot be found on this object. Verify that the property exists.]
--- DTE output pane: Source Control ---
[capture failed: The property 'StartPoint' cannot be found on this object. Verify that the property exists.]
--- DTE output pane: Debug ---
[capture failed: The property 'StartPoint' cannot be found on this object. Verify that the property exists.]
--- DTE output pane: TwinCAT ---
MSG | 10/5/2026 5:49:47 PM 500 ms | 'PlcTask' (350): | Test suite ID=0 'PRG_PressTestRunner.PressDemoTests'
MSG | 10/5/2026 5:49:47 PM 520 ms | 'PlcTask' (350): | ID=0 number of tests=4, number of failed tests=0, duration=1.7662e-3
MSG | 10/5/2026 5:49:47 PM 540 ms | 'PlcTask' (350): | Test name=Model_changeover_is_transactional
MSG | 10/5/2026 5:49:47 PM 560 ms | 'PlcTask' (350): | Test class name=PRG_PressTestRunner.PressDemoTests
MSG | 10/5/2026 5:49:47 PM 580 ms | 'PlcTask' (350): | Test status=PASS, number of asserts=6, duration=2.93e-5
MSG | 10/5/2026 5:49:47 PM 600 ms | 'PlcTask' (350): | Test name=Start_release_enforces_operating_air
MSG | 10/5/2026 5:49:47 PM 620 ms | 'PlcTask' (350): | Test class name=PRG_PressTestRunner.PressDemoTests
MSG | 10/5/2026 5:49:47 PM 640 ms | 'PlcTask' (350): | Test status=PASS, number of asserts=9, duration=4.243e-4
MSG | 10/5/2026 5:49:47 PM 660 ms | 'PlcTask' (350): | Test name=Home_and_changeover_sequences_are_explicit
MSG | 10/5/2026 5:49:47 PM 680 ms | 'PlcTask' (350): | Test class name=PRG_PressTestRunner.PressDemoTests
MSG | 10/5/2026 5:49:47 PM 700 ms | 'PlcTask' (350): | Test status=PASS, number of asserts=15, duration=4.606e-4
MSG | 10/5/2026 5:49:47 PM 720 ms | 'PlcTask' (350): | Test name=Auto_cycle_returns_to_load_position
MSG | 10/5/2026 5:49:47 PM 740 ms | 'PlcTask' (350): | Test class name=PRG_PressTestRunner.PressDemoTests
MSG | 10/5/2026 5:49:47 PM 760 ms | 'PlcTask' (350): | Test status=PASS, number of asserts=10, duration=7.965e-4
MSG | 10/5/2026 5:49:47 PM 780 ms | 'PlcTask' (350): | Test suite ID=1 'PRG_PressTestRunner.FaultRecoveryTests'
MSG | 10/5/2026 5:49:47 PM 800 ms | 'PlcTask' (350): | ID=1 number of tests=5, number of failed tests=0, duration=2.7263e-3
MSG | 10/5/2026 5:49:47 PM 820 ms | 'PlcTask' (350): | Test name=Two_hand_release_mid_stroke_holds_the_ram
MSG | 10/5/2026 5:49:47 PM 840 ms | 'PlcTask' (350): | Test class name=PRG_PressTestRunner.FaultRecoveryTests
MSG | 10/5/2026 5:49:47 PM 860 ms | 'PlcTask' (350): | Test status=PASS, number of asserts=13, duration=4.459e-4
MSG | 10/5/2026 5:49:47 PM 880 ms | 'PlcTask' (350): | Test name=Two_hand_release_in_the_dwell_holds_and_restores
MSG | 10/5/2026 5:49:47 PM 900 ms | 'PlcTask' (350): | Test class name=PRG_PressTestRunner.FaultRecoveryTests
MSG | 10/5/2026 5:49:47 PM 920 ms | 'PlcTask' (350): | Test status=PASS, number of asserts=9, duration=4.457e-4
MSG | 10/5/2026 5:49:47 PM 940 ms | 'PlcTask' (350): | Test name=Air_loss_mid_stroke_holds_and_resumes
MSG | 10/5/2026 5:49:47 PM 960 ms | 'PlcTask' (350): | Test class name=PRG_PressTestRunner.FaultRecoveryTests
MSG | 10/5/2026 5:49:47 PM 980 ms | 'PlcTask' (350): | Test status=PASS, number of asserts=10, duration=5.054e-4
MSG | 10/5/2026 5:49:48 PM 000 ms | 'PlcTask' (350): | Test name=Latched_fault_recovers_with_one_operator_reset
MSG | 10/5/2026 5:49:48 PM 020 ms | 'PlcTask' (350): | Test class name=PRG_PressTestRunner.FaultRecoveryTests
MSG | 10/5/2026 5:49:48 PM 040 ms | 'PlcTask' (350): | Test status=PASS, number of asserts=18, duration=6.343e-4
MSG | 10/5/2026 5:49:48 PM 060 ms | 'PlcTask' (350): | Test name=Reset_never_bypasses_a_live_condition
MSG | 10/5/2026 5:49:48 PM 080 ms | 'PlcTask' (350): | Test class name=PRG_PressTestRunner.FaultRecoveryTests
MSG | 10/5/2026 5:49:48 PM 100 ms | 'PlcTask' (350): | Test status=PASS, number of asserts=7, duration=3.803e-4
ERR | 10/5/2026 5:49:48 PM 120 ms | 'PlcTask' (350): | ==========TESTS FINISHED RUNNING==========
ERR | 10/5/2026 5:49:48 PM 140 ms | 'PlcTask' (350): | Test suites: 2
ERR | 10/5/2026 5:49:48 PM 160 ms | 'PlcTask' (350): | Tests: 9
ERR | 10/5/2026 5:49:48 PM 180 ms | 'PlcTask' (350): | Successful tests: 9
ERR | 10/5/2026 5:49:48 PM 200 ms | 'PlcTask' (350): | Failed tests: 0
ERR | 10/5/2026 5:49:48 PM 220 ms | 'PlcTask' (350): | Duration: 1.40801e-2
ERR | 10/5/2026 5:49:48 PM 240 ms | 'PlcTask' (350): | ======================================
--- DTE output pane: Source Control - Git ---
Opening repositories:
C:\Projects\Fraktal\artifacts\tc3-handover
Root element is missing.
