| TcUnit results read over ADS from 192.168.1.6.1.1:851
| ======================================
| Test suite name=PRG_TcUnitRunner.BaseTests
| Test class name=PRG_TcUnitRunner.BaseTests.T1_Handshake_and_execute_drop_reset status=PASS
| Test class name=PRG_TcUnitRunner.BaseTests.T2_First_out_reason_and_source_path status=PASS
| Test class name=PRG_TcUnitRunner.BaseTests.T4_Abort_reports_and_no_auto_resume status=PASS
| Test class name=PRG_TcUnitRunner.BaseTests.T6_Rollup_adopts_child_first_out status=PASS
| Test suite name=PRG_TcUnitRunner.PermTests
| Test class name=PRG_TcUnitRunner.PermTests.FirstFailed_is_lowest_false_condition status=PASS
| Test class name=PRG_TcUnitRunner.PermTests.Bypass_only_when_bypassable_and_flagged status=PASS
| Test suite name=PRG_TcUnitRunner.PowerGroupTests
| Test class name=PRG_TcUnitRunner.PowerGroupTests.Safety_trip_requires_deliberate_reenergize status=PASS
| Test suite name=PRG_TcUnitRunner.TwoHandTests
| Test class name=PRG_TcUnitRunner.TwoHandTests.Release_is_required_between_start_edges status=PASS
| Test suite name=PRG_TcUnitRunner.TimingTests
| Test class name=PRG_TcUnitRunner.TimingTests.TimingUpdate_math_is_exact status=PASS
| Test class name=PRG_TcUnitRunner.TimingTests.Profiler_publishes_classified_cycle status=PASS
| Test class name=PRG_TcUnitRunner.TimingTests.Base_captures_tagged_command_row status=PASS
| Test suite name=PRG_TcUnitRunner.UnitTests
| Test class name=PRG_TcUnitRunner.UnitTests.Unit_run_stall_classes_and_cycle status=PASS
| Test class name=PRG_TcUnitRunner.UnitTests.Unit_mode_change_is_estop_by_default status=PASS
| Test class name=PRG_TcUnitRunner.UnitTests.Sequence_rows_belong_to_the_active_mode status=PASS
| Test class name=PRG_TcUnitRunner.UnitTests.Unit_config_capability_is_typed_and_fail_closed status=PASS
| Test suite name=PRG_TcUnitRunner.ConnectorTests
| Test class name=PRG_TcUnitRunner.ConnectorTests.Heartbeat_links_and_protocol_fail_drops status=PASS
| Test class name=PRG_TcUnitRunner.ConnectorTests.Silent_link_confirms_LINK_TIMEOUT status=PASS
| Test class name=PRG_TcUnitRunner.ConnectorTests.Module_contract_is_neutral status=PASS
| Test suite name=PRG_TcUnitRunner.CylinderTests
| Test class name=PRG_TcUnitRunner.CylinderTests.Extend_completes_against_sim status=PASS
| Test class name=PRG_TcUnitRunner.CylinderTests.T2_first_out_reason_and_path status=PASS
| Test class name=PRG_TcUnitRunner.CylinderTests.T3_interlock_withholds_output status=PASS
| Test class name=PRG_TcUnitRunner.CylinderTests.T5_recipe_schema_mismatch_faults status=PASS
| Test class name=PRG_TcUnitRunner.CylinderTests.Recipe_lookup_uses_model_and_key status=PASS
| Test class name=PRG_TcUnitRunner.CylinderTests.Directional_interlock_covers_typed_command status=PASS
| Test class name=PRG_TcUnitRunner.CylinderTests.Timeout_identifies_sensor_tag status=PASS
| Test suite name=PRG_TcUnitRunner.DecisionTests
| Test class name=PRG_TcUnitRunner.DecisionTests.Operator_choice_is_validated_consumed_and_logged status=PASS
| Test class name=PRG_TcUnitRunner.DecisionTests.Repeated_request_is_idempotent_and_overlap_rejects status=PASS
| Test class name=PRG_TcUnitRunner.DecisionTests.Timeout_uses_the_validated_safe_default status=PASS
| Test class name=PRG_TcUnitRunner.DecisionTests.Invalid_timeout_default_faults_without_publication status=PASS
| Test suite name=PRG_TcUnitRunner.ConfigurableCylinderTests
| Test class name=PRG_TcUnitRunner.ConfigurableCylinderTests.Duplex_all_agree_completes status=PASS
| Test class name=PRG_TcUnitRunner.ConfigurableCylinderTests.Discrepancy_faults status=PASS
| Test class name=PRG_TcUnitRunner.ConfigurableCylinderTests.Sensorless_completes_on_time status=PASS
| Test class name=PRG_TcUnitRunner.ConfigurableCylinderTests.Timeout_faults status=PASS
| Test suite name=PRG_TcUnitRunner.ClampTests
| Test class name=PRG_TcUnitRunner.ClampTests.Clamp_rolls_up_CylB_first_out status=PASS
| Test class name=PRG_TcUnitRunner.ClampTests.T3_interlock_withholds_child_output status=PASS
| Test class name=PRG_TcUnitRunner.ClampTests.T5_recipe_schema_mismatch_faults status=PASS
| Test suite name=PRG_TcUnitRunner.UnitTierTests
| Test class name=PRG_TcUnitRunner.UnitTierTests.Root_is_a_real_unit status=PASS
| Test class name=PRG_TcUnitRunner.UnitTierTests.T8_unsupported_mode_is_rejected_gracefully status=PASS
| Test class name=PRG_TcUnitRunner.UnitTierTests.T10_start_gate_matches_release_report status=PASS
| Test class name=PRG_TcUnitRunner.UnitTierTests.T6_T9_root_rollup_names_deepest_child status=PASS
| Test suite name=PRG_TcUnitRunner.HmiTests
| Test class name=PRG_TcUnitRunner.HmiTests.Status_mirror_carries_name_state_and_diag status=PASS
| Test class name=PRG_TcUnitRunner.HmiTests.Unit_publishes_counters_and_history status=PASS
| Test class name=PRG_TcUnitRunner.HmiTests.Nameplate_roundtrip status=PASS
| Test class name=PRG_TcUnitRunner.HmiTests.Mailbox_commits_once_and_acknowledges status=PASS
| Test class name=PRG_TcUnitRunner.HmiTests.Mailbox_policy_is_self_gated_and_power_ack_is_authoritative status=PASS
| Test suite name=PRG_TcUnitRunner.HostEventTests
| Test class name=PRG_TcUnitRunner.HostEventTests.Rejects_invalid_event status=PASS
| Test class name=PRG_TcUnitRunner.HostEventTests.Publishes_required_shape status=PASS
| Test class name=PRG_TcUnitRunner.HostEventTests.Accepts_fixed_vocabulary status=PASS
| Test class name=PRG_TcUnitRunner.HostEventTests.Ring_is_bounded status=PASS
| Test suite name=PRG_TcUnitRunner.IoTopologyTests
| Test class name=PRG_TcUnitRunner.IoTopologyTests.Publishes_value_health_and_diagnostic status=PASS
| Test class name=PRG_TcUnitRunner.IoTopologyTests.Rejects_duplicate_channel_identity status=PASS
| Test suite name=PRG_TcUnitRunner.InputModuleTests
| Test class name=PRG_TcUnitRunner.InputModuleTests.Digital_input_publishes_semantic_value_and_identity status=PASS
| Test class name=PRG_TcUnitRunner.InputModuleTests.Air_monitor_derives_pressure_and_faults_on_conflict status=PASS
| Test suite name=PRG_TcUnitRunner.AccessTests
| Test class name=PRG_TcUnitRunner.AccessTests.Default_policy_is_fully_open status=PASS
| Test class name=PRG_TcUnitRunner.AccessTests.Threshold_denies_then_login_permits_then_logout_denies status=PASS
| Test class name=PRG_TcUnitRunner.AccessTests.Policy_rejects_invalid_ordinals_and_timeout status=PASS
| Test class name=PRG_TcUnitRunner.AccessTests.Re_registering_replaces_the_PIN status=PASS
| Test suite name=PRG_TcUnitRunner.AlarmLogTests
| Test class name=PRG_TcUnitRunner.AlarmLogTests.Auto_reset_closes_with_duration status=PASS
| Test class name=PRG_TcUnitRunner.AlarmLogTests.Manual_reset_blocks_until_operator status=PASS
| Test class name=PRG_TcUnitRunner.AlarmLogTests.Diagnostic_io_identity_is_preserved status=PASS
| Test class name=PRG_TcUnitRunner.AlarmLogTests.Unit_fault_captured_and_start_blocked status=PASS
| Test suite name=PRG_TcUnitRunner.ManualCmdTests
| Test class name=PRG_TcUnitRunner.ManualCmdTests.Catalog_published status=PASS
| Test class name=PRG_TcUnitRunner.ManualCmdTests.Rejected_when_not_manual status=PASS
| Test class name=PRG_TcUnitRunner.ManualCmdTests.Accepted_in_manual_runs_lifecycle status=PASS
| Test class name=PRG_TcUnitRunner.ManualCmdTests.Unsupported_value_rejected status=PASS
| Test suite name=PRG_TcUnitRunner.MultiRootTests
| Test class name=PRG_TcUnitRunner.MultiRootTests.Two_roots_hold_independent_models status=PASS
| Test suite name=PRG_TcUnitRunner.OeeTests
| Test class name=PRG_TcUnitRunner.OeeTests.Quality_from_counters status=PASS
| Test class name=PRG_TcUnitRunner.OeeTests.Invalid_perf_omitted_from_product status=PASS
| Test class name=PRG_TcUnitRunner.OeeTests.Perf_capped_at_one status=PASS
| Test suite name=PRG_TcUnitRunner.ReleaseTests
| Test class name=PRG_TcUnitRunner.ReleaseTests.Lists_failed_interlock status=PASS
| Test class name=PRG_TcUnitRunner.ReleaseTests.Released_when_all_clear status=PASS
| Test class name=PRG_TcUnitRunner.ReleaseTests.Start_gate_matches_release_report status=PASS
| Test suite name=PRG_TcUnitRunner.ShelveTests
| Test class name=PRG_TcUnitRunner.ShelveTests.Unrationalized_refused status=PASS
| Test class name=PRG_TcUnitRunner.ShelveTests.Safety_refused status=PASS
| Test class name=PRG_TcUnitRunner.ShelveTests.Zero_duration_refused status=PASS
| Test class name=PRG_TcUnitRunner.ShelveTests.Shelved_still_blocks status=PASS
| Test class name=PRG_TcUnitRunner.ShelveTests.Generated_metadata_is_authoritative status=PASS
| Test class name=PRG_TcUnitRunner.ShelveTests.Reused_slot_clears_shelf_state status=PASS
| Test suite name=PRG_TcUnitRunner.TcpDeviceTests
| Test class name=PRG_TcUnitRunner.TcpDeviceTests.Vision_configured_parses status=PASS
| Test class name=PRG_TcUnitRunner.TcpDeviceTests.Reader_code_and_match status=PASS
| Test class name=PRG_TcUnitRunner.TcpDeviceTests.Timeout_faults_10402 status=PASS
| Test class name=PRG_TcUnitRunner.TcpDeviceTests.Model_presets_apply_configuration status=PASS
| Test suite name=PRG_TcUnitRunner.PartTraceTests
| Test class name=PRG_TcUnitRunner.PartTraceTests.Carrier_assigns_serials_and_stores_results status=PASS
| Test class name=PRG_TcUnitRunner.PartTraceTests.Carrier_preserves_carried_identity status=PASS
| Test suite name=PRG_TcUnitRunner.SystemInfrastructureTests
| Test class name=PRG_TcUnitRunner.SystemInfrastructureTests.Health_fault_edges_are_auto_reset_and_time_qualified status=PASS
| Test class name=PRG_TcUnitRunner.SystemInfrastructureTests.Tower_mapping_and_bounded_test status=PASS
| Test class name=PRG_TcUnitRunner.SystemInfrastructureTests.Windows_clock_quality_rejects_bad_and_stale_samples status=PASS
| Test class name=PRG_TcUnitRunner.SystemInfrastructureTests.Crc32_matches_the_standard_and_the_native_observer status=PASS
| Test class name=PRG_TcUnitRunner.SystemInfrastructureTests.Windows_clock_file_reader_reads_rejects_and_expires status=PASS
| Test suite name=PRG_TcUnitRunner.SequenceRaiseTests
| Test class name=PRG_TcUnitRunner.SequenceRaiseTests.Guarded_child_fault_is_raised_with_its_drilldown_link status=PASS
| Test class name=PRG_TcUnitRunner.SequenceRaiseTests.Cleared_error_re_evaluates_the_command_at_the_same_step status=PASS
| Test class name=PRG_TcUnitRunner.SequenceRaiseTests.Custom_message_carries_its_own_severity_and_link status=PASS
| Test class name=PRG_TcUnitRunner.SequenceRaiseTests.Warning_is_recorded_once_per_visit_and_stops_nothing status=PASS
| Test class name=PRG_TcUnitRunner.SequenceRaiseTests.Reported_child_failure_is_visible_without_stopping_the_chain status=PASS
| Test suite name=PRG_TcUnitRunner.SequenceParTests
| Test class name=PRG_TcUnitRunner.SequenceParTests.Legs_run_together_with_independent_step_state status=PASS
| Test class name=PRG_TcUnitRunner.SequenceParTests.Join_waits_for_every_leg_and_publishes_them_separately status=PASS
| Test suite name=PRG_TcUnitRunner.StateFlagTests
| Test class name=PRG_TcUnitRunner.StateFlagTests.Flag_is_published_with_the_moment_it_changed status=PASS
| Test class name=PRG_TcUnitRunner.StateFlagTests.Unpublished_flag_goes_stale_and_stops_claiming status=PASS
| Test suite name=PRG_TcUnitRunner.AxisTests
| Test class name=PRG_TcUnitRunner.AxisTests.Library_declares_no_interlocks_and_the_application_owns_safe_motion_status status=PASS
| Test class name=PRG_TcUnitRunner.AxisTests.Target_outside_soft_limits_is_rejected_before_any_motion status=PASS
| Test class name=PRG_TcUnitRunner.AxisTests.Move_before_home_is_rejected status=PASS
| Test class name=PRG_TcUnitRunner.AxisTests.Unsupported_command_is_rejected status=PASS
| Test suite name=PRG_TcUnitRunner.RobotPlannerTests
| Test class name=PRG_TcUnitRunner.RobotPlannerTests.Scan_junction_resolves_the_process_side_help status=PASS
| Test class name=PRG_TcUnitRunner.RobotPlannerTests.Scan_junction_resolves_the_drawer_side_help_in_the_same_table status=PASS
| Test class name=PRG_TcUnitRunner.RobotPlannerTests.Nest_to_nest_emits_depart_then_transit_then_approach status=PASS
| Test class name=PRG_TcUnitRunner.RobotPlannerTests.Approach_corridor_is_reversed_and_lands_exactly_on_the_nest status=PASS
| Test class name=PRG_TcUnitRunner.RobotPlannerTests.Corridor_differs_per_gripper_with_no_conditional_code status=PASS
| Test class name=PRG_TcUnitRunner.RobotPlannerTests.Taught_corridor_emits_a_list_reference_instead_of_offsets status=PASS
| Test class name=PRG_TcUnitRunner.RobotPlannerTests.Disconnected_graph_yields_ROBOT_NO_ROUTE status=PASS
| Test class name=PRG_TcUnitRunner.RobotPlannerTests.One_way_nest_refuses_the_reversal_loudly status=PASS
| Test class name=PRG_TcUnitRunner.RobotPlannerTests.Malformed_endpoints_are_rejected_before_planning status=PASS
| Test class name=PRG_TcUnitRunner.RobotPlannerTests.Direct_nest_list_bypasses_help_routing status=PASS
| Test suite name=PRG_TcUnitRunner.RobotConnectorTests
| Test class name=PRG_TcUnitRunner.RobotConnectorTests.Link_down_refuses_every_command_rather_than_dropping_it status=PASS
| Test class name=PRG_TcUnitRunner.RobotConnectorTests.Id_addressed_commands_are_framed_on_the_wire status=PASS
| Test class name=PRG_TcUnitRunner.RobotConnectorTests.Status_poll_publishes_the_controllers_reported_facts status=PASS
| Test class name=PRG_TcUnitRunner.RobotConnectorTests.Controller_error_is_carried_verbatim_and_faults status=PASS
| Test class name=PRG_TcUnitRunner.RobotConnectorTests.Resume_is_refused_when_the_arm_left_the_retained_path status=PASS
| Test class name=PRG_TcUnitRunner.RobotConnectorTests.Unknown_mode_request_is_refused_outright status=PASS
| Test suite name=PRG_TcUnitRunner.RobotCmTests
| Test class name=PRG_TcUnitRunner.RobotCmTests.Command_on_a_down_link_faults_with_the_link_reason status=PASS
| Test class name=PRG_TcUnitRunner.RobotCmTests.Motion_before_homing_is_refused status=PASS
| Test class name=PRG_TcUnitRunner.RobotCmTests.Home_is_exempt_from_the_reference_check status=PASS
| Test class name=PRG_TcUnitRunner.RobotCmTests.Speed_scale_outside_its_band_is_refused_before_motion status=PASS
| Test class name=PRG_TcUnitRunner.RobotCmTests.Mode_that_does_not_permit_motion_is_refused status=PASS
| Test class name=PRG_TcUnitRunner.RobotCmTests.Lost_permissive_holds_on_path_rather_than_faulting status=PASS
| Test class name=PRG_TcUnitRunner.RobotCmTests.Completion_publishes_the_reached_position status=PASS
| Test class name=PRG_TcUnitRunner.RobotCmTests.Protective_stop_aborts_with_its_own_reason status=PASS
| Test suite name=PRG_TcUnitRunner.AxisJogTests
| Test class name=PRG_TcUnitRunner.AxisJogTests.No_enabling_device_mirrored_means_never_enabled status=PASS
| Test class name=PRG_TcUnitRunner.AxisJogTests.A_released_enabling_device_does_not_permit status=PASS
| Test class name=PRG_TcUnitRunner.AxisJogTests.A_held_enabling_device_permits_and_names_itself status=PASS
| Test class name=PRG_TcUnitRunner.AxisJogTests.A_safety_fault_withdraws_the_permission status=PASS
| Test class name=PRG_TcUnitRunner.AxisJogTests.Jog_is_refused_without_a_held_enabling_device status=PASS
| Test class name=PRG_TcUnitRunner.AxisJogTests.Jog_stops_when_the_request_stops_arriving status=PASS
| Test class name=PRG_TcUnitRunner.AxisJogTests.Capture_stores_the_modules_own_live_value status=PASS
| Test class name=PRG_TcUnitRunner.AxisJogTests.Capture_is_refused_for_a_key_that_offers_none status=PASS
| Test suite name=PRG_TcUnitRunner.SeparatorTests
| Test class name=PRG_TcUnitRunner.SeparatorTests.Library_declares_no_interlocks_and_application_conditions_are_fail_closed status=PASS
| Test class name=PRG_TcUnitRunner.SeparatorTests.Interlock_withholds_the_valve_and_holds_rather_than_faults status=PASS
| Test class name=PRG_TcUnitRunner.SeparatorTests.Separate_releases_one_carrier_and_completes status=PASS
| Test class name=PRG_TcUnitRunner.SeparatorTests.No_carrier_at_the_separator_faults_10001 status=PASS
| Test class name=PRG_TcUnitRunner.SeparatorTests.Open_close_confirms_feedback_only_when_configured status=PASS
| Test class name=PRG_TcUnitRunner.SeparatorTests.Unsupported_command_is_rejected status=PASS
| Test suite name=PRG_TcUnitRunner.EngineeringTests
| Test class name=PRG_TcUnitRunner.EngineeringTests.Inactive_gate_is_not_registered_and_declaring_is_idempotent status=PASS
| Test class name=PRG_TcUnitRunner.EngineeringTests.Register_overflow_is_reported_not_silent status=PASS
| Test class name=PRG_TcUnitRunner.EngineeringTests.Forcing_is_armed_only_by_the_build_constant status=PASS
| Test class name=PRG_TcUnitRunner.EngineeringTests.Active_gate_annunciates_low_system_and_no_reset_closes_it status=PASS
| Test suite name=PRG_TcUnitRunner.ConfigWriteTests
| Test class name=PRG_TcUnitRunner.ConfigWriteTests.Registration_publishes_a_complete_capability status=PASS
| Test class name=PRG_TcUnitRunner.ConfigWriteTests.Duplicate_key_is_refused_and_the_first_stands status=PASS
| Test class name=PRG_TcUnitRunner.ConfigWriteTests.Write_reaches_the_owning_child_through_the_walk status=PASS
| Test class name=PRG_TcUnitRunner.ConfigWriteTests.Stale_revision_is_refused status=PASS
| Test class name=PRG_TcUnitRunner.ConfigWriteTests.Range_type_and_domain_are_enforced status=PASS
| Test class name=PRG_TcUnitRunner.ConfigWriteTests.RequiresReady_follows_the_root_state status=PASS
| Test class name=PRG_TcUnitRunner.ConfigWriteTests.Unknown_key_and_foreign_scope_change_nothing status=PASS
| Test class name=PRG_TcUnitRunner.ConfigWriteTests.Module_invariant_hook_can_refuse status=PASS
| Test class name=PRG_TcUnitRunner.ConfigWriteTests.Units_and_choices_publish_codes_and_labels status=PASS
| Test suite name=PRG_TcUnitRunner.ConfigDurabilityTests
| Test class name=PRG_TcUnitRunner.ConfigDurabilityTests.First_boot_initializes_silently status=PASS
| Test class name=PRG_TcUnitRunner.ConfigDurabilityTests.A_matching_version_restores_and_reports_nothing status=PASS
| Test class name=PRG_TcUnitRunner.ConfigDurabilityTests.An_unrecognized_version_is_reported_once_with_its_owner status=PASS
| Test class name=PRG_TcUnitRunner.ConfigDurabilityTests.The_root_annunciates_a_loss_without_blocking_on_its_own status=PASS
| Test class name=PRG_TcUnitRunner.ConfigDurabilityTests.Blocking_policy_refuses_start_until_an_engineer_acknowledges status=PASS
| Test class name=PRG_TcUnitRunner.ConfigDurabilityTests.An_accepted_write_is_pending_until_the_store_completes status=PASS
| Test class name=PRG_TcUnitRunner.ConfigDurabilityTests.A_store_that_refuses_publishes_PersistFailed status=PASS
| Test class name=PRG_TcUnitRunner.ConfigDurabilityTests.An_elapsed_window_publishes_PersistFailed status=PASS
| Test suite name=PRG_TcUnitRunner.ConfigSetTests
| Test class name=PRG_TcUnitRunner.ConfigSetTests.A_saved_set_is_the_manifest_walk_projected status=PASS
| Test class name=PRG_TcUnitRunner.ConfigSetTests.A_set_round_trips_through_the_store status=PASS
| Test class name=PRG_TcUnitRunner.ConfigSetTests.Loading_a_set_restores_every_value_it_carries status=PASS
| Test class name=PRG_TcUnitRunner.ConfigSetTests.One_bad_record_aborts_the_whole_load_and_names_it status=PASS
| Test class name=PRG_TcUnitRunner.ConfigSetTests.A_capability_that_no_longer_exists_is_reported_not_dropped status=PASS
| Test class name=PRG_TcUnitRunner.ConfigSetTests.A_set_from_another_root_is_refused status=PASS
| Test class name=PRG_TcUnitRunner.ConfigSetTests.A_record_round_trips_through_its_json_line status=PASS
| Test class name=PRG_TcUnitRunner.ConfigSetTests.A_malformed_json_line_is_refused_whole status=PASS
| Test class name=PRG_TcUnitRunner.ConfigSetTests.A_model_set_is_not_applied_as_per_field_writes status=PASS
| Test class name=PRG_TcUnitRunner.ConfigSetTests.Set_operations_need_a_store_and_the_CONFIG_SET_gate status=PASS
| Test class name=PRG_TcUnitRunner.ConfigSetTests.A_deleted_set_is_gone_and_frees_its_slot status=PASS
| Test class name=PRG_TcUnitRunner.ConfigSetTests.A_line_longer_than_a_request_imports_in_pieces status=PASS
| Test suite name=PRG_TcUnitRunner.DataClassTests
| Test class name=PRG_TcUnitRunner.DataClassTests.Builtin_class_uses_DATA_WRITE status=PASS
| Test class name=PRG_TcUnitRunner.DataClassTests.A_public_class_lets_an_operator_edit_its_values status=PASS
| Test class name=PRG_TcUnitRunner.DataClassTests.A_value_can_only_raise_its_class status=PASS
| Test class name=PRG_TcUnitRunner.DataClassTests.An_undeclared_class_fails_closed status=PASS
| Test class name=PRG_TcUnitRunner.DataClassTests.Declaring_a_class_again_keeps_an_edited_level status=PASS
| Test class name=PRG_TcUnitRunner.DataClassTests.The_manifest_publishes_effective_levels status=PASS
| Test class name=PRG_TcUnitRunner.DataClassTests.A_set_load_needs_the_write_level_of_every_record status=PASS
| Test suite name=PRG_TcUnitRunner.ModelDataTests
| Test class name=PRG_TcUnitRunner.ModelDataTests.Another_model_is_served_and_edited_in_its_own_record status=PASS
| Test class name=PRG_TcUnitRunner.ModelDataTests.An_edit_of_the_active_model_is_saved_to_its_record status=PASS
| Test class name=PRG_TcUnitRunner.ModelDataTests.An_unknown_model_is_refused status=PASS
| Test class name=PRG_TcUnitRunner.ModelDataTests.Another_model_page_holds_only_its_model_data status=PASS
| Test suite name=PRG_TcUnitRunner.Sha256Tests
| Test class name=PRG_TcUnitRunner.Sha256Tests.The_empty_message_hashes_to_the_published_digest status=PASS
| Test class name=PRG_TcUnitRunner.Sha256Tests.One_block_hashes_to_the_published_digest status=PASS
| Test class name=PRG_TcUnitRunner.Sha256Tests.Two_blocks_hash_to_the_published_digest status=PASS
| Test suite name=PRG_TcUnitRunner.LineTests
| Test class name=PRG_TcUnitRunner.LineTests.The_owner_revision_rises_with_every_accepted_write status=PASS
| Test class name=PRG_TcUnitRunner.LineTests.A_mirror_applies_the_owner_revision_whole status=PASS
| Test class name=PRG_TcUnitRunner.LineTests.A_mirror_refuses_a_direct_write status=PASS
| Test class name=PRG_TcUnitRunner.LineTests.A_mirror_that_cannot_apply_a_revision_applies_nothing status=PASS
| Test class name=PRG_TcUnitRunner.LineTests.A_mirror_without_updates_goes_stale_and_recovers status=PASS
| Test class name=PRG_TcUnitRunner.LineTests.The_ADS_source_reads_the_owner_image status=PASS
| Test class name=PRG_TcUnitRunner.LineTests.A_line_is_no_child_and_its_keys_are_its_own status=PASS
| Test suite name=PRG_TcUnitRunner.ShiftTests
| Test class name=PRG_TcUnitRunner.ShiftTests.Current_shift_follows_the_calendar_and_wraps_midnight status=PASS
| Test class name=PRG_TcUnitRunner.ShiftTests.A_boundary_closes_the_shift_with_its_figures status=PASS
| Test class name=PRG_TcUnitRunner.ShiftTests.An_unsynchronized_boundary_is_recorded_as_such status=PASS
| Test class name=PRG_TcUnitRunner.ShiftTests.A_manual_reset_mid_shift_is_recorded status=PASS
| Test class name=PRG_TcUnitRunner.ShiftTests.The_history_is_bounded_and_newest_first status=PASS
| Test class name=PRG_TcUnitRunner.ShiftTests.No_line_means_no_shift_accounting status=PASS
| Test suite name=PRG_TcUnitRunner.HandoverTests
| Test class name=PRG_TcUnitRunner.HandoverTests.Clone_is_inactive_and_preserves_ordinals status=PASS
| Test class name=PRG_TcUnitRunner.HandoverTests.Duplicate_missing_and_oversize_models_are_atomic status=PASS
| Test class name=PRG_TcUnitRunner.HandoverTests.Clone_rechecks_effective_read_and_write_access status=PASS
| Test class name=PRG_TcUnitRunner.HandoverTests.Complete_model_set_creates_without_running_load status=PASS
| Test class name=PRG_TcUnitRunner.HandoverTests.Current_export_is_immutable_and_uses_no_saved_slot status=PASS
| Test class name=PRG_TcUnitRunner.HandoverTests.Current_export_replay_and_connection_mix_are_refused status=PASS
| Test class name=PRG_TcUnitRunner.HandoverTests.Current_export_rechecks_permissions_and_logout status=PASS
| Test class name=PRG_TcUnitRunner.HandoverTests.Aborted_overwrite_preserves_the_previous_saved_set status=PASS
| Test class name=PRG_TcUnitRunner.HandoverTests.Daily_and_V2_migration_preserve_identity_and_disable_fifth status=PASS
| Test class name=PRG_TcUnitRunner.HandoverTests.Weekly_validation_rejects_overlap_wrap_and_bad_ranges status=PASS
| Test class name=PRG_TcUnitRunner.HandoverTests.Five_rows_select_their_own_weekday_boundaries status=PASS
| Test class name=PRG_TcUnitRunner.HandoverTests.Whole_calendar_transaction_is_atomic status=PASS
| Test class name=PRG_TcUnitRunner.HandoverTests.Off_time_production_and_empty_calendar_edits_are_preserved status=PASS
| Test class name=PRG_TcUnitRunner.HandoverTests.Target_edits_wait_for_boundary_and_history_is_immutable status=PASS
| Test class name=PRG_TcUnitRunner.HandoverTests.Clock_jumps_close_once_without_negative_history status=PASS
| Test class name=PRG_TcUnitRunner.HandoverTests.Manual_OEE_reset_aligns_factors_with_new_count_epoch status=PASS
| Test class name=PRG_TcUnitRunner.HandoverTests.Busy_creation_and_full_catalog_preserve_existing_storage status=PASS
| Test class name=PRG_TcUnitRunner.HandoverTests.Weekly_owner_builds_its_complete_image status=PASS
| Test suite name=PRG_TcUnitRunner.AccessPersistenceTests
| Test class name=PRG_TcUnitRunner.AccessPersistenceTests.A_retained_table_survives_a_restart_and_follows_changes status=PASS
| Test class name=PRG_TcUnitRunner.AccessPersistenceTests.A_corrupt_table_is_announced_once_and_replaced status=PASS
| Test class name=PRG_TcUnitRunner.AccessPersistenceTests.A_torn_newest_image_falls_back_to_the_previous_one status=PASS
| Test class name=PRG_TcUnitRunner.AccessPersistenceTests.A_root_restores_logs_in_and_out_and_announces_a_lost_table status=PASS
| Test class name=PRG_TcUnitRunner.AccessPersistenceTests.A_root_announces_a_failed_save_and_a_lost_table_once status=PASS
| Test class name=PRG_TcUnitRunner.AccessPersistenceTests.Storage_names_are_bounded_and_fixed_before_restore status=PASS
| Test suite name=PRG_TcUnitRunner.PlatformHealthTests
| Test class name=PRG_TcUnitRunner.PlatformHealthTests.Unmeasured_fan_and_storage_raise_nothing status=PASS
| Test class name=PRG_TcUnitRunner.PlatformHealthTests.Ipc_metrics_are_available_only_while_measured status=PASS
| Test class name=PRG_TcUnitRunner.PlatformHealthTests.EtherCat_master_counts_windows_and_dc status=PASS
| Test suite name=PRG_TcUnitRunner.PersistMediumTests
| Test class name=PRG_TcUnitRunner.PersistMediumTests.A_file_document_survives_a_torn_write_and_reports_a_loss status=PASS
| Test class name=PRG_TcUnitRunner.PersistMediumTests.Requests_are_refused_or_answered_never_left_waiting status=PASS
| Test class name=PRG_TcUnitRunner.PersistMediumTests.The_retentive_pool_keeps_documents_and_says_when_it_is_full status=PASS
| Test class name=PRG_TcUnitRunner.PersistMediumTests.A_file_medium_creates_its_folder status=PASS
| Test class name=PRG_TcUnitRunner.PersistMediumTests.The_newest_copy_wins_in_either_slot status=PASS
| Test suite name=PRG_TcUnitRunner.LiveConfigTests
| Test class name=PRG_TcUnitRunner.LiveConfigTests.Station_and_model_data_come_back_from_their_documents status=PASS
| Test class name=PRG_TcUnitRunner.LiveConfigTests.Parameter_sets_come_back_from_the_medium status=PASS
| Test class name=PRG_TcUnitRunner.LiveConfigTests.A_saved_set_is_pending_until_its_document_is_written status=PASS
| ======================================
| Test suites: 49
| Tests: 235
| Successful tests: 235
| Failed tests: 0
| Duration: 8.2715331
| ======================================
