Solution=C:\Projects\Fraktal\artifacts\tc3-missing-2026-10-06\checkout\FraktalCore\PLC\TwinCAT\Framework\FraktalModules.slnx
Configuration=Debug|TwinCAT OS (x64)
IecProject=TIPC^Fraktal_Modules^Fraktal_Modules Project
BootProjectAutostart=False
CheckAllObjects=True
Dte2Interop=C:\Program Files\Microsoft Visual Studio\18\Community\Common7\IDE\PublicAssemblies\envdte80.dll
DteErrorListCount=0
DteOutputPaneCount=9
--- DTE output pane: Source Control - Team Foundation ---
[capture failed: Exception calling "GetValue" with "2" argument(s): "Non-static method requires a target."]
--- DTE output pane: Build ---
------ Build started: Application: FraktalModules.Fraktal_Modules -------
Typify code...
Additional code checks ...
Additional code checks complete -- 0 errors
Compile complete -- 0 errors, 0 warnings
--- DTE output pane: Build Order ---
[capture failed: Exception calling "GetValue" with "2" argument(s): "Non-static method requires a target."]
--- DTE output pane: Database Output ---
[capture failed: Exception calling "GetValue" with "2" argument(s): "Non-static method requires a target."]
--- DTE output pane: Tests ---
[capture failed: Exception calling "GetValue" with "2" argument(s): "Non-static method requires a target."]
--- DTE output pane: Source Control ---
[capture failed: Exception calling "GetValue" with "2" argument(s): "Non-static method requires a target."]
--- DTE output pane: Debug ---
[capture failed: Exception calling "GetValue" with "2" argument(s): "Non-static method requires a target."]
--- DTE output pane: TwinCAT ---
[empty]
--- DTE output pane: Source Control - Git ---
Opening repositories:
C:\Projects\Fraktal\artifacts\tc3-missing-2026-10-06\checkout
Root element is missing.
