8/2/2026 7:42:13 PM 460 ms | 'PlcTask' (350): | Successful tests: 8
8/2/2026 7:42:13 PM 420 ms | 'PlcTask' (350): | Test suites: 2
8/2/2026 7:42:13 PM 440 ms | 'PlcTask' (350): | Tests: 8
8/2/2026 7:42:13 PM 500 ms | 'PlcTask' (350): | Duration: 1.03145e-2
8/2/2026 7:42:13 PM 520 ms | 'PlcTask' (350): | ======================================
8/2/2026 7:42:13 PM 480 ms | 'PlcTask' (350): | Failed tests: 0
8/2/2026 7:42:13 PM 400 ms | 'PlcTask' (350): | ==========TESTS FINISHED RUNNING==========
8/2/2026 7:42:12 PM 826 ms | 'Port_851' (851): Persistent data of symbol 'PRG_TcUnitRunner.AccessTests' not restored. Symbol not found. 9 further symbols also not restored.
8/2/2026 7:42:12 PM 328 ms | 'License Server' (30): license validation status is Valid(3)
8/2/2026 7:42:06 PM 354 ms | 'TwinCAT System' (10000): TwinCAT System Restart initiated from AmsNetId: 192.168.1.6.1.1 port 32826.
8/2/2026 7:42:13 PM 240 ms | 'PlcTask' (350): | Test class name=PRG_PressTestRunner.FaultRecoveryTests
8/2/2026 7:42:11 PM 918 ms | 'TwinCAT System' (10000): TcIo Server started: TcIo.
8/2/2026 7:42:13 PM 220 ms | 'PlcTask' (350): | Test name=Two_hand_release_in_the_dwell_holds_and_restores
8/2/2026 7:42:13 PM 300 ms | 'PlcTask' (350): | Test class name=PRG_PressTestRunner.FaultRecoveryTests
8/2/2026 7:42:13 PM 140 ms | 'PlcTask' (350): | ID=1 number of tests=4, number of failed tests=0, duration=2.9738e-3
8/2/2026 7:42:13 PM 340 ms | 'PlcTask' (350): | Test name=Reset_never_bypasses_a_live_condition
8/2/2026 7:42:13 PM 380 ms | 'PlcTask' (350): | Test status=PASS, number of asserts=7, duration=7.724e-4
8/2/2026 7:42:12 PM 095 ms | 'TwinCAT System' (10000): TcRTime Server started: TcRTime.
8/2/2026 7:42:13 PM 100 ms | 'PlcTask' (350): | Test status=PASS, number of asserts=5, duration=3.382e-4
8/2/2026 7:42:13 PM 280 ms | 'PlcTask' (350): | Test name=Latched_fault_recovers_with_one_operator_reset
8/2/2026 7:42:12 PM 880 ms | 'PlcTask' (350): | Test name=Model_changeover_is_transactional
8/2/2026 7:42:12 PM 900 ms | 'PlcTask' (350): | Test class name=PRG_PressTestRunner.PressDemoTests
8/2/2026 7:42:13 PM 320 ms | 'PlcTask' (350): | Test status=PASS, number of asserts=18, duration=6.419e-4
8/2/2026 7:42:13 PM 080 ms | 'PlcTask' (350): | Test class name=PRG_PressTestRunner.PressDemoTests
8/2/2026 7:42:12 PM 860 ms | 'PlcTask' (350): | ID=0 number of tests=4, number of failed tests=0, duration=1.4132e-3
8/2/2026 7:42:13 PM 060 ms | 'PlcTask' (350): | Test name=Auto_cycle_returns_to_load_position
8/2/2026 7:42:12 PM 364 ms | 'TCRTIME' (200): SEH for TMX files in WinNT kernel threads is disabled.
8/2/2026 7:42:13 PM 000 ms | 'PlcTask' (350): | Test name=Home_and_changeover_sequences_are_explicit
8/2/2026 7:42:13 PM 020 ms | 'PlcTask' (350): | Test class name=PRG_PressTestRunner.PressDemoTests
8/2/2026 7:42:13 PM 180 ms | 'PlcTask' (350): | Test class name=PRG_PressTestRunner.FaultRecoveryTests
8/2/2026 7:42:12 PM 920 ms | 'PlcTask' (350): | Test status=PASS, number of asserts=6, duration=5.87e-5
8/2/2026 7:42:13 PM 040 ms | 'PlcTask' (350): | Test status=PASS, number of asserts=14, duration=7.518e-4
8/2/2026 7:42:13 PM 260 ms | 'PlcTask' (350): | Test status=PASS, number of asserts=8, duration=6.887e-4
8/2/2026 7:42:12 PM 322 ms | 'TwinCAT System' (10000): TwinCAT USB support could not be initialized. System start continued.
8/2/2026 7:42:13 PM 360 ms | 'PlcTask' (350): | Test class name=PRG_PressTestRunner.FaultRecoveryTests
8/2/2026 7:42:12 PM 009 ms | 'TwinCAT System' (10000): TcPlc30 Server started: TcPlc30.
8/2/2026 7:42:12 PM 840 ms | 'PlcTask' (350): | Test suite ID=0 'PRG_PressTestRunner.PressDemoTests'
8/2/2026 7:42:12 PM 980 ms | 'PlcTask' (350): | Test status=PASS, number of asserts=9, duration=1.02e-4
8/2/2026 7:42:13 PM 160 ms | 'PlcTask' (350): | Test name=Two_hand_release_mid_stroke_holds_the_ram
8/2/2026 7:42:12 PM 960 ms | 'PlcTask' (350): | Test class name=PRG_PressTestRunner.PressDemoTests
8/2/2026 7:42:13 PM 200 ms | 'PlcTask' (350): | Test status=PASS, number of asserts=13, duration=7.381e-4
8/2/2026 7:42:12 PM 217 ms | 'License Server' (30): license validation status is Valid(3)
8/2/2026 7:42:12 PM 194 ms | 'TwinCAT System' (10000): TcRtsObjects Server started: TcRtsObjects.
8/2/2026 7:42:13 PM 120 ms | 'PlcTask' (350): | Test suite ID=1 'PRG_PressTestRunner.FaultRecoveryTests'
8/2/2026 7:42:12 PM 940 ms | 'PlcTask' (350): | Test name=Start_release_enforces_operating_air
