8/6/2026 10:10:29 PM 919 ms | 'PlcTask' (350): | Tests: 8
8/6/2026 10:10:29 PM 879 ms | 'PlcTask' (350): | ==========TESTS FINISHED RUNNING==========
8/6/2026 10:10:29 PM 899 ms | 'PlcTask' (350): | Test suites: 2
8/6/2026 10:10:29 PM 959 ms | 'PlcTask' (350): | Failed tests: 0
8/6/2026 10:10:29 PM 939 ms | 'PlcTask' (350): | Successful tests: 8
8/6/2026 10:10:29 PM 999 ms | 'PlcTask' (350): | ======================================
8/6/2026 10:10:29 PM 979 ms | 'PlcTask' (350): | Duration: 9.8288e-3
8/6/2026 10:10:29 PM 559 ms | 'PlcTask' (350): | Test class name=PRG_PressTestRunner.PressDemoTests
8/6/2026 10:10:29 PM 699 ms | 'PlcTask' (350): | Test name=Two_hand_release_in_the_dwell_holds_and_restores
8/6/2026 10:10:29 PM 579 ms | 'PlcTask' (350): | Test status=PASS, number of asserts=5, duration=9.594e-4
8/6/2026 10:10:28 PM 326 ms | 'TwinCAT System' (10000): TcIo Server started: TcIo.
8/6/2026 10:10:29 PM 479 ms | 'PlcTask' (350): | Test name=Home_and_changeover_sequences_are_explicit
8/6/2026 10:10:29 PM 739 ms | 'PlcTask' (350): | Test status=PASS, number of asserts=8, duration=1.0631e-3
8/6/2026 10:10:29 PM 359 ms | 'PlcTask' (350): | Test name=Model_changeover_is_transactional
8/6/2026 10:10:28 PM 483 ms | 'TwinCAT System' (10000): TcRTime Server started: TcRTime.
8/6/2026 10:10:29 PM 619 ms | 'PlcTask' (350): | ID=1 number of tests=4, number of failed tests=0, duration=4.1727e-3
8/6/2026 10:10:29 PM 419 ms | 'PlcTask' (350): | Test name=Start_release_enforces_operating_air
8/6/2026 10:10:26 PM 907 ms | 'TwinCAT System' (10000): TwinCAT System Restart initiated from AmsNetId: 192.168.1.6.1.1 port 34695.
8/6/2026 10:10:29 PM 759 ms | 'PlcTask' (350): | Test name=Latched_fault_recovers_with_one_operator_reset
8/6/2026 10:10:29 PM 639 ms | 'PlcTask' (350): | Test name=Two_hand_release_mid_stroke_holds_the_ram
8/6/2026 10:10:29 PM 859 ms | 'PlcTask' (350): | Test status=PASS, number of asserts=7, duration=7.976e-4
8/6/2026 10:10:29 PM 459 ms | 'PlcTask' (350): | Test status=PASS, number of asserts=9, duration=1.022e-4
8/6/2026 10:10:29 PM 439 ms | 'PlcTask' (350): | Test class name=PRG_PressTestRunner.PressDemoTests
8/6/2026 10:10:28 PM 701 ms | 'TwinCAT System' (10000): TwinCAT USB support could not be initialized. System start continued.
8/6/2026 10:10:29 PM 799 ms | 'PlcTask' (350): | Test status=PASS, number of asserts=18, duration=9.948e-4
8/6/2026 10:10:28 PM 706 ms | 'License Server' (30): license validation status is Valid(3)
8/6/2026 10:10:29 PM 379 ms | 'PlcTask' (350): | Test class name=PRG_PressTestRunner.PressDemoTests
8/6/2026 10:10:28 PM 742 ms | 'TCRTIME' (200): SEH for TMX files in WinNT kernel threads is disabled.
8/6/2026 10:10:29 PM 719 ms | 'PlcTask' (350): | Test class name=PRG_PressTestRunner.FaultRecoveryTests
8/6/2026 10:10:29 PM 599 ms | 'PlcTask' (350): | Test suite ID=1 'PRG_PressTestRunner.FaultRecoveryTests'
8/6/2026 10:10:29 PM 399 ms | 'PlcTask' (350): | Test status=PASS, number of asserts=6, duration=7.9e-5
8/6/2026 10:10:29 PM 779 ms | 'PlcTask' (350): | Test class name=PRG_PressTestRunner.FaultRecoveryTests
8/6/2026 10:10:29 PM 679 ms | 'PlcTask' (350): | Test status=PASS, number of asserts=13, duration=1.1108e-3
8/6/2026 10:10:29 PM 339 ms | 'PlcTask' (350): | ID=0 number of tests=4, number of failed tests=0, duration=2.1726e-3
8/6/2026 10:10:29 PM 839 ms | 'PlcTask' (350): | Test class name=PRG_PressTestRunner.FaultRecoveryTests
8/6/2026 10:10:28 PM 599 ms | 'License Server' (30): license validation status is Valid(3)
8/6/2026 10:10:29 PM 659 ms | 'PlcTask' (350): | Test class name=PRG_PressTestRunner.FaultRecoveryTests
8/6/2026 10:10:28 PM 585 ms | 'TwinCAT System' (10000): TcRtsObjects Server started: TcRtsObjects.
8/6/2026 10:10:29 PM 519 ms | 'PlcTask' (350): | Test status=PASS, number of asserts=14, duration=9.014e-4
8/6/2026 10:10:29 PM 539 ms | 'PlcTask' (350): | Test name=Auto_cycle_returns_to_load_position
8/6/2026 10:10:29 PM 319 ms | 'PlcTask' (350): | Test suite ID=0 'PRG_PressTestRunner.PressDemoTests'
8/6/2026 10:10:29 PM 819 ms | 'PlcTask' (350): | Test name=Reset_never_bypasses_a_live_condition
8/6/2026 10:10:29 PM 499 ms | 'PlcTask' (350): | Test class name=PRG_PressTestRunner.PressDemoTests
8/6/2026 10:10:28 PM 421 ms | 'TwinCAT System' (10000): TcPlc30 Server started: TcPlc30.
