2026-10-06T22:04:22.2887056-06:00  NOTE: start of live acceptance: boot app = final aggregate build (pm-runtime-aggregate-3)
2026-10-06T22:04:22.4017755-06:00  PLC Run (Fraktal_Tests verified)
2026-10-06T22:04:27.4667712-06:00  state=Run live: limit=5 modelB.speed=20 modelA.speed=10 pending=0 failed=0 restoreLost=0 lostPath='' acknowledged=0 persistFailedAlarm=False activeAlarms=0
2026-10-06T22:04:27.4897714-06:00  sets: restored=1 durable=1 restoreLost=0 slot1='' storeKind=1; medium storageError=0x0
2026-10-06T22:04:27.4977711-06:00  access: restored=1 durable=1 storageError=0x0 restoreLost=0 lostPath=''
2026-10-06T22:04:27.5362414-06:00  folder: AcceptanceLive.model1.a[304 B, G=1], AcceptanceLive.model2.a[304 B, G=1], AcceptanceLive.station.a[1668 B, G=1]
2026-10-06T22:04:35.4581659-06:00  register 'live' level 2 -> Registered=1
2026-10-06T22:04:35.7952174-06:00  WriteConfig probe.limit := 42
2026-10-06T22:04:35.8031979-06:00    -> LastWriteOk=1 Writes=1
2026-10-06T22:04:36.1576145-06:00  WriteModelConfig model B probe.speed := 25
2026-10-06T22:04:36.1626146-06:00    -> LastWriteOk=1 Writes=2
2026-10-06T22:04:36.5029560-06:00  SaveConfigSet 'AcceptanceSet' (STATION_CFG)
2026-10-06T22:04:36.5084724-06:00    -> LastWriteOk=1 Writes=3
2026-10-06T22:04:40.5621429-06:00  state=Run live: limit=42 modelB.speed=25 modelA.speed=10 pending=0 failed=0 restoreLost=0 lostPath='' acknowledged=0 persistFailedAlarm=False activeAlarms=0
2026-10-06T22:04:40.5751605-06:00  sets: restored=1 durable=1 restoreLost=0 slot1='AcceptanceSet' storeKind=1; medium storageError=0x0
2026-10-06T22:04:40.5821562-06:00  access: restored=1 durable=1 storageError=0x0 restoreLost=0 lostPath=''
2026-10-06T22:04:40.6051871-06:00  folder: Acceptance.users.a[1460 B, G=1], AcceptanceLive.model1.a[304 B, G=3], AcceptanceLive.model1.b[304 B, G=4], AcceptanceLive.model2.a[304 B, G=3], AcceptanceLive.model2.b[304 B, G=4], AcceptanceLive.sets.set1.a[1677 B, G=1], AcceptanceLive.station.a[1669 B, G=3], AcceptanceLive.station.b[1669 B, G=4]
2026-10-06T22:04:40.9508060-06:00  login 'live' -> CurrentLevel=2 LoginFailed=0 secretCleared=True
2026-10-06T22:04:41.2966465-06:00  logout -> CurrentLevel=0
2026-10-06T22:04:59.5493722-06:00  ADS symbol PRG_PlatformAcceptance.AccessUsers._users -> not in symbol table: Ads-Error 0x710 : Symbol could not be found. (Symbol could not be found. (AdsErrorCode: 1808, 0x710))
2026-10-06T22:04:59.5878862-06:00  ADS symbol PRG_PlatformAcceptance.AccessUsers._image -> not in symbol table: Ads-Error 0x710 : Symbol could not be found. (Symbol could not be found. (AdsErrorCode: 1808, 0x710))
2026-10-06T22:04:59.5938861-06:00  ADS symbol PRG_PlatformAcceptance.AccessUsers._key -> symbol present
2026-10-06T22:04:59.5979248-06:00  ADS symbol PRG_PlatformAcceptance.LiveUnit.StationLimit -> symbol present
2026-10-06T22:04:59.6707991-06:00  NOTE: runtime restart: values, model record, set and user must come back from the files
2026-10-06T22:05:04.7239363-06:00  runtime restarted (controlled TwinCAT stop/start; persistent data written at stop)
2026-10-06T22:05:05.4129803-06:00  PLC Run after restart (Fraktal_Tests verified)
2026-10-06T22:05:11.4730475-06:00  state=Run live: limit=42 modelB.speed=25 modelA.speed=10 pending=0 failed=0 restoreLost=0 lostPath='' acknowledged=0 persistFailedAlarm=False activeAlarms=0
2026-10-06T22:05:11.4850525-06:00  sets: restored=1 durable=1 restoreLost=0 slot1='AcceptanceSet' storeKind=1; medium storageError=0x0
2026-10-06T22:05:11.4935660-06:00  access: restored=1 durable=1 storageError=0x0 restoreLost=0 lostPath=''
2026-10-06T22:05:11.5140729-06:00  folder: Acceptance.users.a[1460 B, G=1], AcceptanceLive.model1.a[304 B, G=5], AcceptanceLive.model1.b[304 B, G=4], AcceptanceLive.model2.a[304 B, G=5], AcceptanceLive.model2.b[304 B, G=4], AcceptanceLive.sets.set1.a[1677 B, G=1], AcceptanceLive.station.a[1669 B, G=5], AcceptanceLive.station.b[1669 B, G=4]
2026-10-06T22:05:11.8629242-06:00  login 'live' -> CurrentLevel=2 LoginFailed=0 secretCleared=True
2026-10-06T22:05:12.2046569-06:00  login 'live' -> CurrentLevel=2 LoginFailed=1 secretCleared=True
2026-10-06T22:05:12.5520085-06:00  logout -> CurrentLevel=0
2026-10-06T22:05:21.6672656-06:00  NOTE: host overwrote both station copies with 64 bytes of 0x5A
2026-10-06T22:05:21.7578927-06:00  state=Run live: limit=42 modelB.speed=25 modelA.speed=10 pending=0 failed=0 restoreLost=0 lostPath='' acknowledged=0 persistFailedAlarm=False activeAlarms=0
2026-10-06T22:05:21.7688916-06:00  sets: restored=1 durable=1 restoreLost=0 slot1='AcceptanceSet' storeKind=1; medium storageError=0x0
2026-10-06T22:05:21.7784804-06:00  access: restored=1 durable=1 storageError=0x0 restoreLost=0 lostPath=''
2026-10-06T22:05:21.7975080-06:00  folder: Acceptance.users.a[1460 B, G=1], AcceptanceLive.model1.a[304 B, G=5], AcceptanceLive.model1.b[304 B, G=4], AcceptanceLive.model2.a[304 B, G=5], AcceptanceLive.model2.b[304 B, G=4], AcceptanceLive.sets.set1.a[1677 B, G=1], AcceptanceLive.station.a[1669 B, G=5], AcceptanceLive.station.b[1669 B, G=4]
2026-10-06T22:05:21.8145128-06:00  NOTE: restart over damaged station document
2026-10-06T22:05:26.8624768-06:00  runtime restarted (controlled TwinCAT stop/start; persistent data written at stop)
2026-10-06T22:05:27.4876858-06:00  PLC Run after restart (Fraktal_Tests verified)
2026-10-06T22:05:33.5411457-06:00  state=Run live: limit=5 modelB.speed=20 modelA.speed=10 pending=0 failed=0 restoreLost=1 lostPath='AcceptanceLive.model2' acknowledged=0 persistFailedAlarm=False activeAlarms=1
2026-10-06T22:05:33.5511408-06:00  sets: restored=1 durable=1 restoreLost=0 slot1='AcceptanceSet' storeKind=1; medium storageError=0x0
2026-10-06T22:05:33.5591447-06:00  access: restored=1 durable=1 storageError=0x0 restoreLost=0 lostPath=''
2026-10-06T22:05:33.5611431-06:00  folder: Acceptance.users.a[1460 B, G=1], AcceptanceLive.model1.a[304 B, G=6], AcceptanceLive.model1.b[304 B, G=4], AcceptanceLive.model2.a[304 B, G=6], AcceptanceLive.model2.b[304 B, G=4], AcceptanceLive.sets.set1.a[1677 B, G=1], AcceptanceLive.station.a[1668 B, G=6], AcceptanceLive.station.b[1669 B, G=4]
2026-10-06T22:38:52.7197642-06:00  NOTE: === second session on the FIXED build (aggregate pm-runtime-aggregate-5: 235/235); entries above are the first build, whose second restart lost intact documents ===
2026-10-06T22:38:52.8253195-06:00  PLC Run (Fraktal_Tests verified)
2026-10-06T22:38:57.8996922-06:00  state=Run live: limit=5 modelB.speed=20 modelA.speed=10 pending=0 failed=0 restoreLost=0 lostPath='' acknowledged=0 persistFailedAlarm=False activeAlarms=0
2026-10-06T22:38:57.9122084-06:00  sets: restored=1 durable=1 restoreLost=0 slot1='AcceptanceSet' storeKind=1; medium storageError=0x0
2026-10-06T22:38:57.9242141-06:00  access: restored=1 durable=1 storageError=0x0 restoreLost=0 lostPath=''
2026-10-06T22:38:57.9457501-06:00  folder: Acceptance.users.a[1460 B, G=1], AcceptanceLive.model1.a[304 B, G=9], AcceptanceLive.model1.b[304 B, G=8], AcceptanceLive.model2.a[304 B, G=9], AcceptanceLive.model2.b[304 B, G=8], AcceptanceLive.sets.set1.a[1677 B, G=1], AcceptanceLive.station.a[1668 B, G=9], AcceptanceLive.station.b[1668 B, G=8]
2026-10-06T22:39:07.2708069-06:00  WriteConfig probe.limit := 42
2026-10-06T22:39:07.2818071-06:00    -> LastWriteOk=1 Writes=1
2026-10-06T22:39:07.6160830-06:00  WriteModelConfig model B probe.speed := 25
2026-10-06T22:39:07.6210833-06:00    -> LastWriteOk=1 Writes=2
2026-10-06T22:39:11.6939825-06:00  state=Run live: limit=42 modelB.speed=25 modelA.speed=10 pending=0 failed=0 restoreLost=0 lostPath='' acknowledged=0 persistFailedAlarm=False activeAlarms=0
2026-10-06T22:39:11.7077460-06:00  sets: restored=1 durable=1 restoreLost=0 slot1='AcceptanceSet' storeKind=1; medium storageError=0x0
2026-10-06T22:39:11.7186418-06:00  access: restored=1 durable=1 storageError=0x0 restoreLost=0 lostPath=''
2026-10-06T22:39:11.7501536-06:00  folder: Acceptance.users.a[1460 B, G=1], AcceptanceLive.model1.a[304 B, G=11], AcceptanceLive.model1.b[304 B, G=10], AcceptanceLive.model2.a[304 B, G=11], AcceptanceLive.model2.b[304 B, G=10], AcceptanceLive.sets.set1.a[1677 B, G=1], AcceptanceLive.station.a[1669 B, G=11], AcceptanceLive.station.b[1669 B, G=10]
2026-10-06T22:39:11.7651599-06:00  NOTE: restart 1 (fixed build)
2026-10-06T22:39:16.8073924-06:00  runtime restarted (controlled TwinCAT stop/start; persistent data written at stop)
2026-10-06T22:39:17.4292680-06:00  PLC Run after restart (Fraktal_Tests verified)
2026-10-06T22:39:23.4893366-06:00  state=Run live: limit=42 modelB.speed=25 modelA.speed=10 pending=0 failed=0 restoreLost=0 lostPath='' acknowledged=0 persistFailedAlarm=False activeAlarms=0
2026-10-06T22:39:23.5003366-06:00  sets: restored=1 durable=1 restoreLost=0 slot1='AcceptanceSet' storeKind=1; medium storageError=0x0
2026-10-06T22:39:23.5073366-06:00  access: restored=1 durable=1 storageError=0x0 restoreLost=0 lostPath=''
2026-10-06T22:39:23.5103466-06:00  folder: Acceptance.users.a[1460 B, G=1], AcceptanceLive.model1.a[304 B, G=11], AcceptanceLive.model1.b[304 B, G=12], AcceptanceLive.model2.a[304 B, G=11], AcceptanceLive.model2.b[304 B, G=12], AcceptanceLive.sets.set1.a[1677 B, G=1], AcceptanceLive.station.a[1669 B, G=11], AcceptanceLive.station.b[1669 B, G=12]
2026-10-06T22:39:23.5253404-06:00  NOTE: restart 2 (fixed build): newest copies now in the other slot
2026-10-06T22:39:28.5535786-06:00  runtime restarted (controlled TwinCAT stop/start; persistent data written at stop)
2026-10-06T22:39:29.1767216-06:00  PLC Run after restart (Fraktal_Tests verified)
2026-10-06T22:39:35.2356917-06:00  state=Run live: limit=42 modelB.speed=25 modelA.speed=10 pending=0 failed=0 restoreLost=0 lostPath='' acknowledged=0 persistFailedAlarm=False activeAlarms=0
2026-10-06T22:39:35.2516915-06:00  sets: restored=1 durable=1 restoreLost=0 slot1='AcceptanceSet' storeKind=1; medium storageError=0x0
2026-10-06T22:39:35.2626915-06:00  access: restored=1 durable=1 storageError=0x0 restoreLost=0 lostPath=''
2026-10-06T22:39:35.2666915-06:00  folder: Acceptance.users.a[1460 B, G=1], AcceptanceLive.model1.a[304 B, G=13], AcceptanceLive.model1.b[304 B, G=12], AcceptanceLive.model2.a[304 B, G=13], AcceptanceLive.model2.b[304 B, G=12], AcceptanceLive.sets.set1.a[1677 B, G=1], AcceptanceLive.station.a[1669 B, G=13], AcceptanceLive.station.b[1669 B, G=12]
2026-10-06T22:39:35.6378222-06:00  login 'live' -> CurrentLevel=2 LoginFailed=0 secretCleared=True
2026-10-06T22:39:35.9789546-06:00  logout -> CurrentLevel=0
2026-10-06T22:39:43.3943906-06:00  PLC file service: Damage 'AcceptanceLive.station.a' -> done=True error=0x0
2026-10-06T22:39:43.6293859-06:00  PLC file service: Damage 'AcceptanceLive.station.b' -> done=True error=0x0
2026-10-06T22:39:43.6523872-06:00  NOTE: restart over both station copies damaged
2026-10-06T22:39:48.7054877-06:00  runtime restarted (controlled TwinCAT stop/start; persistent data written at stop)
2026-10-06T22:39:49.3328179-06:00  PLC Run after restart (Fraktal_Tests verified)
2026-10-06T22:39:55.3886493-06:00  state=Run live: limit=5 modelB.speed=25 modelA.speed=10 pending=0 failed=0 restoreLost=1 lostPath='AcceptanceLive.station' acknowledged=0 persistFailedAlarm=False activeAlarms=1
2026-10-06T22:39:55.4076585-06:00  sets: restored=1 durable=1 restoreLost=0 slot1='AcceptanceSet' storeKind=1; medium storageError=0x0
2026-10-06T22:39:55.4162511-06:00  access: restored=1 durable=1 storageError=0x0 restoreLost=0 lostPath=''
2026-10-06T22:39:55.4492512-06:00  folder: Acceptance.users.a[1460 B, G=1], AcceptanceLive.model1.a[304 B, G=13], AcceptanceLive.model1.b[304 B, G=14], AcceptanceLive.model2.a[304 B, G=13], AcceptanceLive.model2.b[304 B, G=14], AcceptanceLive.sets.set1.a[1677 B, G=1], AcceptanceLive.station.a[1668 B, G=14], AcceptanceLive.station.b[16 B, G=?]
2026-10-06T22:39:55.4773175-06:00  NOTE: next restart: the rewritten baseline must restore silently
2026-10-06T22:40:00.5047063-06:00  runtime restarted (controlled TwinCAT stop/start; persistent data written at stop)
2026-10-06T22:40:01.1193652-06:00  PLC Run after restart (Fraktal_Tests verified)
2026-10-06T22:40:07.1664020-06:00  state=Run live: limit=5 modelB.speed=25 modelA.speed=10 pending=0 failed=0 restoreLost=0 lostPath='' acknowledged=0 persistFailedAlarm=False activeAlarms=0
2026-10-06T22:40:07.1770250-06:00  sets: restored=1 durable=1 restoreLost=0 slot1='AcceptanceSet' storeKind=1; medium storageError=0x0
2026-10-06T22:40:07.1855337-06:00  access: restored=1 durable=1 storageError=0x0 restoreLost=0 lostPath=''
2026-10-06T22:40:07.1895382-06:00  folder: Acceptance.users.a[1460 B, G=1], AcceptanceLive.model1.a[304 B, G=15], AcceptanceLive.model1.b[304 B, G=14], AcceptanceLive.model2.a[304 B, G=15], AcceptanceLive.model2.b[304 B, G=14], AcceptanceLive.sets.set1.a[1677 B, G=1], AcceptanceLive.station.a[1668 B, G=14], AcceptanceLive.station.b[1668 B, G=15]
2026-10-06T22:40:19.3191897-06:00  PLC file service: Remove 'AcceptanceLive.model2.a' -> done=True error=0x0
2026-10-06T22:40:19.5694204-06:00  PLC file service: Remove 'AcceptanceLive.model2.b' -> done=True error=0x0
2026-10-06T22:40:19.8078778-06:00  PLC file service: Remove 'Acceptance.users.a' -> done=True error=0x0
2026-10-06T22:40:19.8208907-06:00  NOTE: restart with model B document and user table deleted (persistent markers alone tell)
2026-10-06T22:40:24.8621942-06:00  runtime restarted (controlled TwinCAT stop/start; persistent data written at stop)
2026-10-06T22:40:25.4644461-06:00  PLC Run after restart (Fraktal_Tests verified)
2026-10-06T22:40:31.5299772-06:00  state=Run live: limit=5 modelB.speed=20 modelA.speed=10 pending=0 failed=0 restoreLost=1 lostPath='AcceptanceLive.model2' acknowledged=0 persistFailedAlarm=False activeAlarms=1
2026-10-06T22:40:31.5444899-06:00  sets: restored=1 durable=1 restoreLost=0 slot1='AcceptanceSet' storeKind=1; medium storageError=0x0
2026-10-06T22:40:31.5544899-06:00  access: restored=1 durable=1 storageError=0x0 restoreLost=0 lostPath=''
2026-10-06T22:40:31.5865106-06:00  folder: AcceptanceLive.model1.a[304 B, G=15], AcceptanceLive.model1.b[304 B, G=16], AcceptanceLive.model2.a[304 B, G=16], AcceptanceLive.sets.set1.a[1677 B, G=1], AcceptanceLive.station.a[1668 B, G=16], AcceptanceLive.station.b[1668 B, G=15]
2026-10-06T22:40:31.9458110-06:00  login 'live' -> CurrentLevel=0 LoginFailed=1 secretCleared=True
2026-10-06T22:40:32.3087175-06:00  register 'live' level 2 -> Registered=1
2026-10-06T22:40:34.6652210-06:00  login 'live' -> CurrentLevel=2 LoginFailed=0 secretCleared=True
2026-10-06T22:40:35.0079858-06:00  logout -> CurrentLevel=0
2026-10-06T22:40:35.0409842-06:00  state=Run live: limit=5 modelB.speed=20 modelA.speed=10 pending=0 failed=0 restoreLost=1 lostPath='AcceptanceLive.model2' acknowledged=0 persistFailedAlarm=False activeAlarms=1
2026-10-06T22:40:35.0540047-06:00  sets: restored=1 durable=1 restoreLost=0 slot1='AcceptanceSet' storeKind=1; medium storageError=0x0
2026-10-06T22:40:35.0630428-06:00  access: restored=1 durable=1 storageError=0x0 restoreLost=0 lostPath=''
2026-10-06T22:40:35.0680415-06:00  folder: Acceptance.users.a[1460 B, G=1], AcceptanceLive.model1.a[304 B, G=15], AcceptanceLive.model1.b[304 B, G=16], AcceptanceLive.model2.a[304 B, G=16], AcceptanceLive.sets.set1.a[1677 B, G=1], AcceptanceLive.station.a[1668 B, G=16], AcceptanceLive.station.b[1668 B, G=15]
2026-10-06T22:40:59.0899426-06:00  NOTE: restart so the marker of the re-registered table is stored
2026-10-06T22:41:04.1754095-06:00  runtime restarted (controlled TwinCAT stop/start; persistent data written at stop)
2026-10-06T22:41:04.8038685-06:00  PLC Run after restart (Fraktal_Tests verified)
2026-10-06T22:41:10.8690148-06:00  state=Run live: limit=5 modelB.speed=20 modelA.speed=10 pending=0 failed=0 restoreLost=0 lostPath='' acknowledged=0 persistFailedAlarm=False activeAlarms=0
2026-10-06T22:41:10.8830154-06:00  sets: restored=1 durable=1 restoreLost=0 slot1='AcceptanceSet' storeKind=1; medium storageError=0x0
2026-10-06T22:41:10.8950172-06:00  access: restored=1 durable=1 storageError=0x0 restoreLost=0 lostPath=''
2026-10-06T22:41:10.9255522-06:00  folder: Acceptance.users.a[1460 B, G=1], AcceptanceLive.model1.a[304 B, G=17], AcceptanceLive.model1.b[304 B, G=16], AcceptanceLive.model2.a[304 B, G=16], AcceptanceLive.model2.b[304 B, G=17], AcceptanceLive.sets.set1.a[1677 B, G=1], AcceptanceLive.station.a[1668 B, G=16], AcceptanceLive.station.b[1668 B, G=17]
2026-10-06T22:41:11.2034946-06:00  PLC file service: Remove 'Acceptance.users.a' -> done=True error=0x0
2026-10-06T22:41:11.2221837-06:00  NOTE: restart with the user table deleted after its marker was stored
2026-10-06T22:41:16.2385072-06:00  runtime restarted (controlled TwinCAT stop/start; persistent data written at stop)
2026-10-06T22:41:16.8745835-06:00  PLC Run after restart (Fraktal_Tests verified)
2026-10-06T22:41:22.9241872-06:00  state=Run live: limit=5 modelB.speed=20 modelA.speed=10 pending=0 failed=0 restoreLost=0 lostPath='' acknowledged=0 persistFailedAlarm=False activeAlarms=0
2026-10-06T22:41:22.9361869-06:00  sets: restored=1 durable=1 restoreLost=0 slot1='AcceptanceSet' storeKind=1; medium storageError=0x0
2026-10-06T22:41:22.9461912-06:00  access: restored=1 durable=1 storageError=0x0 restoreLost=1 lostPath='Acceptance.Access'
2026-10-06T22:41:22.9511902-06:00  folder: Acceptance.users.a[1460 B, G=2], AcceptanceLive.model1.a[304 B, G=17], AcceptanceLive.model1.b[304 B, G=18], AcceptanceLive.model2.a[304 B, G=18], AcceptanceLive.model2.b[304 B, G=17], AcceptanceLive.sets.set1.a[1677 B, G=1], AcceptanceLive.station.a[1668 B, G=18], AcceptanceLive.station.b[1668 B, G=17]
2026-10-06T22:41:23.3171383-06:00  login 'live' -> CurrentLevel=0 LoginFailed=1 secretCleared=True
2026-10-06T22:41:35.6273342-06:00  PLC file service: Remove 'AcceptanceLive.station.b' -> done=True error=0x0
2026-10-06T22:41:35.8633147-06:00  PLC file service: Obstruct 'AcceptanceLive.station.b' -> done=True error=0x0
2026-10-06T22:41:35.8873212-06:00  NOTE: write with a directory standing in the slot the next copy must use
2026-10-06T22:41:36.2229519-06:00  WriteConfig probe.limit := 43
2026-10-06T22:41:36.2299552-06:00    -> LastWriteOk=1 Writes=1
2026-10-06T22:41:44.2834551-06:00  state=Run live: limit=43 modelB.speed=20 modelA.speed=10 pending=1 failed=1 restoreLost=0 lostPath='' acknowledged=0 persistFailedAlarm=True activeAlarms=1
2026-10-06T22:41:44.3024568-06:00  sets: restored=1 durable=1 restoreLost=0 slot1='AcceptanceSet' storeKind=1; medium storageError=0x70C
2026-10-06T22:41:44.3159686-06:00  access: restored=1 durable=1 storageError=0x0 restoreLost=1 lostPath='Acceptance.Access'
2026-10-06T22:41:44.3534849-06:00  folder: Acceptance.users.a[1460 B, G=2], AcceptanceLive.model1.a[304 B, G=17], AcceptanceLive.model1.b[304 B, G=18], AcceptanceLive.model2.a[304 B, G=18], AcceptanceLive.model2.b[304 B, G=17], AcceptanceLive.sets.set1.a[1677 B, G=1], AcceptanceLive.station.a[1668 B, G=18], AcceptanceLive.station.b[dir]
2026-10-06T22:41:44.6020372-06:00  PLC file service: Clear 'AcceptanceLive.station.b' -> done=True error=0x0
2026-10-06T22:41:57.6497187-06:00  state=Run live: limit=43 modelB.speed=20 modelA.speed=10 pending=0 failed=0 restoreLost=0 lostPath='' acknowledged=0 persistFailedAlarm=False activeAlarms=0
2026-10-06T22:41:57.6642668-06:00  sets: restored=1 durable=1 restoreLost=0 slot1='AcceptanceSet' storeKind=1; medium storageError=0x0
2026-10-06T22:41:57.6732746-06:00  access: restored=1 durable=1 storageError=0x0 restoreLost=1 lostPath='Acceptance.Access'
2026-10-06T22:41:57.6772750-06:00  folder: Acceptance.users.a[1460 B, G=2], AcceptanceLive.model1.a[304 B, G=19], AcceptanceLive.model1.b[304 B, G=18], AcceptanceLive.model2.a[304 B, G=18], AcceptanceLive.model2.b[304 B, G=19], AcceptanceLive.sets.set1.a[1677 B, G=1], AcceptanceLive.station.a[1668 B, G=18], AcceptanceLive.station.b[1669 B, G=19]
2026-10-06T22:41:57.7018814-06:00  NOTE: restart after recovery: 43 must come back
2026-10-06T22:42:02.7491781-06:00  runtime restarted (controlled TwinCAT stop/start; persistent data written at stop)
2026-10-06T22:42:03.3686578-06:00  PLC Run after restart (Fraktal_Tests verified)
2026-10-06T22:42:09.4133618-06:00  state=Run live: limit=43 modelB.speed=20 modelA.speed=10 pending=0 failed=0 restoreLost=0 lostPath='' acknowledged=0 persistFailedAlarm=False activeAlarms=0
2026-10-06T22:42:09.4283621-06:00  sets: restored=1 durable=1 restoreLost=0 slot1='AcceptanceSet' storeKind=1; medium storageError=0x0
2026-10-06T22:42:09.4373657-06:00  access: restored=1 durable=1 storageError=0x0 restoreLost=0 lostPath=''
2026-10-06T22:42:09.4413621-06:00  folder: Acceptance.users.a[1460 B, G=2], AcceptanceLive.model1.a[304 B, G=19], AcceptanceLive.model1.b[304 B, G=20], AcceptanceLive.model2.a[304 B, G=20], AcceptanceLive.model2.b[304 B, G=19], AcceptanceLive.sets.set1.a[1677 B, G=1], AcceptanceLive.station.a[1669 B, G=20], AcceptanceLive.station.b[1669 B, G=19]
2026-10-06T22:42:09.4668788-06:00  NOTE: end of live acceptance: PLC stopped, runtime left on FraktalTests, Autostart off
2026-10-06T22:42:09.4764020-06:00  PLC Stop
