2026-10-06T13:53:49.6287562-06:00  PLC Run (Fraktal_Tests verified)
2026-10-06T13:54:17.6813739-06:00  state=Run clock: available=0 synchronized=0 errorId=1804 source='WINDOWS/W32TIME' offsetUs=0
2026-10-06T13:54:17.6909367-06:00  ipc: registered=0 controller=0 ipc=0 fan=0 storage=0 lastError=0xECA8070C
2026-10-06T13:54:17.7049503-06:00  bus: master='192.168.1.6.2.1' available=0 healthy=0 dc=0 errorId=0x7 lost=0 crc=0
2026-10-06T13:54:17.7159700-06:00  access: restored=1 durable=1 storageError=0x0 restoreLost=0 lostPath='' persistFailedAlarmOpen=False activeAlarms=0
2026-10-06T13:54:17.7214824-06:00  boot files: 
observer stopped at 2026-10-06T13:54:50.0332744-06:00
corrupted one byte of the record (offset 20) at 2026-10-06T13:56:43.9727183-06:00
observer restarted pid=9592 at 2026-10-06T13:56:57.2667579-06:00
==== FINAL BUILD (boot app 7B07214BB9C481EDB464B6FB9FFF9478E5579CD46D2165A499603E61907A3953) ====
2026-10-06T14:00:18.5811489-06:00  PLC Run (Fraktal_Tests verified)
2026-10-06T14:00:43.6278010-06:00  state=Run clock: available=0 synchronized=0 errorId=1062 source='WINDOWS/W32TIME' offsetUs=0
2026-10-06T14:00:43.6408043-06:00  ipc: registered=0 controller=0 ipc=0 fan=0 storage=0 lastError=0xECA8070C
2026-10-06T14:00:43.6546485-06:00  bus: master='192.168.1.6.2.1' available=0 healthy=0 dc=0 errorId=0x7 lost=0 crc=0
2026-10-06T14:00:43.6746980-06:00  access: restored=1 durable=1 storageError=0x0 restoreLost=0 lostPath='' persistFailedAlarmOpen=False activeAlarms=0
2026-10-06T14:00:43.6786971-06:00  boot files: 
2026-10-06T14:00:51.2419282-06:00  register 'accept-op' level 1 -> Registered=1
2026-10-06T14:00:51.6001073-06:00  register 'accept-eng' level 3 -> Registered=2
2026-10-06T14:00:53.6606669-06:00  state=Run clock: available=0 synchronized=0 errorId=1062 source='WINDOWS/W32TIME' offsetUs=0
2026-10-06T14:00:53.6723844-06:00  ipc: registered=0 controller=0 ipc=0 fan=0 storage=0 lastError=0xECA8070C
2026-10-06T14:00:53.6859260-06:00  bus: master='192.168.1.6.2.1' available=0 healthy=0 dc=0 errorId=0x7 lost=0 crc=0
2026-10-06T14:00:53.7009238-06:00  access: restored=1 durable=1 storageError=0x0 restoreLost=0 lostPath='' persistFailedAlarmOpen=False activeAlarms=0
2026-10-06T14:00:53.7199481-06:00  boot files: FraktalAccess_FraktalTests.Fraktal_Tests.PRG_PlatformAcceptance.AccessUsers.A.bin[1380], FraktalAccess_FraktalTests.Fraktal_Tests.PRG_PlatformAcceptance.AccessUsers.B.bin[1380]
2026-10-06T14:00:54.0679337-06:00  login 'accept-op' -> CurrentLevel=1 LoginFailed=0 secretCleared=True
2026-10-06T14:00:54.4278461-06:00  logout -> CurrentLevel=0
2026-10-06T14:00:54.7792715-06:00  login 'accept-op' -> CurrentLevel=0 LoginFailed=1 secretCleared=True
2026-10-06T14:00:55.1432595-06:00  login 'accept-eng' -> CurrentLevel=3 LoginFailed=0 secretCleared=True
2026-10-06T14:00:55.4891875-06:00  logout -> CurrentLevel=0
host decode FraktalAccess_FraktalTests.Fraktal_Tests.PRG_PlatformAcceptance.AccessUsers.A.bin: len=1380 schema=1 byteCount=1380 magic=0x414b5246 generation=1 count=1 reserved=0 crcOk=True users=[('accept-op', 1)] pinsInClear=[]
host decode FraktalAccess_FraktalTests.Fraktal_Tests.PRG_PlatformAcceptance.AccessUsers.B.bin: len=1380 schema=1 byteCount=1380 magic=0x414b5246 generation=2 count=2 reserved=0 crcOk=True users=[('accept-op', 1), ('accept-eng', 3)] pinsInClear=[]
symbol surface: PRG_PlatformAcceptance.AccessUsers._users -> NOT in symbol table: Ads-Error 0x710 : Symbol could not be found. (Symbol could not be found. (AdsErrorCode: 1808, 0x710))
symbol surface: PRG_PlatformAcceptance.AccessUsers._n -> NOT in symbol table: Ads-Error 0x710 : Symbol could not be found. (Symbol could not be found. (AdsErrorCode: 1808, 0x710))
symbol surface: PRG_PlatformAcceptance.AccessUsers._image -> NOT in symbol table: Ads-Error 0x710 : Symbol could not be found. (Symbol could not be found. (AdsErrorCode: 1808, 0x710))
symbol surface: PRG_PlatformAcceptance.AccessUsers._candidate -> NOT in symbol table: Ads-Error 0x710 : Symbol could not be found. (Symbol could not be found. (AdsErrorCode: 1808, 0x710))
symbol surface: PRG_PlatformAcceptance.AccessUsers._saltSeq -> NOT in symbol table: Ads-Error 0x710 : Symbol could not be found. (Symbol could not be found. (AdsErrorCode: 1808, 0x710))
symbol surface: PRG_PlatformAcceptance.AccessUsers._confirmedGeneration -> readable (first bytes 02-00-00-00)
symbol surface: PRG_PlatformAcceptance.AccessUsers.Durable -> readable (first bytes 01-00-00-00)
deployed TMC: hidden members listed=0; AccessUsers symbols present: 
2026-10-06T14:01:31.4426384-06:00  runtime restarted (controlled TwinCAT stop/start; persistent data written at stop)
2026-10-06T14:01:31.9765978-06:00  PLC Run after restart (Fraktal_Tests verified)
2026-10-06T14:01:36.0175998-06:00  state=Run clock: available=0 synchronized=0 errorId=1062 source='WINDOWS/W32TIME' offsetUs=0
2026-10-06T14:01:36.0386395-06:00  ipc: registered=0 controller=0 ipc=0 fan=0 storage=0 lastError=0x00000000
2026-10-06T14:01:36.0511479-06:00  bus: master='192.168.1.6.2.1' available=0 healthy=0 dc=0 errorId=0x7 lost=0 crc=0
2026-10-06T14:01:36.0636554-06:00  access: restored=1 durable=1 storageError=0x0 restoreLost=0 lostPath='' persistFailedAlarmOpen=False activeAlarms=0
2026-10-06T14:01:36.0736555-06:00  boot files: FraktalAccess_FraktalTests.Fraktal_Tests.PRG_PlatformAcceptance.AccessUsers.A.bin[1380], FraktalAccess_FraktalTests.Fraktal_Tests.PRG_PlatformAcceptance.AccessUsers.B.bin[1380]
2026-10-06T14:01:36.4408393-06:00  login 'accept-eng' -> CurrentLevel=3 LoginFailed=0 secretCleared=True
2026-10-06T14:01:36.7828007-06:00  login 'accept-op' -> CurrentLevel=1 LoginFailed=0 secretCleared=True
2026-10-06T14:01:37.1240147-06:00  logout -> CurrentLevel=0
restart proof: harness Registered=0 (volatile counter, was 2 before restart); task cycles since start=2219 (10 ms task); BootDataLoaded=1 PersistentStatus=1
corrupted byte 40 of both retained images at 2026-10-06T14:01:57.4842323-06:00 (PLC running; next restart must reject them)
2026-10-06T14:02:02.6749205-06:00  runtime restarted (controlled TwinCAT stop/start; persistent data written at stop)
2026-10-06T14:02:03.1916076-06:00  PLC Run after restart (Fraktal_Tests verified)
2026-10-06T14:02:07.2405816-06:00  state=Run clock: available=0 synchronized=0 errorId=1062 source='WINDOWS/W32TIME' offsetUs=0
2026-10-06T14:02:07.2531843-06:00  ipc: registered=0 controller=0 ipc=0 fan=0 storage=0 lastError=0x00000000
2026-10-06T14:02:07.2651980-06:00  bus: master='192.168.1.6.2.1' available=0 healthy=0 dc=0 errorId=0x7 lost=0 crc=0
2026-10-06T14:02:07.2783334-06:00  access: restored=1 durable=1 storageError=0x0 restoreLost=1 lostPath='Acceptance.Access' persistFailedAlarmOpen=False activeAlarms=1
2026-10-06T14:02:07.2883392-06:00  boot files: FraktalAccess_FraktalTests.Fraktal_Tests.PRG_PlatformAcceptance.AccessUsers.A.bin[1380], FraktalAccess_FraktalTests.Fraktal_Tests.PRG_PlatformAcceptance.AccessUsers.B.bin[1380]
2026-10-06T14:02:07.6595041-06:00  login 'accept-eng' -> CurrentLevel=0 LoginFailed=1 secretCleared=True
active alarm 1: reason=2040 source='Acceptance.Access' text='std.error.accessRestoreLost' resetClass=0
after corrupt restart FraktalAccess_FraktalTests.Fraktal_Tests.PRG_PlatformAcceptance.AccessUsers.A.bin generation 3 count 0 crcOk True
after corrupt restart FraktalAccess_FraktalTests.Fraktal_Tests.PRG_PlatformAcceptance.AccessUsers.B.bin generation 2 count 2 crcOk False
2026-10-06T14:02:21.0229150-06:00  register 'accept-op' level 1 -> Registered=1
2026-10-06T14:02:28.1039186-06:00  runtime restarted (controlled TwinCAT stop/start; persistent data written at stop)
2026-10-06T14:02:28.6091284-06:00  PLC Run after restart (Fraktal_Tests verified)
2026-10-06T14:02:32.6602522-06:00  state=Run clock: available=0 synchronized=0 errorId=1062 source='WINDOWS/W32TIME' offsetUs=0
2026-10-06T14:02:32.6692563-06:00  ipc: registered=0 controller=0 ipc=0 fan=0 storage=0 lastError=0x00000000
2026-10-06T14:02:32.6790499-06:00  bus: master='192.168.1.6.2.1' available=0 healthy=0 dc=0 errorId=0x7 lost=0 crc=0
2026-10-06T14:02:32.6940532-06:00  access: restored=1 durable=1 storageError=0x0 restoreLost=0 lostPath='' persistFailedAlarmOpen=False activeAlarms=0
2026-10-06T14:02:32.7030616-06:00  boot files: FraktalAccess_FraktalTests.Fraktal_Tests.PRG_PlatformAcceptance.AccessUsers.A.bin[1380], FraktalAccess_FraktalTests.Fraktal_Tests.PRG_PlatformAcceptance.AccessUsers.B.bin[1380]
2026-10-06T14:02:33.0500511-06:00  login 'accept-op' -> CurrentLevel=1 LoginFailed=0 secretCleared=True
2026-10-06T14:02:33.3991882-06:00  logout -> CurrentLevel=0
deleted both retained images at 2026-10-06T14:02:56.5424252-06:00; confirmed generation marker in PLC: 4
2026-10-06T14:03:01.7038217-06:00  runtime restarted (controlled TwinCAT stop/start; persistent data written at stop)
2026-10-06T14:03:02.2257433-06:00  PLC Run after restart (Fraktal_Tests verified)
2026-10-06T14:03:06.2706862-06:00  state=Run clock: available=0 synchronized=0 errorId=1062 source='WINDOWS/W32TIME' offsetUs=0
2026-10-06T14:03:06.2807024-06:00  ipc: registered=0 controller=0 ipc=0 fan=0 storage=0 lastError=0x00000000
2026-10-06T14:03:06.2937010-06:00  bus: master='192.168.1.6.2.1' available=0 healthy=0 dc=0 errorId=0x7 lost=0 crc=0
2026-10-06T14:03:06.3097038-06:00  access: restored=1 durable=1 storageError=0x0 restoreLost=1 lostPath='Acceptance.Access' persistFailedAlarmOpen=False activeAlarms=1
2026-10-06T14:03:06.3182122-06:00  boot files: FraktalAccess_FraktalTests.Fraktal_Tests.PRG_PlatformAcceptance.AccessUsers.A.bin[1380]
2026-10-06T14:03:06.6871960-06:00  login 'accept-op' -> CurrentLevel=0 LoginFailed=1 secretCleared=True
obstruction: created directory in place of slot B at 2026-10-06T14:03:17.1728545-06:00
2026-10-06T14:03:17.7141407-06:00  register 'accept-op' level 1 -> Registered=1
2026-10-06T14:03:20.7677573-06:00  state=Run clock: available=0 synchronized=0 errorId=1062 source='WINDOWS/W32TIME' offsetUs=0
2026-10-06T14:03:20.7792738-06:00  ipc: registered=0 controller=0 ipc=0 fan=0 storage=0 lastError=0x00000000
2026-10-06T14:03:20.7892849-06:00  bus: master='192.168.1.6.2.1' available=0 healthy=0 dc=0 errorId=0x7 lost=0 crc=0
2026-10-06T14:03:20.8022903-06:00  access: restored=1 durable=0 storageError=0x70C restoreLost=1 lostPath='Acceptance.Access' persistFailedAlarmOpen=True activeAlarms=2
2026-10-06T14:03:20.8132893-06:00  boot files: FraktalAccess_FraktalTests.Fraktal_Tests.PRG_PlatformAcceptance.AccessUsers.B.bin[1], FraktalAccess_FraktalTests.Fraktal_Tests.PRG_PlatformAcceptance.AccessUsers.A.bin[1380]
2026-10-06T14:03:21.1764921-06:00  login 'accept-op' -> CurrentLevel=1 LoginFailed=0 secretCleared=True
2026-10-06T14:03:21.5200682-06:00  logout -> CurrentLevel=0
obstruction removed at 2026-10-06T14:03:28.0068849-06:00
2026-10-06T14:03:41.2301188-06:00  state=Run clock: available=0 synchronized=0 errorId=1062 source='WINDOWS/W32TIME' offsetUs=0
2026-10-06T14:03:41.2441487-06:00  ipc: registered=0 controller=0 ipc=0 fan=0 storage=0 lastError=0xECA8070C
2026-10-06T14:03:41.2566560-06:00  bus: master='192.168.1.6.2.1' available=0 healthy=0 dc=0 errorId=0x7 lost=0 crc=0
2026-10-06T14:03:41.2701717-06:00  access: restored=1 durable=1 storageError=0x0 restoreLost=1 lostPath='Acceptance.Access' persistFailedAlarmOpen=False activeAlarms=1
2026-10-06T14:03:41.2787053-06:00  boot files: FraktalAccess_FraktalTests.Fraktal_Tests.PRG_PlatformAcceptance.AccessUsers.A.bin[1380], FraktalAccess_FraktalTests.Fraktal_Tests.PRG_PlatformAcceptance.AccessUsers.B.bin[1380]
2026-10-06T14:03:46.3426736-06:00  runtime restarted (controlled TwinCAT stop/start; persistent data written at stop)
2026-10-06T14:03:46.8562068-06:00  PLC Run after restart (Fraktal_Tests verified)
2026-10-06T14:03:50.8897681-06:00  state=Run clock: available=0 synchronized=0 errorId=1062 source='WINDOWS/W32TIME' offsetUs=0
2026-10-06T14:03:50.9058395-06:00  ipc: registered=0 controller=0 ipc=0 fan=0 storage=0 lastError=0x00000000
2026-10-06T14:03:50.9195470-06:00  bus: master='192.168.1.6.2.1' available=0 healthy=0 dc=0 errorId=0x7 lost=0 crc=0
2026-10-06T14:03:50.9321984-06:00  access: restored=1 durable=1 storageError=0x0 restoreLost=0 lostPath='' persistFailedAlarmOpen=False activeAlarms=0
2026-10-06T14:03:50.9342009-06:00  boot files: FraktalAccess_FraktalTests.Fraktal_Tests.PRG_PlatformAcceptance.AccessUsers.A.bin[1380], FraktalAccess_FraktalTests.Fraktal_Tests.PRG_PlatformAcceptance.AccessUsers.B.bin[1380]
2026-10-06T14:03:51.3026184-06:00  login 'accept-op' -> CurrentLevel=1 LoginFailed=0 secretCleared=True
2026-10-06T14:03:51.6403372-06:00  logout -> CurrentLevel=0
W32Time status: Stopped at 2026-10-06T14:33:38.0030423-06:00
==== aggregate re-activation (download of the same aggregate after three PressTests activations) 2026-10-06T14:37:48.2501029-06:00
2026-10-06T14:39:05.2431709-06:00  PLC Run (Fraktal_Tests verified)
2026-10-06T14:39:30.3143988-06:00  state=Run clock: available=0 synchronized=0 errorId=1062 source='WINDOWS/W32TIME' offsetUs=0
2026-10-06T14:39:30.3294836-06:00  ipc: registered=0 controller=0 ipc=0 fan=0 storage=0 lastError=0xECA8070C
2026-10-06T14:39:30.3450224-06:00  bus: master='192.168.1.6.2.1' available=0 healthy=0 dc=0 errorId=0x7 lost=0 crc=0
2026-10-06T14:39:30.3585573-06:00  access: restored=1 durable=1 storageError=0x0 restoreLost=0 lostPath='' persistFailedAlarmOpen=False activeAlarms=0
2026-10-06T14:39:30.3725882-06:00  boot files: FraktalAccess_FraktalTests.Fraktal_Tests.PRG_PlatformAcceptance.AccessUsers.A.bin[1380], FraktalAccess_FraktalTests.Fraktal_Tests.PRG_PlatformAcceptance.AccessUsers.B.bin[1380]
2026-10-06T14:39:30.7693935-06:00  login 'accept-op' -> CurrentLevel=1 LoginFailed=0 secretCleared=True
2026-10-06T14:39:31.1076656-06:00  logout -> CurrentLevel=0
2026-10-06T17:04:49.5451598-06:00  login 'accept-op' -> CurrentLevel=1 LoginFailed=0 secretCleared=True
F_Now stamp of 'std.audit.login: accept-op' = 2026-10-06T22:56:54.0000000Z; host UTC during login = 2026-10-06T23:04:48.9542492Z..2026-10-06T23:04:49.5555637Z; F_Now minus Windows ~ -475 s
2026-10-06T17:04:49.9394101-06:00  logout -> CurrentLevel=0
==== FINAL SOURCE build (boot app 39d7b8b6...) after clock-skew fix 2026-10-06T17:14:32.8396928-06:00 ====
2026-10-06T17:14:33.1001406-06:00  PLC Run (Fraktal_Tests verified)
2026-10-06T17:14:58.1599305-06:00  state=Run clock: available=0 synchronized=0 errorId=1062 source='WINDOWS/W32TIME' offsetUs=0
2026-10-06T17:14:58.1680278-06:00  ipc: registered=0 controller=0 ipc=0 fan=0 storage=0 lastError=0xECA8070C
2026-10-06T17:14:58.1781504-06:00  bus: master='192.168.1.6.2.1' available=0 healthy=0 dc=0 errorId=0x7 lost=0 crc=0
2026-10-06T17:14:58.1902593-06:00  access: restored=1 durable=1 storageError=0x0 restoreLost=0 lostPath='' persistFailedAlarmOpen=False activeAlarms=0
2026-10-06T17:14:58.2341716-06:00  boot files: FraktalAccess_FraktalTests.Fraktal_Tests.PRG_PlatformAcceptance.AccessUsers.A.bin[1380], FraktalAccess_FraktalTests.Fraktal_Tests.PRG_PlatformAcceptance.AccessUsers.B.bin[1380]
2026-10-06T17:14:58.6460331-06:00  login 'accept-op' -> CurrentLevel=1 LoginFailed=0 secretCleared=True
2026-10-06T17:14:58.9783627-06:00  logout -> CurrentLevel=0
observer loop (pid 9592) stopped 2026-10-06T17:15:07.3294351-06:00
2026-10-06T17:15:07.5146389-06:00  PLC Stop
final: port 851 Stop; boot config FraktalTests; autostart marker present: False
