00:00 +0: loading C:/Projects/Fraktal/artifacts/tc3-handover/FraktalCore/HMI/test/opcua_repository_test.dart
00:00 +0: current export uses one fresh token per complete document
[Fraktal/Connection] stage=opcua-read-tiers discovered=22 fast=20 slow=0 excluded=2 offContract=0 manifest=0 scopes=1
[Fraktal/Connection] stage=opcua-request-start kind=exportCurrentConfig unit=PneumaticPress sequence=1
[Fraktal/Connection] stage=opcua-request-ack kind=exportCurrentConfig sequence=1 accepted=true diagnostic=
[Fraktal/Connection] stage=opcua-request-start kind=exportConfigSet unit=PneumaticPress sequence=2
[Fraktal/Connection] stage=opcua-request-ack kind=exportConfigSet sequence=2 accepted=true diagnostic=
00:00 +0 -1: current export uses one fresh token per complete document [E]
  Expected: match '^[0-9a-f]{32}$'
    Actual: ''
  
  package:matcher                                     expect
  package:flutter_test/src/widget_tester.dart 473:18  expect
  test\opcua_repository_test.dart 22:5                main.<fn>
  
00:00 +0 -1: current export refuses a document with a missing continuation
[Fraktal/Connection] stage=opcua-read-tiers discovered=22 fast=20 slow=0 excluded=2 offContract=0 manifest=0 scopes=1
[Fraktal/Connection] stage=opcua-request-start kind=exportCurrentConfig unit=PneumaticPress sequence=1
[Fraktal/Connection] stage=opcua-request-ack kind=exportCurrentConfig sequence=1 accepted=true diagnostic=
[Fraktal/Connection] stage=opcua-request-start kind=exportConfigSet unit=PneumaticPress sequence=2
[Fraktal/Connection] stage=opcua-request-ack kind=exportConfigSet sequence=2 accepted=true diagnostic=
00:00 +1 -1: Some tests failed.

Failing tests:
  C:/Projects/Fraktal/artifacts/tc3-handover/FraktalCore/HMI/test/opcua_repository_test.dart: current export uses one fresh token per complete document
