checkout C:\Projects\Fraktal\artifacts\tc3-missing-2026-10-06\checkout: 6 files refreshed
== install Core then Modules (TcXaeShell.DTE.15.0, 32-bit PowerShell)

  saved C:\Projects\Fraktal\artifacts\tc3-missing-2026-10-06\libraries\Fraktal_Core.library and installed it into the 
local repository
  saved C:\Projects\Fraktal\artifacts\tc3-missing-2026-10-06\libraries\Fraktal_Modules.library and installed it into 
the local repository
Installed 2 library/libraries. Reload placeholders and compile every consumer before treating this as done (workflow 
4.3).
== Press gates
== Press rendition ld : sequence=LADDER_DIAGRAM release=LADDER_DIAGRAM
Gate PressTests -> 192.168.1.6.1.1 (expect PRG_PressTestRunner, 9 tests / 2 suites)
  ADS Run: loads and starts the boot application activation just wrote
  PLC is RUNNING 'PressTests' (verified over ADS)
  ADS: 9 tests / 2 suites, 9 successful, 0 failed
  ADS: wrote C:\Projects\Fraktal\artifacts\tc3-missing-2026-10-06\checkout\artifacts\runtime-press-ld\PressTests-2026-1
0-06_170803.raw.log
  restored the .tsproj that activation rewrote
== Press rendition st : sequence=STRUCTURED_TEXT release=STRUCTURED_TEXT
Gate PressTests -> 192.168.1.6.1.1 (expect PRG_PressTestRunner, 9 tests / 2 suites)
  ADS Run: loads and starts the boot application activation just wrote
  restored the .tsproj that activation rewrote
canonical Ladder selector restored in the checkout
