== Press rendition ld : sequence=LADDER_DIAGRAM release=LADDER_DIAGRAM

Gate PressTests -> 192.168.1.6.1.1 (expect PRG_PressTestRunner, 9 tests / 2 suites)
  ADS Run: loads and starts the boot application activation just wrote
  PLC is RUNNING 'PressTests' (verified over ADS)
  ADS: 9 tests / 2 suites, 9 successful, 0 failed
  ADS: wrote C:\Projects\Fraktal\artifacts\tc3-missing-2026-10-06\checkout\artifacts\runtime-press-ld\PressTests-2026-1
0-06_143422.raw.log
  restored the .tsproj that activation rewrote
== Press rendition st : sequence=STRUCTURED_TEXT release=STRUCTURED_TEXT
Gate PressTests -> 192.168.1.6.1.1 (expect PRG_PressTestRunner, 9 tests / 2 suites)
  ADS Run: loads and starts the boot application activation just wrote
  PLC is RUNNING 'PressTests' (verified over ADS)
  ADS: 9 tests / 2 suites, 9 successful, 0 failed
  ADS: wrote C:\Projects\Fraktal\artifacts\tc3-missing-2026-10-06\checkout\artifacts\runtime-press-st\PressTests-2026-1
0-06_143526.raw.log
  restored the .tsproj that activation rewrote
== Press rendition sfc : sequence=SEQUENTIAL_FUNCTION_CHART release=LADDER_DIAGRAM
Gate PressTests -> 192.168.1.6.1.1 (expect PRG_PressTestRunner, 9 tests / 2 suites)
  ADS Run: loads and starts the boot application activation just wrote
  PLC is RUNNING 'PressTests' (verified over ADS)
  ADS: 9 tests / 2 suites, 9 successful, 0 failed
  ADS: wrote C:\Projects\Fraktal\artifacts\tc3-missing-2026-10-06\checkout\artifacts\runtime-press-sfc\PressTests-2026-
10-06_143625.raw.log
  restored the .tsproj that activation rewrote
canonical Ladder selector restored in the checkout


