Solution=C:\Projects\Fraktal\artifacts\press-x32-ide-checkout\FraktalCore\PLC\TwinCAT\Examples\PressDemo\PressDemoX32.sln
Configuration=Debug|TwinCAT RT (x64)
IecProject=TIPC^Fraktal_Press_Demo^Fraktal_Press_Demo Project
BootProjectAutostart=True
CheckAllObjects=True
Dte2Interop=C:\Program Files (x86)\Beckhoff\TcXaeShell\Common7\IDE\PublicAssemblies\envdte80.dll
DteErrorListCount=0
DteOutputPaneCount=7
--- DTE output pane: Source Control - Team Foundation ---
[capture failed: The property 'StartPoint' cannot be found on this object. Verify that the property exists.]
--- DTE output pane: Build ---
[capture failed: The property 'StartPoint' cannot be found on this object. Verify that the property exists.]
--- DTE output pane: Build Order ---
[capture failed: The property 'StartPoint' cannot be found on this object. Verify that the property exists.]
--- DTE output pane: Source Control ---
[capture failed: The property 'StartPoint' cannot be found on this object. Verify that the property exists.]
--- DTE output pane: Source Control - Git ---
Git failed with a fatal error.
fatal: detected dubious ownership in repository at 'C:/Projects/Fraktal/artifacts/press-x32-ide-checkout'
'C:/Projects/Fraktal/artifacts/press-x32-ide-checkout' is owned by:
	Workstation/CodexSandboxOffline (S-1-5-21-2977979675-2688864368-1726070307-1007)
but the current user is:
	Workstation/TcUser (S-1-5-21-2977979675-2688864368-1726070307-1002)
To add an exception for this directory, call:

	git config --global --add safe.directory C:/Projects/Fraktal/artifacts/press-x32-ide-checkout
Git failed with a fatal error.
fatal: detected dubious ownership in repository at 'C:/Projects/Fraktal/artifacts/press-x32-ide-checkout'
'C:/Projects/Fraktal/artifacts/press-x32-ide-checkout' is owned by:
	Workstation/CodexSandboxOffline (S-1-5-21-2977979675-2688864368-1726070307-1007)
but the current user is:
	Workstation/TcUser (S-1-5-21-2977979675-2688864368-1726070307-1002)
To add an exception for this directory, call:

	git config --global --add safe.directory C:/Projects/Fraktal/artifacts/press-x32-ide-checkout
Git failed with a fatal error.
fatal: detected dubious ownership in repository at 'C:/Projects/Fraktal/artifacts/press-x32-ide-checkout'
'C:/Projects/Fraktal/artifacts/press-x32-ide-checkout' is owned by:
	Workstation/CodexSandboxOffline (S-1-5-21-2977979675-2688864368-1726070307-1007)
but the current user is:
	Workstation/TcUser (S-1-5-21-2977979675-2688864368-1726070307-1002)
To add an exception for this directory, call:

	git config --global --add safe.directory C:/Projects/Fraktal/artifacts/press-x32-ide-checkout
--- DTE output pane: Debug ---
[capture failed: The property 'StartPoint' cannot be found on this object. Verify that the property exists.]
--- DTE output pane: TwinCAT ---
MSG | 10/5/2026 7:43:47 PM 358 ms | 'TwinCAT XAE': device 'IndraDrive MPC17 (1 CCD Master +1 CCD Slave) (0x00242806|0x00000001)' (file 'C:\Program Files (x86)\Beckhoff\TwinCAT\3.1\Config\Io\EtherCAT\BoschRexroth_IndraDrive_ECAT_SoE_01V18.XML') already exists in file 'C:\Program Files (x86)\Beckhoff\TwinCAT\3.1\Config\Io\EtherCAT\BoschRexroth_IndraDrive_ECAT_SoE_01V18.XML'
MSG | 10/5/2026 7:43:47 PM 358 ms | 'TwinCAT XAE': device 'IndraDrive MPC17 (1 CCD Master +2 CCD Slaves) (0x00242806|0x00000001)' (file 'C:\Program Files (x86)\Beckhoff\TwinCAT\3.1\Config\Io\EtherCAT\BoschRexroth_IndraDrive_ECAT_SoE_01V18.XML') already exists in file 'C:\Program Files (x86)\Beckhoff\TwinCAT\3.1\Config\Io\EtherCAT\BoschRexroth_IndraDrive_ECAT_SoE_01V18.XML'
MSG | 10/5/2026 7:43:47 PM 358 ms | 'TwinCAT XAE': device 'IndraDrive MPC17 (1 CCD Master +3 CCD Slaves) (0x00242806|0x00000001)' (file 'C:\Program Files (x86)\Beckhoff\TwinCAT\3.1\Config\Io\EtherCAT\BoschRexroth_IndraDrive_ECAT_SoE_01V18.XML') already exists in file 'C:\Program Files (x86)\Beckhoff\TwinCAT\3.1\Config\Io\EtherCAT\BoschRexroth_IndraDrive_ECAT_SoE_01V18.XML'
MSG | 10/5/2026 7:43:47 PM 358 ms | 'TwinCAT XAE': device 'IndraDrive MPC17 (1 CCD Master +4 CCD Slaves) (0x00242806|0x00000001)' (file 'C:\Program Files (x86)\Beckhoff\TwinCAT\3.1\Config\Io\EtherCAT\BoschRexroth_IndraDrive_ECAT_SoE_01V18.XML') already exists in file 'C:\Program Files (x86)\Beckhoff\TwinCAT\3.1\Config\Io\EtherCAT\BoschRexroth_IndraDrive_ECAT_SoE_01V18.XML'
MSG | 10/5/2026 7:43:47 PM 358 ms | 'TwinCAT XAE': device 'IndraDrive MPC17 (1 CCD Master +5 CCD Slaves) (0x00242806|0x00000001)' (file 'C:\Program Files (x86)\Beckhoff\TwinCAT\3.1\Config\Io\EtherCAT\BoschRexroth_IndraDrive_ECAT_SoE_01V18.XML') already exists in file 'C:\Program Files (x86)\Beckhoff\TwinCAT\3.1\Config\Io\EtherCAT\BoschRexroth_IndraDrive_ECAT_SoE_01V18.XML'
MSG | 10/5/2026 7:43:47 PM 358 ms | 'TwinCAT XAE': device 'IndraDrive MPC17 (1 CCD Master +6 CCD Slaves) (0x00242806|0x00000001)' (file 'C:\Program Files (x86)\Beckhoff\TwinCAT\3.1\Config\Io\EtherCAT\BoschRexroth_IndraDrive_ECAT_SoE_01V18.XML') already exists in file 'C:\Program Files (x86)\Beckhoff\TwinCAT\3.1\Config\Io\EtherCAT\BoschRexroth_IndraDrive_ECAT_SoE_01V18.XML'
MSG | 10/5/2026 7:43:47 PM 358 ms | 'TwinCAT XAE': device 'IndraDrive MPC17 (1 CCD Master +7 CCD Slaves) (0x00242806|0x00000001)' (file 'C:\Program Files (x86)\Beckhoff\TwinCAT\3.1\Config\Io\EtherCAT\BoschRexroth_IndraDrive_ECAT_SoE_01V18.XML') already exists in file 'C:\Program Files (x86)\Beckhoff\TwinCAT\3.1\Config\Io\EtherCAT\BoschRexroth_IndraDrive_ECAT_SoE_01V18.XML'
MSG | 10/5/2026 7:43:47 PM 358 ms | 'TwinCAT XAE': device 'IndraDrive MPC18/19 (1 CCD Master +1 CCD Slave) (0x00242806|0x00000002)' (file 'C:\Program Files (x86)\Beckhoff\TwinCAT\3.1\Config\Io\EtherCAT\BoschRexroth_IndraDrive_ECAT_SoE_01V18.XML') already exists in file 'C:\Program Files (x86)\Beckhoff\TwinCAT\3.1\Config\Io\EtherCAT\BoschRexroth_IndraDrive_ECAT_SoE_01V18.XML'
MSG | 10/5/2026 7:43:47 PM 358 ms | 'TwinCAT XAE': device 'IndraDrive MPC18/19 (1 CCD Master +2 CCD Slaves) (0x00242806|0x00000002)' (file 'C:\Program Files (x86)\Beckhoff\TwinCAT\3.1\Config\Io\EtherCAT\BoschRexroth_IndraDrive_ECAT_SoE_01V18.XML') already exists in file 'C:\Program Files (x86)\Beckhoff\TwinCAT\3.1\Config\Io\EtherCAT\BoschRexroth_IndraDrive_ECAT_SoE_01V18.XML'
MSG | 10/5/2026 7:43:47 PM 358 ms | 'TwinCAT XAE': device 'IndraDrive MPC18/19 (1 CCD Master +3 CCD Slaves) (0x00242806|0x00000002)' (file 'C:\Program Files (x86)\Beckhoff\TwinCAT\3.1\Config\Io\EtherCAT\BoschRexroth_IndraDrive_ECAT_SoE_01V18.XML') already exists in file 'C:\Program Files (x86)\Beckhoff\TwinCAT\3.1\Config\Io\EtherCAT\BoschRexroth_IndraDrive_ECAT_SoE_01V18.XML'
MSG | 10/5/2026 7:43:47 PM 358 ms | 'TwinCAT XAE': device 'IndraDrive MPC18/19 (1 CCD Master +4 CCD Slaves) (0x00242806|0x00000002)' (file 'C:\Program Files (x86)\Beckhoff\TwinCAT\3.1\Config\Io\EtherCAT\BoschRexroth_IndraDrive_ECAT_SoE_01V18.XML') already exists in file 'C:\Program Files (x86)\Beckhoff\TwinCAT\3.1\Config\Io\EtherCAT\BoschRexroth_IndraDrive_ECAT_SoE_01V18.XML'
MSG | 10/5/2026 7:43:47 PM 358 ms | 'TwinCAT XAE': device 'IndraDrive MPC18/19 (1 CCD Master +5 CCD Slaves) (0x00242806|0x00000002)' (file 'C:\Program Files (x86)\Beckhoff\TwinCAT\3.1\Config\Io\EtherCAT\BoschRexroth_IndraDrive_ECAT_SoE_01V18.XML') already exists in file 'C:\Program Files (x86)\Beckhoff\TwinCAT\3.1\Config\Io\EtherCAT\BoschRexroth_IndraDrive_ECAT_SoE_01V18.XML'
MSG | 10/5/2026 7:43:47 PM 358 ms | 'TwinCAT XAE': device 'IndraDrive MPC18/19 (1 CCD Master +6 CCD Slaves) (0x00242806|0x00000002)' (file 'C:\Program Files (x86)\Beckhoff\TwinCAT\3.1\Config\Io\EtherCAT\BoschRexroth_IndraDrive_ECAT_SoE_01V18.XML') already exists in file 'C:\Program Files (x86)\Beckhoff\TwinCAT\3.1\Config\Io\EtherCAT\BoschRexroth_IndraDrive_ECAT_SoE_01V18.XML'
MSG | 10/5/2026 7:43:47 PM 358 ms | 'TwinCAT XAE': device 'IndraDrive MPC18/19 (1 CCD Master +7 CCD Slaves) (0x00242806|0x00000002)' (file 'C:\Program Files (x86)\Beckhoff\TwinCAT\3.1\Config\Io\EtherCAT\BoschRexroth_IndraDrive_ECAT_SoE_01V18.XML') already exists in file 'C:\Program Files (x86)\Beckhoff\TwinCAT\3.1\Config\Io\EtherCAT\BoschRexroth_IndraDrive_ECAT_SoE_01V18.XML'
MSG | 10/5/2026 7:43:47 PM 358 ms | 'TwinCAT XAE': device 'IndraDrive MPC20/21 (1 CCD Master +1 CCD Slave) (0x00242806|0x00000003)' (file 'C:\Program Files (x86)\Beckhoff\TwinCAT\3.1\Config\Io\EtherCAT\BoschRexroth_IndraDrive_ECAT_SoE_01V18.XML') already exists in file 'C:\Program Files (x86)\Beckhoff\TwinCAT\3.1\Config\Io\EtherCAT\BoschRexroth_IndraDrive_ECAT_SoE_01V18.XML'
MSG | 10/5/2026 7:43:47 PM 358 ms | 'TwinCAT XAE': device 'IndraDrive MPC20/21 (1 CCD Master +2 CCD Slaves) (0x00242806|0x00000003)' (file 'C:\Program Files (x86)\Beckhoff\TwinCAT\3.1\Config\Io\EtherCAT\BoschRexroth_IndraDrive_ECAT_SoE_01V18.XML') already exists in file 'C:\Program Files (x86)\Beckhoff\TwinCAT\3.1\Config\Io\EtherCAT\BoschRexroth_IndraDrive_ECAT_SoE_01V18.XML'
MSG | 10/5/2026 7:43:47 PM 358 ms | 'TwinCAT XAE': device 'IndraDrive MPC20/21 (1 CCD Master +3 CCD Slaves) (0x00242806|0x00000003)' (file 'C:\Program Files (x86)\Beckhoff\TwinCAT\3.1\Config\Io\EtherCAT\BoschRexroth_IndraDrive_ECAT_SoE_01V18.XML') already exists in file 'C:\Program Files (x86)\Beckhoff\TwinCAT\3.1\Config\Io\EtherCAT\BoschRexroth_IndraDrive_ECAT_SoE_01V18.XML'
MSG | 10/5/2026 7:43:47 PM 358 ms | 'TwinCAT XAE': device 'IndraDrive MPC20/21 (1 CCD Master +4 CCD Slaves) (0x00242806|0x00000003)' (file 'C:\Program Files (x86)\Beckhoff\TwinCAT\3.1\Config\Io\EtherCAT\BoschRexroth_IndraDrive_ECAT_SoE_01V18.XML') already exists in file 'C:\Program Files (x86)\Beckhoff\TwinCAT\3.1\Config\Io\EtherCAT\BoschRexroth_IndraDrive_ECAT_SoE_01V18.XML'
MSG | 10/5/2026 7:43:47 PM 358 ms | 'TwinCAT XAE': device 'IndraDrive MPC20/21 (1 CCD Master +5 CCD Slaves) (0x00242806|0x00000003)' (file 'C:\Program Files (x86)\Beckhoff\TwinCAT\3.1\Config\Io\EtherCAT\BoschRexroth_IndraDrive_ECAT_SoE_01V18.XML') already exists in file 'C:\Program Files (x86)\Beckhoff\TwinCAT\3.1\Config\Io\EtherCAT\BoschRexroth_IndraDrive_ECAT_SoE_01V18.XML'
MSG | 10/5/2026 7:43:47 PM 358 ms | 'TwinCAT XAE': device 'IndraDrive MPC20/21 (1 CCD Master +6 CCD Slaves) (0x00242806|0x00000003)' (file 'C:\Program Files (x86)\Beckhoff\TwinCAT\3.1\Config\Io\EtherCAT\BoschRexroth_IndraDrive_ECAT_SoE_01V18.XML') already exists in file 'C:\Program Files (x86)\Beckhoff\TwinCAT\3.1\Config\Io\EtherCAT\BoschRexroth_IndraDrive_ECAT_SoE_01V18.XML'
MSG | 10/5/2026 7:43:47 PM 358 ms | 'TwinCAT XAE': device 'IndraDrive MPC20/21 (1 CCD Master +7 CCD Slaves) (0x00242806|0x00000003)' (file 'C:\Program Files (x86)\Beckhoff\TwinCAT\3.1\Config\Io\EtherCAT\BoschRexroth_IndraDrive_ECAT_SoE_01V18.XML') already exists in file 'C:\Program Files (x86)\Beckhoff\TwinCAT\3.1\Config\Io\EtherCAT\BoschRexroth_IndraDrive_ECAT_SoE_01V18.XML'
MSG | 10/5/2026 7:43:47 PM 358 ms | 'TwinCAT XAE': device 'IndraDrive MPC08 (1 CCD Master +1 CCD Slave) (0x00242805|0x00000004)' (file 'C:\Program Files (x86)\Beckhoff\TwinCAT\3.1\Config\Io\EtherCAT\BoschRexroth_IndraDrive_ECAT_SoE_01V18.XML') already exists in file 'C:\Program Files (x86)\Beckhoff\TwinCAT\3.1\Config\Io\EtherCAT\BoschRexroth_IndraDrive_ECAT_SoE_01V18.XML'
MSG | 10/5/2026 7:43:47 PM 358 ms | 'TwinCAT XAE': device 'IndraDrive MPC08 (1 CCD Master +2 CCD Slaves) (0x00242805|0x00000004)' (file 'C:\Program Files (x86)\Beckhoff\TwinCAT\3.1\Config\Io\EtherCAT\BoschRexroth_IndraDrive_ECAT_SoE_01V18.XML') already exists in file 'C:\Program Files (x86)\Beckhoff\TwinCAT\3.1\Config\Io\EtherCAT\BoschRexroth_IndraDrive_ECAT_SoE_01V18.XML'
MSG | 10/5/2026 7:43:47 PM 358 ms | 'TwinCAT XAE': device 'IndraDrive MPC08 (1 CCD Master +3 CCD Slaves) (0x00242805|0x00000004)' (file 'C:\Program Files (x86)\Beckhoff\TwinCAT\3.1\Config\Io\EtherCAT\BoschRexroth_IndraDrive_ECAT_SoE_01V18.XML') already exists in file 'C:\Program Files (x86)\Beckhoff\TwinCAT\3.1\Config\Io\EtherCAT\BoschRexroth_IndraDrive_ECAT_SoE_01V18.XML'
MSG | 10/5/2026 7:43:47 PM 358 ms | 'TwinCAT XAE': device 'IndraDrive MPC08 (1 CCD Master +4 CCD Slaves) (0x00242805|0x00000004)' (file 'C:\Program Files (x86)\Beckhoff\TwinCAT\3.1\Config\Io\EtherCAT\BoschRexroth_IndraDrive_ECAT_SoE_01V18.XML') already exists in file 'C:\Program Files (x86)\Beckhoff\TwinCAT\3.1\Config\Io\EtherCAT\BoschRexroth_IndraDrive_ECAT_SoE_01V18.XML'
MSG | 10/5/2026 7:43:47 PM 358 ms | 'TwinCAT XAE': device 'IndraDrive MPC08 (1 CCD Master +5 CCD Slaves) (0x00242805|0x00000004)' (file 'C:\Program Files (x86)\Beckhoff\TwinCAT\3.1\Config\Io\EtherCAT\BoschRexroth_IndraDrive_ECAT_SoE_01V18.XML') already exists in file 'C:\Program Files (x86)\Beckhoff\TwinCAT\3.1\Config\Io\EtherCAT\BoschRexroth_IndraDrive_ECAT_SoE_01V18.XML'
MSG | 10/5/2026 7:43:47 PM 358 ms | 'TwinCAT XAE': device 'IndraDrive MPC08 (1 CCD Master +6 CCD Slaves) (0x00242805|0x00000004)' (file 'C:\Program Files (x86)\Beckhoff\TwinCAT\3.1\Config\Io\EtherCAT\BoschRexroth_IndraDrive_ECAT_SoE_01V18.XML') already exists in file 'C:\Program Files (x86)\Beckhoff\TwinCAT\3.1\Config\Io\EtherCAT\BoschRexroth_IndraDrive_ECAT_SoE_01V18.XML'
MSG | 10/5/2026 7:43:47 PM 358 ms | 'TwinCAT XAE': device 'IndraDrive MPC08 (1 CCD Master +7 CCD Slaves) (0x00242805|0x00000004)' (file 'C:\Program Files (x86)\Beckhoff\TwinCAT\3.1\Config\Io\EtherCAT\BoschRexroth_IndraDrive_ECAT_SoE_01V18.XML') already exists in file 'C:\Program Files (x86)\Beckhoff\TwinCAT\3.1\Config\Io\EtherCAT\BoschRexroth_IndraDrive_ECAT_SoE_01V18.XML'
MSG | 10/5/2026 7:43:47 PM 358 ms | 'TwinCAT XAE': device 'uniVALplc_server (0x00000028|0x00020004)' (file 'C:\Program Files (x86)\Beckhoff\TwinCAT\3.1\Config\Io\EtherCAT\ESI-uniVALplc_CS9-s4.6.xml') already exists in file 'C:\Program Files (x86)\Beckhoff\TwinCAT\3.1\Config\Io\EtherCAT\ESI-uniVALplc_CS9-s4.5.1.xml'
MSG | 10/5/2026 7:43:47 PM 358 ms | 'TwinCAT XAE': device 'uniVALplc_server (0x00000028|0x00020005)' (file 'C:\Program Files (x86)\Beckhoff\TwinCAT\3.1\Config\Io\EtherCAT\ESI-uniVALplc_CS9_fsoe-s4.6.xml') already exists in file 'C:\Program Files (x86)\Beckhoff\TwinCAT\3.1\Config\Io\EtherCAT\ESI-uniVALplc_CS9_fsoe-s4.5.1.xml'
MSG | 10/5/2026 7:43:47 PM 358 ms | 'TwinCAT XAE': device 'PNOZ m ES EtherCAT (0x000BC828|0x00010000)' (file 'C:\Program Files (x86)\Beckhoff\TwinCAT\3.1\Config\Io\EtherCAT\PNOZ_m_ES_EtherCAT_V2_2.xml') already exists in file 'C:\Program Files (x86)\Beckhoff\TwinCAT\3.1\Config\Io\EtherCAT\PNOZ_m_ES_EtherCAT_V2_1.xml'
MSG | 10/5/2026 7:43:47 PM 358 ms | 'TwinCAT XAE': device 'PNOZ m ES EtherCAT (0x000BC828|0x00010001)' (file 'C:\Program Files (x86)\Beckhoff\TwinCAT\3.1\Config\Io\EtherCAT\PNOZ_m_ES_EtherCAT_V2_2.xml') already exists in file 'C:\Program Files (x86)\Beckhoff\TwinCAT\3.1\Config\Io\EtherCAT\PNOZ_m_ES_EtherCAT_V2_1.xml'
MSG | 10/5/2026 7:43:47 PM 358 ms | 'TwinCAT XAE': device 'PNOZ m ES EtherCAT (0x000BC828|0x00020000)' (file 'C:\Program Files (x86)\Beckhoff\TwinCAT\3.1\Config\Io\EtherCAT\PNOZ_m_ES_EtherCAT_V2_2.xml') already exists in file 'C:\Program Files (x86)\Beckhoff\TwinCAT\3.1\Config\Io\EtherCAT\PNOZ_m_ES_EtherCAT_V2_1.xml'
MSG | 10/5/2026 7:43:47 PM 358 ms | 'TwinCAT XAE': device 'PNOZ m ES EtherCAT (0x000BC828|0x00020001)' (file 'C:\Program Files (x86)\Beckhoff\TwinCAT\3.1\Config\Io\EtherCAT\PNOZ_m_ES_EtherCAT_V2_2.xml') already exists in file 'C:\Program Files (x86)\Beckhoff\TwinCAT\3.1\Config\Io\EtherCAT\PNOZ_m_ES_EtherCAT_V2_1.xml'
