PowerShell64Bit=False
BuildLastBuildInfo=0
Dte2Interop=C:\Program Files (x86)\Beckhoff\TcXaeShell\Common7\IDE\PublicAssemblies\envdte80.dll
DteErrorListCount=0
DteOutputPaneCount=7
--- DTE output pane: Source Control - Team Foundation ---
[capture failed: Exception calling "GetValue" with "2" argument(s): "Non-static method requires a target."]
--- DTE output pane: Build ---
------ Build started: Project: Fraktal_Press_Demo, Configuration: Debug TwinCAT RT (x64) ------
------ Build started: Application: PressDemoX32.Fraktal_Press_Demo -------
typify code ...
generate code...
generate global initializations ...
generate code initialization ...
generate relocations ...
Size of generated code: 809866 bytes
Size of global data: 2196850 bytes
Total allocated memory size for code and data: 3417224 bytes
Memory area 0 contains  Data, Input, Output, Memory, Code, Persistent Data and Nonsafe Data: size: 4442391 bytes, highest used address: 3417224, largest contiguous memory gap: 1025167 bytes (23 %)
Build complete -- 0 errors, 0 warnings : ready for download!
Generate TMC information ...
Import symbol information ...
PLC.Fraktal_Press_Demo : message: generate boot information...
------ Build started: Project: PressDemoX32, Configuration: Debug TwinCAT RT (x64) ------
========== Build: 2 succeeded or up-to-date, 0 failed, 0 skipped ==========
--- DTE output pane: Build Order ---
[capture failed: Exception calling "GetValue" with "2" argument(s): "Non-static method requires a target."]
--- DTE output pane: Source Control ---
[capture failed: Exception calling "GetValue" with "2" argument(s): "Non-static method requires a target."]
--- DTE output pane: Source Control - Git ---
Opening repositories:
C:\Projects\Fraktal\artifacts\tc3-missing-2026-10-06\checkout
--- DTE output pane: Debug ---
[capture failed: Exception calling "GetValue" with "2" argument(s): "Non-static method requires a target."]
--- DTE output pane: TwinCAT ---
MSG | 10/6/2026 5:19:31 PM 858 ms | 'TwinCAT XAE': device 'IndraDrive MPC17 (1 CCD Master +1 CCD Slave) (0x00242806|0x00000001)' (file 'C:\Program Files (x86)\Beckhoff\TwinCAT\3.1\Config\Io\EtherCAT\BoschRexroth_IndraDrive_ECAT_SoE_01V18.XML') already exists in file 'C:\Program Files (x86)\Beckhoff\TwinCAT\3.1\Config\Io\EtherCAT\BoschRexroth_IndraDrive_ECAT_SoE_01V18.XML'
MSG | 10/6/2026 5:19:31 PM 858 ms | 'TwinCAT XAE': device 'IndraDrive MPC17 (1 CCD Master +2 CCD Slaves) (0x00242806|0x00000001)' (file 'C:\Program Files (x86)\Beckhoff\TwinCAT\3.1\Config\Io\EtherCAT\BoschRexroth_IndraDrive_ECAT_SoE_01V18.XML') already exists in file 'C:\Program Files (x86)\Beckhoff\TwinCAT\3.1\Config\Io\EtherCAT\BoschRexroth_IndraDrive_ECAT_SoE_01V18.XML'
MSG | 10/6/2026 5:19:31 PM 858 ms | 'TwinCAT XAE': device 'IndraDrive MPC17 (1 CCD Master +3 CCD Slaves) (0x00242806|0x00000001)' (file 'C:\Program Files (x86)\Beckhoff\TwinCAT\3.1\Config\Io\EtherCAT\BoschRexroth_IndraDrive_ECAT_SoE_01V18.XML') already exists in file 'C:\Program Files (x86)\Beckhoff\TwinCAT\3.1\Config\Io\EtherCAT\BoschRexroth_IndraDrive_ECAT_SoE_01V18.XML'
MSG | 10/6/2026 5:19:31 PM 858 ms | 'TwinCAT XAE': device 'IndraDrive MPC17 (1 CCD Master +4 CCD Slaves) (0x00242806|0x00000001)' (file 'C:\Program Files (x86)\Beckhoff\TwinCAT\3.1\Config\Io\EtherCAT\BoschRexroth_IndraDrive_ECAT_SoE_01V18.XML') already exists in file 'C:\Program Files (x86)\Beckhoff\TwinCAT\3.1\Config\Io\EtherCAT\BoschRexroth_IndraDrive_ECAT_SoE_01V18.XML'
MSG | 10/6/2026 5:19:31 PM 858 ms | 'TwinCAT XAE': device 'IndraDrive MPC17 (1 CCD Master +5 CCD Slaves) (0x00242806|0x00000001)' (file 'C:\Program Files (x86)\Beckhoff\TwinCAT\3.1\Config\Io\EtherCAT\BoschRexroth_IndraDrive_ECAT_SoE_01V18.XML') already exists in file 'C:\Program Files (x86)\Beckhoff\TwinCAT\3.1\Config\Io\EtherCAT\BoschRexroth_IndraDrive_ECAT_SoE_01V18.XML'
MSG | 10/6/2026 5:19:31 PM 858 ms | 'TwinCAT XAE': device 'IndraDrive MPC17 (1 CCD Master +6 CCD Slaves) (0x00242806|0x00000001)' (file 'C:\Program Files (x86)\Beckhoff\TwinCAT\3.1\Config\Io\EtherCAT\BoschRexroth_IndraDrive_ECAT_SoE_01V18.XML') already exists in file 'C:\Program Files (x86)\Beckhoff\TwinCAT\3.1\Config\Io\EtherCAT\BoschRexroth_IndraDrive_ECAT_SoE_01V18.XML'
MSG | 10/6/2026 5:19:31 PM 858 ms | 'TwinCAT XAE': device 'IndraDrive MPC17 (1 CCD Master +7 CCD Slaves) (0x00242806|0x00000001)' (file 'C:\Program Files (x86)\Beckhoff\TwinCAT\3.1\Config\Io\EtherCAT\BoschRexroth_IndraDrive_ECAT_SoE_01V18.XML') already exists in file 'C:\Program Files (x86)\Beckhoff\TwinCAT\3.1\Config\Io\EtherCAT\BoschRexroth_IndraDrive_ECAT_SoE_01V18.XML'
MSG | 10/6/2026 5:19:31 PM 858 ms | 'TwinCAT XAE': device 'IndraDrive MPC18/19 (1 CCD Master +1 CCD Slave) (0x00242806|0x00000002)' (file 'C:\Program Files (x86)\Beckhoff\TwinCAT\3.1\Config\Io\EtherCAT\BoschRexroth_IndraDrive_ECAT_SoE_01V18.XML') already exists in file 'C:\Program Files (x86)\Beckhoff\TwinCAT\3.1\Config\Io\EtherCAT\BoschRexroth_IndraDrive_ECAT_SoE_01V18.XML'
MSG | 10/6/2026 5:19:31 PM 858 ms | 'TwinCAT XAE': device 'IndraDrive MPC18/19 (1 CCD Master +2 CCD Slaves) (0x00242806|0x00000002)' (file 'C:\Program Files (x86)\Beckhoff\TwinCAT\3.1\Config\Io\EtherCAT\BoschRexroth_IndraDrive_ECAT_SoE_01V18.XML') already exists in file 'C:\Program Files (x86)\Beckhoff\TwinCAT\3.1\Config\Io\EtherCAT\BoschRexroth_IndraDrive_ECAT_SoE_01V18.XML'
MSG | 10/6/2026 5:19:31 PM 858 ms | 'TwinCAT XAE': device 'IndraDrive MPC18/19 (1 CCD Master +3 CCD Slaves) (0x00242806|0x00000002)' (file 'C:\Program Files (x86)\Beckhoff\TwinCAT\3.1\Config\Io\EtherCAT\BoschRexroth_IndraDrive_ECAT_SoE_01V18.XML') already exists in file 'C:\Program Files (x86)\Beckhoff\TwinCAT\3.1\Config\Io\EtherCAT\BoschRexroth_IndraDrive_ECAT_SoE_01V18.XML'
MSG | 10/6/2026 5:19:31 PM 858 ms | 'TwinCAT XAE': device 'IndraDrive MPC18/19 (1 CCD Master +4 CCD Slaves) (0x00242806|0x00000002)' (file 'C:\Program Files (x86)\Beckhoff\TwinCAT\3.1\Config\Io\EtherCAT\BoschRexroth_IndraDrive_ECAT_SoE_01V18.XML') already exists in file 'C:\Program Files (x86)\Beckhoff\TwinCAT\3.1\Config\Io\EtherCAT\BoschRexroth_IndraDrive_ECAT_SoE_01V18.XML'
MSG | 10/6/2026 5:19:31 PM 858 ms | 'TwinCAT XAE': device 'IndraDrive MPC18/19 (1 CCD Master +5 CCD Slaves) (0x00242806|0x00000002)' (file 'C:\Program Files (x86)\Beckhoff\TwinCAT\3.1\Config\Io\EtherCAT\BoschRexroth_IndraDrive_ECAT_SoE_01V18.XML') already exists in file 'C:\Program Files (x86)\Beckhoff\TwinCAT\3.1\Config\Io\EtherCAT\BoschRexroth_IndraDrive_ECAT_SoE_01V18.XML'
MSG | 10/6/2026 5:19:31 PM 858 ms | 'TwinCAT XAE': device 'IndraDrive MPC18/19 (1 CCD Master +6 CCD Slaves) (0x00242806|0x00000002)' (file 'C:\Program Files (x86)\Beckhoff\TwinCAT\3.1\Config\Io\EtherCAT\BoschRexroth_IndraDrive_ECAT_SoE_01V18.XML') already exists in file 'C:\Program Files (x86)\Beckhoff\TwinCAT\3.1\Config\Io\EtherCAT\BoschRexroth_IndraDrive_ECAT_SoE_01V18.XML'
MSG | 10/6/2026 5:19:31 PM 858 ms | 'TwinCAT XAE': device 'IndraDrive MPC18/19 (1 CCD Master +7 CCD Slaves) (0x00242806|0x00000002)' (file 'C:\Program Files (x86)\Beckhoff\TwinCAT\3.1\Config\Io\EtherCAT\BoschRexroth_IndraDrive_ECAT_SoE_01V18.XML') already exists in file 'C:\Program Files (x86)\Beckhoff\TwinCAT\3.1\Config\Io\EtherCAT\BoschRexroth_IndraDrive_ECAT_SoE_01V18.XML'
MSG | 10/6/2026 5:19:31 PM 858 ms | 'TwinCAT XAE': device 'IndraDrive MPC20/21 (1 CCD Master +1 CCD Slave) (0x00242806|0x00000003)' (file 'C:\Program Files (x86)\Beckhoff\TwinCAT\3.1\Config\Io\EtherCAT\BoschRexroth_IndraDrive_ECAT_SoE_01V18.XML') already exists in file 'C:\Program Files (x86)\Beckhoff\TwinCAT\3.1\Config\Io\EtherCAT\BoschRexroth_IndraDrive_ECAT_SoE_01V18.XML'
MSG | 10/6/2026 5:19:31 PM 858 ms | 'TwinCAT XAE': device 'IndraDrive MPC20/21 (1 CCD Master +2 CCD Slaves) (0x00242806|0x00000003)' (file 'C:\Program Files (x86)\Beckhoff\TwinCAT\3.1\Config\Io\EtherCAT\BoschRexroth_IndraDrive_ECAT_SoE_01V18.XML') already exists in file 'C:\Program Files (x86)\Beckhoff\TwinCAT\3.1\Config\Io\EtherCAT\BoschRexroth_IndraDrive_ECAT_SoE_01V18.XML'
MSG | 10/6/2026 5:19:31 PM 858 ms | 'TwinCAT XAE': device 'IndraDrive MPC20/21 (1 CCD Master +3 CCD Slaves) (0x00242806|0x00000003)' (file 'C:\Program Files (x86)\Beckhoff\TwinCAT\3.1\Config\Io\EtherCAT\BoschRexroth_IndraDrive_ECAT_SoE_01V18.XML') already exists in file 'C:\Program Files (x86)\Beckhoff\TwinCAT\3.1\Config\Io\EtherCAT\BoschRexroth_IndraDrive_ECAT_SoE_01V18.XML'
MSG | 10/6/2026 5:19:31 PM 858 ms | 'TwinCAT XAE': device 'IndraDrive MPC20/21 (1 CCD Master +4 CCD Slaves) (0x00242806|0x00000003)' (file 'C:\Program Files (x86)\Beckhoff\TwinCAT\3.1\Config\Io\EtherCAT\BoschRexroth_IndraDrive_ECAT_SoE_01V18.XML') already exists in file 'C:\Program Files (x86)\Beckhoff\TwinCAT\3.1\Config\Io\EtherCAT\BoschRexroth_IndraDrive_ECAT_SoE_01V18.XML'
MSG | 10/6/2026 5:19:31 PM 858 ms | 'TwinCAT XAE': device 'IndraDrive MPC20/21 (1 CCD Master +5 CCD Slaves) (0x00242806|0x00000003)' (file 'C:\Program Files (x86)\Beckhoff\TwinCAT\3.1\Config\Io\EtherCAT\BoschRexroth_IndraDrive_ECAT_SoE_01V18.XML') already exists in file 'C:\Program Files (x86)\Beckhoff\TwinCAT\3.1\Config\Io\EtherCAT\BoschRexroth_IndraDrive_ECAT_SoE_01V18.XML'
MSG | 10/6/2026 5:19:31 PM 858 ms | 'TwinCAT XAE': device 'IndraDrive MPC20/21 (1 CCD Master +6 CCD Slaves) (0x00242806|0x00000003)' (file 'C:\Program Files (x86)\Beckhoff\TwinCAT\3.1\Config\Io\EtherCAT\BoschRexroth_IndraDrive_ECAT_SoE_01V18.XML') already exists in file 'C:\Program Files (x86)\Beckhoff\TwinCAT\3.1\Config\Io\EtherCAT\BoschRexroth_IndraDrive_ECAT_SoE_01V18.XML'
MSG | 10/6/2026 5:19:31 PM 858 ms | 'TwinCAT XAE': device 'IndraDrive MPC20/21 (1 CCD Master +7 CCD Slaves) (0x00242806|0x00000003)' (file 'C:\Program Files (x86)\Beckhoff\TwinCAT\3.1\Config\Io\EtherCAT\BoschRexroth_IndraDrive_ECAT_SoE_01V18.XML') already exists in file 'C:\Program Files (x86)\Beckhoff\TwinCAT\3.1\Config\Io\EtherCAT\BoschRexroth_IndraDrive_ECAT_SoE_01V18.XML'
MSG | 10/6/2026 5:19:31 PM 858 ms | 'TwinCAT XAE': device 'IndraDrive MPC08 (1 CCD Master +1 CCD Slave) (0x00242805|0x00000004)' (file 'C:\Program Files (x86)\Beckhoff\TwinCAT\3.1\Config\Io\EtherCAT\BoschRexroth_IndraDrive_ECAT_SoE_01V18.XML') already exists in file 'C:\Program Files (x86)\Beckhoff\TwinCAT\3.1\Config\Io\EtherCAT\BoschRexroth_IndraDrive_ECAT_SoE_01V18.XML'
MSG | 10/6/2026 5:19:31 PM 858 ms | 'TwinCAT XAE': device 'IndraDrive MPC08 (1 CCD Master +2 CCD Slaves) (0x00242805|0x00000004)' (file 'C:\Program Files (x86)\Beckhoff\TwinCAT\3.1\Config\Io\EtherCAT\BoschRexroth_IndraDrive_ECAT_SoE_01V18.XML') already exists in file 'C:\Program Files (x86)\Beckhoff\TwinCAT\3.1\Config\Io\EtherCAT\BoschRexroth_IndraDrive_ECAT_SoE_01V18.XML'
MSG | 10/6/2026 5:19:31 PM 858 ms | 'TwinCAT XAE': device 'IndraDrive MPC08 (1 CCD Master +3 CCD Slaves) (0x00242805|0x00000004)' (file 'C:\Program Files (x86)\Beckhoff\TwinCAT\3.1\Config\Io\EtherCAT\BoschRexroth_IndraDrive_ECAT_SoE_01V18.XML') already exists in file 'C:\Program Files (x86)\Beckhoff\TwinCAT\3.1\Config\Io\EtherCAT\BoschRexroth_IndraDrive_ECAT_SoE_01V18.XML'
MSG | 10/6/2026 5:19:31 PM 858 ms | 'TwinCAT XAE': device 'IndraDrive MPC08 (1 CCD Master +4 CCD Slaves) (0x00242805|0x00000004)' (file 'C:\Program Files (x86)\Beckhoff\TwinCAT\3.1\Config\Io\EtherCAT\BoschRexroth_IndraDrive_ECAT_SoE_01V18.XML') already exists in file 'C:\Program Files (x86)\Beckhoff\TwinCAT\3.1\Config\Io\EtherCAT\BoschRexroth_IndraDrive_ECAT_SoE_01V18.XML'
MSG | 10/6/2026 5:19:31 PM 858 ms | 'TwinCAT XAE': device 'IndraDrive MPC08 (1 CCD Master +5 CCD Slaves) (0x00242805|0x00000004)' (file 'C:\Program Files (x86)\Beckhoff\TwinCAT\3.1\Config\Io\EtherCAT\BoschRexroth_IndraDrive_ECAT_SoE_01V18.XML') already exists in file 'C:\Program Files (x86)\Beckhoff\TwinCAT\3.1\Config\Io\EtherCAT\BoschRexroth_IndraDrive_ECAT_SoE_01V18.XML'
MSG | 10/6/2026 5:19:31 PM 858 ms | 'TwinCAT XAE': device 'IndraDrive MPC08 (1 CCD Master +6 CCD Slaves) (0x00242805|0x00000004)' (file 'C:\Program Files (x86)\Beckhoff\TwinCAT\3.1\Config\Io\EtherCAT\BoschRexroth_IndraDrive_ECAT_SoE_01V18.XML') already exists in file 'C:\Program Files (x86)\Beckhoff\TwinCAT\3.1\Config\Io\EtherCAT\BoschRexroth_IndraDrive_ECAT_SoE_01V18.XML'
MSG | 10/6/2026 5:19:31 PM 858 ms | 'TwinCAT XAE': device 'IndraDrive MPC08 (1 CCD Master +7 CCD Slaves) (0x00242805|0x00000004)' (file 'C:\Program Files (x86)\Beckhoff\TwinCAT\3.1\Config\Io\EtherCAT\BoschRexroth_IndraDrive_ECAT_SoE_01V18.XML') already exists in file 'C:\Program Files (x86)\Beckhoff\TwinCAT\3.1\Config\Io\EtherCAT\BoschRexroth_IndraDrive_ECAT_SoE_01V18.XML'
MSG | 10/6/2026 5:19:31 PM 858 ms | 'TwinCAT XAE': device 'uniVALplc_server (0x00000028|0x00020004)' (file 'C:\Program Files (x86)\Beckhoff\TwinCAT\3.1\Config\Io\EtherCAT\ESI-uniVALplc_CS9-s4.6.xml') already exists in file 'C:\Program Files (x86)\Beckhoff\TwinCAT\3.1\Config\Io\EtherCAT\ESI-uniVALplc_CS9-s4.5.1.xml'
MSG | 10/6/2026 5:19:31 PM 858 ms | 'TwinCAT XAE': device 'uniVALplc_server (0x00000028|0x00020005)' (file 'C:\Program Files (x86)\Beckhoff\TwinCAT\3.1\Config\Io\EtherCAT\ESI-uniVALplc_CS9_fsoe-s4.6.xml') already exists in file 'C:\Program Files (x86)\Beckhoff\TwinCAT\3.1\Config\Io\EtherCAT\ESI-uniVALplc_CS9_fsoe-s4.5.1.xml'
MSG | 10/6/2026 5:19:31 PM 858 ms | 'TwinCAT XAE': device 'PNOZ m ES EtherCAT (0x000BC828|0x00010000)' (file 'C:\Program Files (x86)\Beckhoff\TwinCAT\3.1\Config\Io\EtherCAT\PNOZ_m_ES_EtherCAT_V2_2.xml') already exists in file 'C:\Program Files (x86)\Beckhoff\TwinCAT\3.1\Config\Io\EtherCAT\PNOZ_m_ES_EtherCAT_V2_1.xml'
MSG | 10/6/2026 5:19:31 PM 858 ms | 'TwinCAT XAE': device 'PNOZ m ES EtherCAT (0x000BC828|0x00010001)' (file 'C:\Program Files (x86)\Beckhoff\TwinCAT\3.1\Config\Io\EtherCAT\PNOZ_m_ES_EtherCAT_V2_2.xml') already exists in file 'C:\Program Files (x86)\Beckhoff\TwinCAT\3.1\Config\Io\EtherCAT\PNOZ_m_ES_EtherCAT_V2_1.xml'
MSG | 10/6/2026 5:19:31 PM 858 ms | 'TwinCAT XAE': device 'PNOZ m ES EtherCAT (0x000BC828|0x00020000)' (file 'C:\Program Files (x86)\Beckhoff\TwinCAT\3.1\Config\Io\EtherCAT\PNOZ_m_ES_EtherCAT_V2_2.xml') already exists in file 'C:\Program Files (x86)\Beckhoff\TwinCAT\3.1\Config\Io\EtherCAT\PNOZ_m_ES_EtherCAT_V2_1.xml'
MSG | 10/6/2026 5:19:31 PM 858 ms | 'TwinCAT XAE': device 'PNOZ m ES EtherCAT (0x000BC828|0x00020001)' (file 'C:\Program Files (x86)\Beckhoff\TwinCAT\3.1\Config\Io\EtherCAT\PNOZ_m_ES_EtherCAT_V2_2.xml') already exists in file 'C:\Program Files (x86)\Beckhoff\TwinCAT\3.1\Config\Io\EtherCAT\PNOZ_m_ES_EtherCAT_V2_1.xml'
WRN | 10/6/2026 5:19:34 PM 491 ms | 'TwinCAT XAE': Unknown TMC file version found - ignoring the file and waiting for a new one. Path 'C:\Projects\Fraktal\artifacts\tc3-missing-2026-10-06\checkout\FraktalCore\PLC\TwinCAT\Examples\PressDemo\Fraktal_Press_Demo\Fraktal_Press_Demo.tmc'
MSG | 10/6/2026 5:19:51 PM 511 ms | 'TwinCAT XAE': Variable 'GVL_PressIO._101B301A' linked with 'TIIB[=000+S-K010B1 (EL1809)]^Channel 1^_101B301A'
MSG | 10/6/2026 5:19:51 PM 511 ms | 'TwinCAT XAE': Variable 'GVL_PressIO._101B301B' linked with 'TIIB[=000+S-K010B1 (EL1809)]^Channel 2^_101B301B'
MSG | 10/6/2026 5:19:51 PM 511 ms | 'TwinCAT XAE': Variable 'GVL_PressIO._101B201A' linked with 'TIIB[=000+S-K010B1 (EL1809)]^Channel 3^_101B201A'
MSG | 10/6/2026 5:19:51 PM 511 ms | 'TwinCAT XAE': Variable 'GVL_PressIO._101B201B' linked with 'TIIB[=000+S-K010B1 (EL1809)]^Channel 4^_101B201B'
MSG | 10/6/2026 5:19:51 PM 511 ms | 'TwinCAT XAE': Variable 'GVL_PressIO._101B202A' linked with 'TIIB[=000+S-K010B1 (EL1809)]^Channel 5^_101B202A'
MSG | 10/6/2026 5:19:51 PM 511 ms | 'TwinCAT XAE': Variable 'GVL_PressIO._101B202B' linked with 'TIIB[=000+S-K010B1 (EL1809)]^Channel 6^_101B202B'
MSG | 10/6/2026 5:19:51 PM 511 ms | 'TwinCAT XAE': Variable 'GVL_PressIO._101S101' linked with 'TIIB[=000+S-K010B1 (EL1809)]^Channel 7^_101S101'
MSG | 10/6/2026 5:19:51 PM 511 ms | 'TwinCAT XAE': Variable 'GVL_PressIO._101S102' linked with 'TIIB[=000+S-K010B1 (EL1809)]^Channel 8^_101S102'
MSG | 10/6/2026 5:19:51 PM 511 ms | 'TwinCAT XAE': Variable 'GVL_PressIO._000MB085A_2' linked with 'TIIB[=000+S-K010B1 (EL1809)]^Channel 10^_000MB085A_2'
MSG | 10/6/2026 5:19:51 PM 511 ms | 'TwinCAT XAE': Variable 'GVL_PressIO._000MB085A_4' linked with 'TIIB[=000+S-K010B1 (EL1809)]^Channel 11^_000MB085A_4'
MSG | 10/6/2026 5:19:51 PM 511 ms | 'TwinCAT XAE': Variable 'GVL_PressIO._101B601' linked with 'TIIB[=000+S-K010B1 (EL1809)]^Channel 12^_101B601'
MSG | 10/6/2026 5:19:51 PM 511 ms | 'TwinCAT XAE': Variable 'GVL_PressIO._000BS901' linked with 'TIIB[=000+S-K010B1 (EL1809)]^Channel 9^_000BS901'
MSG | 10/6/2026 5:19:51 PM 511 ms | 'TwinCAT XAE': Variable 'GVL_PressIO._000BS902' linked with 'TIIB[=000+S-K010B1 (EL1809)]^Channel 13^_000BS902'
MSG | 10/6/2026 5:19:51 PM 511 ms | 'TwinCAT XAE': Variable 'GVL_PressIO._000K911_Y32' linked with 'TIIB[=000+S-K010B1 (EL1809)]^Channel 14^_000K911_Y32'
MSG | 10/6/2026 5:19:51 PM 511 ms | 'TwinCAT XAE': Variable 'GVL_PressIO._000K910A' linked with 'TIIB[=000+S-K010B1 (EL1809)]^Channel 15^_000K910A'
MSG | 10/6/2026 5:19:51 PM 511 ms | 'TwinCAT XAE': Variable 'GVL_PressIO._101K301A' linked with 'TIIB[=000+S-K010C1 (EL2809)]^Channel 1^_101K301A'
MSG | 10/6/2026 5:19:51 PM 511 ms | 'TwinCAT XAE': Variable 'GVL_PressIO._101K301B' linked with 'TIIB[=000+S-K010C1 (EL2809)]^Channel 2^_101K301B'
MSG | 10/6/2026 5:19:51 PM 511 ms | 'TwinCAT XAE': Variable 'GVL_PressIO._101K201A' linked with 'TIIB[=000+S-K010C1 (EL2809)]^Channel 3^_101K201A'
MSG | 10/6/2026 5:19:51 PM 511 ms | 'TwinCAT XAE': Variable 'GVL_PressIO._101K201B' linked with 'TIIB[=000+S-K010C1 (EL2809)]^Channel 4^_101K201B'
MSG | 10/6/2026 5:19:51 PM 511 ms | 'TwinCAT XAE': Variable 'GVL_PressIO._101K202A' linked with 'TIIB[=000+S-K010C1 (EL2809)]^Channel 5^_101K202A'
MSG | 10/6/2026 5:19:51 PM 511 ms | 'TwinCAT XAE': Variable 'GVL_PressIO._101K202B' linked with 'TIIB[=000+S-K010C1 (EL2809)]^Channel 6^_101K202B'
MSG | 10/6/2026 5:19:51 PM 511 ms | 'TwinCAT XAE': Variable 'GVL_PressIO._101P101' linked with 'TIIB[=000+S-K010C1 (EL2809)]^Channel 7^_101P101'
MSG | 10/6/2026 5:19:51 PM 511 ms | 'TwinCAT XAE': Variable 'GVL_PressIO._101P102' linked with 'TIIB[=000+S-K010C1 (EL2809)]^Channel 8^_101P102'
MSG | 10/6/2026 5:19:51 PM 511 ms | 'TwinCAT XAE': Variable 'GVL_PressIO._000K951_A1' linked with 'TIIB[=000+S-K010C1 (EL2809)]^Channel 10^_000K951_A1'
MSG | 10/6/2026 5:19:51 PM 511 ms | 'TwinCAT XAE': Variable 'GVL_PressIO._000K911_A1' linked with 'TIIB[=000+S-K010C1 (EL2809)]^Channel 11^_000K911_A1'
