{"t":"2026-10-09T07:45:16.9359578Z","event":"tia","mode":"WithoutUserInterface"}
{"t":"2026-10-09T07:45:17.0470102Z","event":"step","command":"open-project","args":"--path C:\\Users\\Siemens\\AppData\\Local\\Fraktal\\TiaStations\\FrkS11\\FrkS11.ap20"}
{"t":"2026-10-09T07:45:41.1937519Z","event":"project-opened","path":"C:\\Users\\Siemens\\AppData\\Local\\Fraktal\\TiaStations\\FrkS11\\FrkS11.ap20"}
{"t":"2026-10-09T07:45:41.1937519Z","event":"step","command":"download","args":"--plc PLC_1 --pc-interface PLCSIM --pc-number 1 --target 1 X1 --confirm-target 192.168.252.1 --user-management keep --trust-plc PLC_1"}
{"t":"2026-10-09T07:45:54.0336735Z","event":"connection","legacy":false,"configured":true}
{"t":"2026-10-09T07:45:54.1753709Z","event":"download-start","plc":"PLC_1","target":"1 X1","address":"192.168.252.1","options":"Hardware, Software"}
{"t":"2026-10-09T07:45:56.8181835Z","event":"online-question","type":"TlsVerification","plc":"PLC_1","was":"NonVerified","answer":"Trusted","verification":"certificate not matching"}
{"t":"2026-10-09T07:46:08.6071552Z","event":"download-question","phase":"pre","type":"ConsistentBlocksDownload","message":"Download software to device","offered":"ConsistentDownload","was":"ConsistentDownload","answer":"ConsistentDownload"}
{"t":"2026-10-09T07:46:08.6380613Z","event":"download-question","phase":"pre","type":"AlarmTextLibrariesDownload","message":"Download all alarm texts and text list texts to device","offered":"ConsistentDownload|NoAction","was":"ConsistentDownload","answer":"ConsistentDownload"}
{"t":"2026-10-09T07:46:19.6763126Z","event":"download-question","phase":"post","type":"StartModules","message":"Start modules after downloading to device.","offered":"NoAction|StartModule","was":"NoAction","answer":"StartModule"}
{"t":"2026-10-09T07:46:21.9694927Z","event":"download","state":"Success","errors":0,"warnings":0}
{"t":"2026-10-09T07:46:21.9824152Z","event":"download-message","depth":0,"state":"Success","text":"PLC_1"}
{"t":"2026-10-09T07:46:21.9877760Z","event":"download-message","depth":1,"state":"Success","text":"Hardware configuration"}
{"t":"2026-10-09T07:46:21.9908017Z","event":"download-message","depth":2,"state":"Success","text":"Certificate configuration was loaded successfully."}
{"t":"2026-10-09T07:46:21.9933989Z","event":"download-message","depth":2,"state":"Success","text":"Hardware configuration was loaded successfully."}
{"t":"2026-10-09T07:46:21.9954433Z","event":"download-message","depth":2,"state":"Success","text":"Connection configuration was downloaded successfully."}
{"t":"2026-10-09T07:46:21.9985805Z","event":"download-message","depth":2,"state":"Success","text":"Routing configuration was loaded successfully."}
{"t":"2026-10-09T07:46:22.0016440Z","event":"download-message","depth":2,"state":"Success","text":"PLC_1 started."}
{"t":"2026-10-09T07:46:22.0036772Z","event":"download-message","depth":1,"state":"Success","text":"'ST_Diagnostic' was loaded successfully."}
{"t":"2026-10-09T07:46:22.0056828Z","event":"download-message","depth":1,"state":"Success","text":"'ST_ModuleStatus' was loaded successfully."}
{"t":"2026-10-09T07:46:22.0077071Z","event":"download-message","depth":1,"state":"Success","text":"'FRK_Core' was loaded successfully."}
{"t":"2026-10-09T07:46:22.0097268Z","event":"download-message","depth":1,"state":"Success","text":"'FRK_RegistryRow' was loaded successfully."}
{"t":"2026-10-09T07:46:22.0128364Z","event":"download-message","depth":1,"state":"Success","text":"'ST_StepRecord' was loaded successfully."}
{"t":"2026-10-09T07:46:22.0148564Z","event":"download-message","depth":1,"state":"Success","text":"'FRK_SeqCtx' was loaded successfully."}
{"t":"2026-10-09T07:46:22.0169236Z","event":"download-message","depth":1,"state":"Success","text":"'ST_HmiRequest' was loaded successfully."}
{"t":"2026-10-09T07:46:22.0189739Z","event":"download-message","depth":1,"state":"Success","text":"'ST_HmiResponse' was loaded successfully."}
{"t":"2026-10-09T07:46:22.0217000Z","event":"download-message","depth":1,"state":"Success","text":"'ST_SpkCylHal' was loaded successfully."}
{"t":"2026-10-09T07:46:22.0237457Z","event":"download-message","depth":1,"state":"Success","text":"'ST_SpkUnitHal' was loaded successfully."}
{"t":"2026-10-09T07:46:22.0258372Z","event":"download-message","depth":1,"state":"Success","text":"'ST_SpkCylinderParCfg' was loaded successfully."}
{"t":"2026-10-09T07:46:22.0276714Z","event":"download-message","depth":1,"state":"Success","text":"'ST_SpkCylinderOutImm' was loaded successfully."}
{"t":"2026-10-09T07:46:22.0297217Z","event":"download-message","depth":1,"state":"Success","text":"'FRK_TestRow' was loaded successfully."}
{"t":"2026-10-09T07:46:22.0318905Z","event":"download-message","depth":1,"state":"Success","text":"'FRK_TestTable' was loaded successfully."}
{"t":"2026-10-09T07:46:22.0338650Z","event":"download-message","depth":1,"state":"Success","text":"'FRK_Clock' was loaded successfully."}
{"t":"2026-10-09T07:46:22.0358839Z","event":"download-message","depth":1,"state":"Success","text":"'FRK_Registry' was loaded successfully."}
{"t":"2026-10-09T07:46:22.0378824Z","event":"download-message","depth":1,"state":"Success","text":"'SpkHal' was loaded successfully."}
{"t":"2026-10-09T07:46:22.0393938Z","event":"download-message","depth":1,"state":"Success","text":"'SpkResults' was loaded successfully."}
{"t":"2026-10-09T07:46:22.0427056Z","event":"download-message","depth":1,"state":"Success","text":"'SpikeUnit' was loaded successfully."}
{"t":"2026-10-09T07:46:22.0448354Z","event":"download-message","depth":1,"state":"Success","text":"'SpkMain' was loaded successfully."}
{"t":"2026-10-09T07:46:22.0464848Z","event":"download-message","depth":1,"state":"Success","text":"'S11Graph' was loaded successfully."}
{"t":"2026-10-09T07:46:22.0493455Z","event":"download-message","depth":1,"state":"Success","text":"'S11Rig' was loaded successfully."}
{"t":"2026-10-09T07:46:22.0509119Z","event":"download-message","depth":1,"state":"Success","text":"'FB_SpkCylinderCM' was loaded successfully."}
{"t":"2026-10-09T07:46:22.0538918Z","event":"download-message","depth":1,"state":"Success","text":"'FB_SpkCylinderSim' was loaded successfully."}
{"t":"2026-10-09T07:46:22.0556071Z","event":"download-message","depth":1,"state":"Success","text":"'FB_SpkAutoSeq' was loaded successfully."}
{"t":"2026-10-09T07:46:22.0576776Z","event":"download-message","depth":1,"state":"Success","text":"'FB_SpkUnit' was loaded successfully."}
{"t":"2026-10-09T07:46:22.0608247Z","event":"download-message","depth":1,"state":"Success","text":"'FB_SpkHarness' was loaded successfully."}
{"t":"2026-10-09T07:46:22.0628453Z","event":"download-message","depth":1,"state":"Success","text":"'FB_SpkResultServer' was loaded successfully."}
{"t":"2026-10-09T07:46:22.0650758Z","event":"download-message","depth":1,"state":"Success","text":"'FB_SpkMain' was loaded successfully."}
{"t":"2026-10-09T07:46:22.0676608Z","event":"download-message","depth":1,"state":"Success","text":"'FB_GraphSample' was loaded successfully."}
{"t":"2026-10-09T07:46:22.0699114Z","event":"download-message","depth":1,"state":"Success","text":"'FB_SpkGraphRig' was loaded successfully."}
{"t":"2026-10-09T07:46:22.0719105Z","event":"download-message","depth":1,"state":"Success","text":"'FB_SpkAutoGraph' was loaded successfully."}
{"t":"2026-10-09T07:46:22.0739176Z","event":"download-message","depth":1,"state":"Success","text":"'FRK_ClockTick' was loaded successfully."}
{"t":"2026-10-09T07:46:22.0764413Z","event":"download-message","depth":1,"state":"Success","text":"'FRK_SetIdentity' was loaded successfully."}
{"t":"2026-10-09T07:46:22.0785259Z","event":"download-message","depth":1,"state":"Success","text":"'FRK_Fault' was loaded successfully."}
{"t":"2026-10-09T07:46:22.0795824Z","event":"download-message","depth":1,"state":"Success","text":"'FRK_AdoptChild' was loaded successfully."}
{"t":"2026-10-09T07:46:22.0828645Z","event":"download-message","depth":1,"state":"Success","text":"'FRK_Hold' was loaded successfully."}
{"t":"2026-10-09T07:46:22.0838762Z","event":"download-message","depth":1,"state":"Success","text":"'FRK_Complete' was loaded successfully."}
{"t":"2026-10-09T07:46:22.0866687Z","event":"download-message","depth":1,"state":"Success","text":"'FRK_Begin' was loaded successfully."}
{"t":"2026-10-09T07:46:22.0887209Z","event":"download-message","depth":1,"state":"Success","text":"'FRK_End' was loaded successfully."}
{"t":"2026-10-09T07:46:22.0908314Z","event":"download-message","depth":1,"state":"Success","text":"'FRK_Seq_Step' was loaded successfully."}
{"t":"2026-10-09T07:46:22.0928462Z","event":"download-message","depth":1,"state":"Success","text":"'FRK_Seq_TryIssue' was loaded successfully."}
{"t":"2026-10-09T07:46:22.0955778Z","event":"download-message","depth":1,"state":"Success","text":"'FRK_Seq_Await' was loaded successfully."}
{"t":"2026-10-09T07:46:22.0976731Z","event":"download-message","depth":1,"state":"Success","text":"'FRK_Seq_Advance' was loaded successfully."}
{"t":"2026-10-09T07:46:22.1005403Z","event":"download-message","depth":1,"state":"Success","text":"'FRK_TestRecord' was loaded successfully."}
{"t":"2026-10-09T07:46:22.1026456Z","event":"download-message","depth":1,"state":"Success","text":"'FRK_Seq_AwaitPending' was loaded successfully."}
{"t":"2026-10-09T07:46:22.1045994Z","event":"download-message","depth":1,"state":"Success","text":"'Diag_Alarm' was loaded successfully."}
{"t":"2026-10-09T07:46:22.1094290Z","event":"download-message","depth":1,"state":"Success","text":"'TSEND_C' was loaded successfully."}
{"t":"2026-10-09T07:46:22.1125303Z","event":"download-message","depth":1,"state":"Success","text":"'G7_RT_Plus_1_V6' was loaded successfully."}
{"t":"2026-10-09T07:46:22.1145721Z","event":"download-message","depth":1,"state":"Success","text":"'G7_RT_Plus_2_V6' was loaded successfully."}
{"t":"2026-10-09T07:46:22.1167889Z","event":"download-message","depth":1,"state":"Success","text":"'G7_RT_Plus_3_V6' was loaded successfully."}
{"t":"2026-10-09T07:46:22.1187983Z","event":"download-message","depth":1,"state":"Success","text":"'G7_RT_Plus_4_V6' was loaded successfully."}
{"t":"2026-10-09T07:46:22.1214523Z","event":"download-message","depth":1,"state":"Success","text":"'G7_RT_Plus_5_V6' was loaded successfully."}
{"t":"2026-10-09T07:46:22.1235647Z","event":"download-message","depth":1,"state":"Success","text":"'G7_RT_Plus_6_V6' was loaded successfully."}
{"t":"2026-10-09T07:46:22.1246143Z","event":"download-message","depth":1,"state":"Success","text":"'G7_RT_Plus_SUB_1_V6' was loaded successfully."}
{"t":"2026-10-09T07:46:22.1288330Z","event":"download-message","depth":1,"state":"Success","text":"'G7_RT_Plus_SUB_2_V6' was loaded successfully."}
{"t":"2026-10-09T07:46:22.1316264Z","event":"download-message","depth":1,"state":"Success","text":"'G7_RT_Plus_SUB_3_V6' was loaded successfully."}
{"t":"2026-10-09T07:46:22.1338433Z","event":"download-message","depth":1,"state":"Success","text":"'GetSymbolPath' was loaded successfully."}
{"t":"2026-10-09T07:46:22.1358782Z","event":"download-message","depth":1,"state":"Success","text":"'G7_GCFlagsPlus_V6' was loaded successfully."}
{"t":"2026-10-09T07:46:22.1380698Z","event":"download-message","depth":1,"state":"Success","text":"'G7_IfParPlus_V6' was loaded successfully."}
{"t":"2026-10-09T07:46:22.1396344Z","event":"download-message","depth":1,"state":"Success","text":"'G7_InParPlus_V6' was loaded successfully."}
{"t":"2026-10-09T07:46:22.1417906Z","event":"download-message","depth":1,"state":"Success","text":"'G7_MOPPlus_V6' was loaded successfully."}
{"t":"2026-10-09T07:46:22.1438092Z","event":"download-message","depth":1,"state":"Success","text":"'G7_OffsetsPlus_V6' was loaded successfully."}
{"t":"2026-10-09T07:46:22.1459327Z","event":"download-message","depth":1,"state":"Success","text":"'G7_OutParPlus_V6' was loaded successfully."}
{"t":"2026-10-09T07:46:22.1484478Z","event":"download-message","depth":1,"state":"Success","text":"'G7_RTDataPlus_V6' was loaded successfully."}
{"t":"2026-10-09T07:46:22.1498135Z","event":"download-message","depth":1,"state":"Success","text":"'G7_SQFlagsPlus_V6' was loaded successfully."}
{"t":"2026-10-09T07:46:22.1530169Z","event":"download-message","depth":1,"state":"Success","text":"'G7_StepPlus_V6' was loaded successfully."}
{"t":"2026-10-09T07:46:22.1550998Z","event":"download-message","depth":1,"state":"Success","text":"'G7_TransitionPlus_V6' was loaded successfully."}
{"t":"2026-10-09T07:46:22.1578252Z","event":"download-message","depth":1,"state":"Success","text":"'SymbolInformation' was loaded successfully."}
{"t":"2026-10-09T07:46:22.1594133Z","event":"download-message","depth":1,"state":"Success","text":"'SymbolInformationNode' was loaded successfully."}
{"t":"2026-10-09T07:46:22.1619247Z","event":"download-message","depth":1,"state":"Success","text":"'SymbolInformationReference' was loaded successfully."}
{"t":"2026-10-09T07:46:22.1635024Z","event":"download-message","depth":1,"state":"Success","text":"'SymbolInformationLink' was loaded successfully."}
{"t":"2026-10-09T07:46:22.1663644Z","event":"download-message","depth":1,"state":"Success","text":"'Main' was loaded successfully."}
{"t":"2026-10-09T07:46:22.1685054Z","event":"download-message","depth":1,"state":"Success","text":"'S11Cycle' was loaded successfully."}
{"t":"2026-10-09T07:46:22.1713555Z","event":"download-message","depth":1,"state":"Success","text":"'Default tag table' was loaded successfully."}
{"t":"2026-10-09T07:46:22.1894296Z","event":"step","command":"online-state","args":"--plc PLC_1 --pc-interface PLCSIM --pc-number 1 --target 1 X1"}
{"t":"2026-10-09T07:46:22.2585484Z","event":"connection","legacy":false,"configured":true}
{"t":"2026-10-09T07:46:26.3548008Z","event":"online","state":"Online"}
{"t":"2026-10-09T07:46:27.7955111Z","event":"plan-complete","steps":3,"tolerated-failures":0}
exit 0
