{"t":"2026-10-09T07:50:02.1324931Z","event":"tia","mode":"WithoutUserInterface"}
{"t":"2026-10-09T07:50:02.1957805Z","event":"step","command":"open-project","args":"--path C:\\Users\\Siemens\\AppData\\Local\\Fraktal\\TiaStations\\FrkS11\\FrkS11.ap20"}
{"t":"2026-10-09T07:50:12.4558444Z","event":"project-opened","path":"C:\\Users\\Siemens\\AppData\\Local\\Fraktal\\TiaStations\\FrkS11\\FrkS11.ap20"}
{"t":"2026-10-09T07:50:12.4558444Z","event":"step","command":"download","args":"--plc PLC_1 --pc-interface PLCSIM --pc-number 1 --target 1 X1 --confirm-target 192.168.252.1 --user-management keep"}
{"t":"2026-10-09T07:50:19.2215578Z","event":"connection","legacy":false,"configured":true}
{"t":"2026-10-09T07:50:19.3306932Z","event":"download-start","plc":"PLC_1","target":"1 X1","address":"192.168.252.1","options":"Hardware, Software"}
{"t":"2026-10-09T07:50:28.2873245Z","event":"download-question","phase":"pre","type":"TurnOffSequence","message":"Turn off the sequence (for FB name: FB_SpkAutoGraph, FB number: 30, DB name: S11Graph, DB number:  7) before loading?","answer":"left True"}
{"t":"2026-10-09T07:50:28.3106781Z","event":"download-question","phase":"pre","type":"StopModules","message":"The modules are stopped for downloading to device.","offered":"NoAction|StopAll","was":"NoAction","answer":"StopAll"}
{"t":"2026-10-09T07:50:28.3173191Z","event":"download-question","phase":"pre","type":"ConsistentBlocksDownload","message":"Download software to device","offered":"ConsistentDownload","was":"ConsistentDownload","answer":"ConsistentDownload"}
{"t":"2026-10-09T07:50:28.3233655Z","event":"download-question","phase":"pre","type":"AlarmTextLibrariesDownload","message":"Download all alarm texts and text list texts to device","offered":"ConsistentDownload|NoAction","was":"ConsistentDownload","answer":"ConsistentDownload"}
{"t":"2026-10-09T07:50:36.7628954Z","event":"download-question","phase":"post","type":"StartModules","message":"Start modules after downloading to device.","offered":"NoAction|StartModule","was":"StartModule","answer":"StartModule"}
{"t":"2026-10-09T07:50:38.5622761Z","event":"download","state":"Success","errors":0,"warnings":0}
{"t":"2026-10-09T07:50:38.5704387Z","event":"download-message","depth":0,"state":"Information","text":"PLC_1"}
{"t":"2026-10-09T07:50:38.5752495Z","event":"download-message","depth":1,"state":"Success","text":"PLC_1 stopped."}
{"t":"2026-10-09T07:50:38.5773770Z","event":"download-message","depth":1,"state":"Success","text":"'ST_Diagnostic' was loaded successfully."}
{"t":"2026-10-09T07:50:38.5794769Z","event":"download-message","depth":1,"state":"Success","text":"'ST_ModuleStatus' was loaded successfully."}
{"t":"2026-10-09T07:50:38.5814896Z","event":"download-message","depth":1,"state":"Success","text":"'FRK_Core' was loaded successfully."}
{"t":"2026-10-09T07:50:38.5845296Z","event":"download-message","depth":1,"state":"Success","text":"'FRK_RegistryRow' was loaded successfully."}
{"t":"2026-10-09T07:50:38.5865527Z","event":"download-message","depth":1,"state":"Success","text":"'ST_StepRecord' was loaded successfully."}
{"t":"2026-10-09T07:50:38.5875579Z","event":"download-message","depth":1,"state":"Success","text":"'FRK_SeqCtx' was loaded successfully."}
{"t":"2026-10-09T07:50:38.5905987Z","event":"download-message","depth":1,"state":"Success","text":"'ST_HmiRequest' was loaded successfully."}
{"t":"2026-10-09T07:50:38.5936931Z","event":"download-message","depth":1,"state":"Success","text":"'ST_HmiResponse' was loaded successfully."}
{"t":"2026-10-09T07:50:38.5956700Z","event":"download-message","depth":1,"state":"Success","text":"'ST_SpkCylHal' was loaded successfully."}
{"t":"2026-10-09T07:50:38.5982450Z","event":"download-message","depth":1,"state":"Success","text":"'ST_SpkUnitHal' was loaded successfully."}
{"t":"2026-10-09T07:50:38.6006761Z","event":"download-message","depth":1,"state":"Success","text":"'ST_SpkCylinderParCfg' was loaded successfully."}
{"t":"2026-10-09T07:50:38.6024621Z","event":"download-message","depth":1,"state":"Success","text":"'ST_SpkCylinderOutImm' was loaded successfully."}
{"t":"2026-10-09T07:50:38.6044828Z","event":"download-message","depth":1,"state":"Success","text":"'FRK_TestRow' was loaded successfully."}
{"t":"2026-10-09T07:50:38.6064936Z","event":"download-message","depth":1,"state":"Success","text":"'FRK_TestTable' was loaded successfully."}
{"t":"2026-10-09T07:50:38.6085277Z","event":"download-message","depth":1,"state":"Success","text":"'FRK_Clock' was loaded successfully."}
{"t":"2026-10-09T07:50:38.6115372Z","event":"download-message","depth":1,"state":"Success","text":"'FRK_Registry' was loaded successfully."}
{"t":"2026-10-09T07:50:38.6135624Z","event":"download-message","depth":1,"state":"Success","text":"'SpkHal' was loaded successfully."}
{"t":"2026-10-09T07:50:38.6152775Z","event":"download-message","depth":1,"state":"Success","text":"'SpkResults' was loaded successfully."}
{"t":"2026-10-09T07:50:38.6174685Z","event":"download-message","depth":1,"state":"Success","text":"'SpikeUnit' was loaded successfully."}
{"t":"2026-10-09T07:50:38.6197051Z","event":"download-message","depth":1,"state":"Success","text":"'SpkMain' was loaded successfully."}
{"t":"2026-10-09T07:50:38.6212818Z","event":"download-message","depth":1,"state":"Success","text":"'S11Graph' was loaded successfully."}
{"t":"2026-10-09T07:50:38.6234545Z","event":"download-message","depth":1,"state":"Success","text":"'S11Rig' was loaded successfully."}
{"t":"2026-10-09T07:50:38.6255250Z","event":"download-message","depth":1,"state":"Success","text":"'FB_SpkCylinderCM' was loaded successfully."}
{"t":"2026-10-09T07:50:38.6282768Z","event":"download-message","depth":1,"state":"Success","text":"'FB_SpkCylinderSim' was loaded successfully."}
{"t":"2026-10-09T07:50:38.6302324Z","event":"download-message","depth":1,"state":"Success","text":"'FB_SpkAutoSeq' was loaded successfully."}
{"t":"2026-10-09T07:50:38.6324038Z","event":"download-message","depth":1,"state":"Success","text":"'FB_SpkUnit' was loaded successfully."}
{"t":"2026-10-09T07:50:38.6334020Z","event":"download-message","depth":1,"state":"Success","text":"'FB_SpkHarness' was loaded successfully."}
{"t":"2026-10-09T07:50:38.6356093Z","event":"download-message","depth":1,"state":"Success","text":"'FB_SpkResultServer' was loaded successfully."}
{"t":"2026-10-09T07:50:38.6376330Z","event":"download-message","depth":1,"state":"Success","text":"'FB_SpkMain' was loaded successfully."}
{"t":"2026-10-09T07:50:38.6405356Z","event":"download-message","depth":1,"state":"Success","text":"'FB_GraphSample' was loaded successfully."}
{"t":"2026-10-09T07:50:38.6426550Z","event":"download-message","depth":1,"state":"Success","text":"'FB_SpkGraphRig' was loaded successfully."}
{"t":"2026-10-09T07:50:38.6452262Z","event":"download-message","depth":1,"state":"Success","text":"'FB_SpkGraphOwner' was loaded successfully."}
{"t":"2026-10-09T07:50:38.6472584Z","event":"download-message","depth":1,"state":"Success","text":"'FB_SpkAutoGraph' was loaded successfully."}
{"t":"2026-10-09T07:50:38.6492587Z","event":"download-message","depth":1,"state":"Success","text":"'FRK_ClockTick' was loaded successfully."}
{"t":"2026-10-09T07:50:38.6512779Z","event":"download-message","depth":1,"state":"Success","text":"'FRK_SetIdentity' was loaded successfully."}
{"t":"2026-10-09T07:50:38.6533079Z","event":"download-message","depth":1,"state":"Success","text":"'FRK_Fault' was loaded successfully."}
{"t":"2026-10-09T07:50:38.6553871Z","event":"download-message","depth":1,"state":"Success","text":"'FRK_AdoptChild' was loaded successfully."}
{"t":"2026-10-09T07:50:38.6574115Z","event":"download-message","depth":1,"state":"Success","text":"'FRK_Hold' was loaded successfully."}
{"t":"2026-10-09T07:50:38.6605020Z","event":"download-message","depth":1,"state":"Success","text":"'FRK_Complete' was loaded successfully."}
{"t":"2026-10-09T07:50:38.6625896Z","event":"download-message","depth":1,"state":"Success","text":"'FRK_Begin' was loaded successfully."}
{"t":"2026-10-09T07:50:38.6646134Z","event":"download-message","depth":1,"state":"Success","text":"'FRK_End' was loaded successfully."}
{"t":"2026-10-09T07:50:38.6666225Z","event":"download-message","depth":1,"state":"Success","text":"'FRK_Seq_Step' was loaded successfully."}
{"t":"2026-10-09T07:50:38.6686575Z","event":"download-message","depth":1,"state":"Success","text":"'FRK_Seq_TryIssue' was loaded successfully."}
{"t":"2026-10-09T07:50:38.6713248Z","event":"download-message","depth":1,"state":"Success","text":"'FRK_Seq_Await' was loaded successfully."}
{"t":"2026-10-09T07:50:38.6734796Z","event":"download-message","depth":1,"state":"Success","text":"'FRK_Seq_Advance' was loaded successfully."}
{"t":"2026-10-09T07:50:38.6753127Z","event":"download-message","depth":1,"state":"Success","text":"'FRK_TestRecord' was loaded successfully."}
{"t":"2026-10-09T07:50:38.6775970Z","event":"download-message","depth":1,"state":"Success","text":"'FRK_Seq_AwaitPending' was loaded successfully."}
{"t":"2026-10-09T07:50:38.6786154Z","event":"download-message","depth":1,"state":"Success","text":"'Diag_Alarm' was loaded successfully."}
{"t":"2026-10-09T07:50:38.6816486Z","event":"download-message","depth":1,"state":"Success","text":"'TSEND_C' was loaded successfully."}
{"t":"2026-10-09T07:50:38.6836743Z","event":"download-message","depth":1,"state":"Success","text":"'G7_RT_Plus_1_V6' was loaded successfully."}
{"t":"2026-10-09T07:50:38.6856824Z","event":"download-message","depth":1,"state":"Success","text":"'G7_RT_Plus_2_V6' was loaded successfully."}
{"t":"2026-10-09T07:50:38.6872293Z","event":"download-message","depth":1,"state":"Success","text":"'G7_RT_Plus_3_V6' was loaded successfully."}
{"t":"2026-10-09T07:50:38.6913258Z","event":"download-message","depth":1,"state":"Success","text":"'G7_RT_Plus_4_V6' was loaded successfully."}
{"t":"2026-10-09T07:50:38.6934297Z","event":"download-message","depth":1,"state":"Success","text":"'G7_RT_Plus_5_V6' was loaded successfully."}
{"t":"2026-10-09T07:50:38.6955853Z","event":"download-message","depth":1,"state":"Success","text":"'G7_RT_Plus_6_V6' was loaded successfully."}
{"t":"2026-10-09T07:50:38.6986214Z","event":"download-message","depth":1,"state":"Success","text":"'G7_RT_Plus_SUB_1_V6' was loaded successfully."}
{"t":"2026-10-09T07:50:38.6996085Z","event":"download-message","depth":1,"state":"Success","text":"'G7_RT_Plus_SUB_2_V6' was loaded successfully."}
{"t":"2026-10-09T07:50:38.7016106Z","event":"download-message","depth":1,"state":"Success","text":"'G7_RT_Plus_SUB_3_V6' was loaded successfully."}
{"t":"2026-10-09T07:50:38.7032674Z","event":"download-message","depth":1,"state":"Success","text":"'GetSymbolPath' was loaded successfully."}
{"t":"2026-10-09T07:50:38.7065294Z","event":"download-message","depth":1,"state":"Success","text":"'G7_GCFlagsPlus_V6' was loaded successfully."}
{"t":"2026-10-09T07:50:38.7086148Z","event":"download-message","depth":1,"state":"Success","text":"'G7_IfParPlus_V6' was loaded successfully."}
{"t":"2026-10-09T07:50:38.7112364Z","event":"download-message","depth":1,"state":"Success","text":"'G7_InParPlus_V6' was loaded successfully."}
{"t":"2026-10-09T07:50:38.7135564Z","event":"download-message","depth":1,"state":"Success","text":"'G7_MOPPlus_V6' was loaded successfully."}
{"t":"2026-10-09T07:50:38.7153534Z","event":"download-message","depth":1,"state":"Success","text":"'G7_OffsetsPlus_V6' was loaded successfully."}
{"t":"2026-10-09T07:50:38.7175714Z","event":"download-message","depth":1,"state":"Success","text":"'G7_OutParPlus_V6' was loaded successfully."}
{"t":"2026-10-09T07:50:38.7201905Z","event":"download-message","depth":1,"state":"Success","text":"'G7_RTDataPlus_V6' was loaded successfully."}
{"t":"2026-10-09T07:50:38.7223180Z","event":"download-message","depth":1,"state":"Success","text":"'G7_SQFlagsPlus_V6' was loaded successfully."}
{"t":"2026-10-09T07:50:38.7233912Z","event":"download-message","depth":1,"state":"Success","text":"'G7_StepPlus_V6' was loaded successfully."}
{"t":"2026-10-09T07:50:38.7262122Z","event":"download-message","depth":1,"state":"Success","text":"'G7_TransitionPlus_V6' was loaded successfully."}
{"t":"2026-10-09T07:50:38.7291977Z","event":"download-message","depth":1,"state":"Success","text":"'SymbolInformation' was loaded successfully."}
{"t":"2026-10-09T07:50:38.7313123Z","event":"download-message","depth":1,"state":"Success","text":"'SymbolInformationNode' was loaded successfully."}
{"t":"2026-10-09T07:50:38.7334067Z","event":"download-message","depth":1,"state":"Success","text":"'SymbolInformationReference' was loaded successfully."}
{"t":"2026-10-09T07:50:38.7356589Z","event":"download-message","depth":1,"state":"Success","text":"'SymbolInformationLink' was loaded successfully."}
{"t":"2026-10-09T07:50:38.7383454Z","event":"download-message","depth":1,"state":"Success","text":"'Main' was loaded successfully."}
{"t":"2026-10-09T07:50:38.7403072Z","event":"download-message","depth":1,"state":"Success","text":"'S11Cycle' was loaded successfully."}
{"t":"2026-10-09T07:50:38.7425445Z","event":"download-message","depth":1,"state":"Success","text":"'Default tag table' was loaded successfully."}
{"t":"2026-10-09T07:50:38.7456065Z","event":"download-message","depth":1,"state":"Information","text":"The hardware configuration has not been loaded, because it is up-to-date."}
{"t":"2026-10-09T07:50:38.7475889Z","event":"download-message","depth":1,"state":"Success","text":"Hardware configuration"}
{"t":"2026-10-09T07:50:38.7493391Z","event":"download-message","depth":2,"state":"Success","text":"PLC_1 started."}
{"t":"2026-10-09T07:50:38.7633513Z","event":"step","command":"online-state","args":"--plc PLC_1 --pc-interface PLCSIM --pc-number 1 --target 1 X1"}
{"t":"2026-10-09T07:50:38.7993664Z","event":"connection","legacy":false,"configured":true}
{"t":"2026-10-09T07:50:42.0198585Z","event":"online","state":"Online"}
{"t":"2026-10-09T07:50:42.6516873Z","event":"plan-complete","steps":3,"tolerated-failures":0}
