{"t":"2026-10-09T07:52:19.8302282Z","event":"tia","mode":"WithoutUserInterface"}
{"t":"2026-10-09T07:52:19.8990352Z","event":"step","command":"open-project","args":"--path C:\\Users\\Siemens\\AppData\\Local\\Fraktal\\TiaStations\\FrkS11\\FrkS11.ap20"}
{"t":"2026-10-09T07:52:28.1816617Z","event":"project-opened","path":"C:\\Users\\Siemens\\AppData\\Local\\Fraktal\\TiaStations\\FrkS11\\FrkS11.ap20"}
{"t":"2026-10-09T07:52:28.1816617Z","event":"step","command":"download","args":"--plc PLC_1 --pc-interface PLCSIM --pc-number 1 --target 1 X1 --confirm-target 192.168.252.1 --user-management keep"}
{"t":"2026-10-09T07:52:35.3770289Z","event":"connection","legacy":false,"configured":true}
{"t":"2026-10-09T07:52:35.4851668Z","event":"download-start","plc":"PLC_1","target":"1 X1","address":"192.168.252.1","options":"Hardware, Software"}
{"t":"2026-10-09T07:52:43.5434942Z","event":"download-question","phase":"pre","type":"TurnOffSequence","message":"Turn off the sequence (for FB name: FB_SpkAutoGraph, FB number: 30, DB name: S11Graph, DB number:  7) before loading?","answer":"left True"}
{"t":"2026-10-09T07:52:43.5616889Z","event":"download-question","phase":"pre","type":"StopModules","message":"The modules are stopped for downloading to device.","offered":"NoAction|StopAll","was":"NoAction","answer":"StopAll"}
{"t":"2026-10-09T07:52:43.5672755Z","event":"download-question","phase":"pre","type":"ConsistentBlocksDownload","message":"Download software to device","offered":"ConsistentDownload","was":"ConsistentDownload","answer":"ConsistentDownload"}
{"t":"2026-10-09T07:52:43.5714253Z","event":"download-question","phase":"pre","type":"AlarmTextLibrariesDownload","message":"Download all alarm texts and text list texts to device","offered":"ConsistentDownload|NoAction","was":"ConsistentDownload","answer":"ConsistentDownload"}
{"t":"2026-10-09T07:52:53.6326912Z","event":"download-question","phase":"post","type":"StartModules","message":"Start modules after downloading to device.","offered":"NoAction|StartModule","was":"StartModule","answer":"StartModule"}
{"t":"2026-10-09T07:52:55.5772521Z","event":"download","state":"Success","errors":0,"warnings":0}
{"t":"2026-10-09T07:52:55.5868947Z","event":"download-message","depth":0,"state":"Information","text":"PLC_1"}
{"t":"2026-10-09T07:52:55.5920590Z","event":"download-message","depth":1,"state":"Success","text":"PLC_1 stopped."}
{"t":"2026-10-09T07:52:55.5941569Z","event":"download-message","depth":1,"state":"Success","text":"'ST_Diagnostic' was loaded successfully."}
{"t":"2026-10-09T07:52:55.5973049Z","event":"download-message","depth":1,"state":"Success","text":"'ST_ModuleStatus' was loaded successfully."}
{"t":"2026-10-09T07:52:55.6000210Z","event":"download-message","depth":1,"state":"Success","text":"'FRK_Core' was loaded successfully."}
{"t":"2026-10-09T07:52:55.6021325Z","event":"download-message","depth":1,"state":"Success","text":"'FRK_RegistryRow' was loaded successfully."}
{"t":"2026-10-09T07:52:55.6042380Z","event":"download-message","depth":1,"state":"Success","text":"'ST_StepRecord' was loaded successfully."}
{"t":"2026-10-09T07:52:55.6068768Z","event":"download-message","depth":1,"state":"Success","text":"'FRK_SeqCtx' was loaded successfully."}
{"t":"2026-10-09T07:52:55.6089143Z","event":"download-message","depth":1,"state":"Success","text":"'ST_HmiRequest' was loaded successfully."}
{"t":"2026-10-09T07:52:55.6109585Z","event":"download-message","depth":1,"state":"Success","text":"'ST_HmiResponse' was loaded successfully."}
{"t":"2026-10-09T07:52:55.6135613Z","event":"download-message","depth":1,"state":"Success","text":"'ST_SpkCylHal' was loaded successfully."}
{"t":"2026-10-09T07:52:55.6151421Z","event":"download-message","depth":1,"state":"Success","text":"'ST_SpkUnitHal' was loaded successfully."}
{"t":"2026-10-09T07:52:55.6181976Z","event":"download-message","depth":1,"state":"Success","text":"'ST_SpkCylinderParCfg' was loaded successfully."}
{"t":"2026-10-09T07:52:55.6199102Z","event":"download-message","depth":1,"state":"Success","text":"'ST_SpkCylinderOutImm' was loaded successfully."}
{"t":"2026-10-09T07:52:55.6219920Z","event":"download-message","depth":1,"state":"Success","text":"'FRK_TestRow' was loaded successfully."}
{"t":"2026-10-09T07:52:55.6239164Z","event":"download-message","depth":1,"state":"Success","text":"'FRK_TestTable' was loaded successfully."}
{"t":"2026-10-09T07:52:55.6267524Z","event":"download-message","depth":1,"state":"Success","text":"'FRK_Clock' was loaded successfully."}
{"t":"2026-10-09T07:52:55.6288519Z","event":"download-message","depth":1,"state":"Success","text":"'FRK_Registry' was loaded successfully."}
{"t":"2026-10-09T07:52:55.6309116Z","event":"download-message","depth":1,"state":"Success","text":"'SpkHal' was loaded successfully."}
{"t":"2026-10-09T07:52:55.6327323Z","event":"download-message","depth":1,"state":"Success","text":"'SpkResults' was loaded successfully."}
{"t":"2026-10-09T07:52:55.6357425Z","event":"download-message","depth":1,"state":"Success","text":"'SpikeUnit' was loaded successfully."}
{"t":"2026-10-09T07:52:55.6368169Z","event":"download-message","depth":1,"state":"Success","text":"'SpkMain' was loaded successfully."}
{"t":"2026-10-09T07:52:55.6390501Z","event":"download-message","depth":1,"state":"Success","text":"'S11Graph' was loaded successfully."}
{"t":"2026-10-09T07:52:55.6408118Z","event":"download-message","depth":1,"state":"Success","text":"'S11Rig' was loaded successfully."}
{"t":"2026-10-09T07:52:55.6427839Z","event":"download-message","depth":1,"state":"Success","text":"'FB_SpkCylinderCM' was loaded successfully."}
{"t":"2026-10-09T07:52:55.6448112Z","event":"download-message","depth":1,"state":"Success","text":"'FB_SpkCylinderSim' was loaded successfully."}
{"t":"2026-10-09T07:52:55.6477508Z","event":"download-message","depth":1,"state":"Success","text":"'FB_SpkAutoSeq' was loaded successfully."}
{"t":"2026-10-09T07:52:55.6498536Z","event":"download-message","depth":1,"state":"Success","text":"'FB_SpkUnit' was loaded successfully."}
{"t":"2026-10-09T07:52:55.6520856Z","event":"download-message","depth":1,"state":"Success","text":"'FB_SpkHarness' was loaded successfully."}
{"t":"2026-10-09T07:52:55.6540804Z","event":"download-message","depth":1,"state":"Success","text":"'FB_SpkResultServer' was loaded successfully."}
{"t":"2026-10-09T07:52:55.6563735Z","event":"download-message","depth":1,"state":"Success","text":"'FB_SpkMain' was loaded successfully."}
{"t":"2026-10-09T07:52:55.6579483Z","event":"download-message","depth":1,"state":"Success","text":"'FB_GraphSample' was loaded successfully."}
{"t":"2026-10-09T07:52:55.6600998Z","event":"download-message","depth":1,"state":"Success","text":"'FB_SpkGraphRig' was loaded successfully."}
{"t":"2026-10-09T07:52:55.6621211Z","event":"download-message","depth":1,"state":"Success","text":"'FB_SpkGraphOwner' was loaded successfully."}
{"t":"2026-10-09T07:52:55.6641332Z","event":"download-message","depth":1,"state":"Success","text":"'FB_SpkAutoGraph' was loaded successfully."}
{"t":"2026-10-09T07:52:55.6661545Z","event":"download-message","depth":1,"state":"Success","text":"'FRK_ClockTick' was loaded successfully."}
{"t":"2026-10-09T07:52:55.6681780Z","event":"download-message","depth":1,"state":"Success","text":"'FRK_SetIdentity' was loaded successfully."}
{"t":"2026-10-09T07:52:55.6702087Z","event":"download-message","depth":1,"state":"Success","text":"'FRK_Fault' was loaded successfully."}
{"t":"2026-10-09T07:52:55.6722230Z","event":"download-message","depth":1,"state":"Success","text":"'FRK_AdoptChild' was loaded successfully."}
{"t":"2026-10-09T07:52:55.6750872Z","event":"download-message","depth":1,"state":"Success","text":"'FRK_Hold' was loaded successfully."}
{"t":"2026-10-09T07:52:55.6770995Z","event":"download-message","depth":1,"state":"Success","text":"'FRK_Complete' was loaded successfully."}
{"t":"2026-10-09T07:52:55.6799138Z","event":"download-message","depth":1,"state":"Success","text":"'FRK_Begin' was loaded successfully."}
{"t":"2026-10-09T07:52:55.6819364Z","event":"download-message","depth":1,"state":"Success","text":"'FRK_End' was loaded successfully."}
{"t":"2026-10-09T07:52:55.6839598Z","event":"download-message","depth":1,"state":"Success","text":"'FRK_Seq_Step' was loaded successfully."}
{"t":"2026-10-09T07:52:55.6849658Z","event":"download-message","depth":1,"state":"Success","text":"'FRK_Seq_TryIssue' was loaded successfully."}
{"t":"2026-10-09T07:52:55.6880070Z","event":"download-message","depth":1,"state":"Success","text":"'FRK_Seq_Await' was loaded successfully."}
{"t":"2026-10-09T07:52:55.6890308Z","event":"download-message","depth":1,"state":"Success","text":"'FRK_Seq_Advance' was loaded successfully."}
{"t":"2026-10-09T07:52:55.6919422Z","event":"download-message","depth":1,"state":"Success","text":"'FRK_TestRecord' was loaded successfully."}
{"t":"2026-10-09T07:52:55.6939690Z","event":"download-message","depth":1,"state":"Success","text":"'FRK_Seq_AwaitPending' was loaded successfully."}
{"t":"2026-10-09T07:52:55.6961313Z","event":"download-message","depth":1,"state":"Success","text":"'Diag_Alarm' was loaded successfully."}
{"t":"2026-10-09T07:52:55.6981534Z","event":"download-message","depth":1,"state":"Success","text":"'TSEND_C' was loaded successfully."}
{"t":"2026-10-09T07:52:55.6998934Z","event":"download-message","depth":1,"state":"Success","text":"'G7_RT_Plus_1_V6' was loaded successfully."}
{"t":"2026-10-09T07:52:55.7038574Z","event":"download-message","depth":1,"state":"Success","text":"'G7_RT_Plus_2_V6' was loaded successfully."}
{"t":"2026-10-09T07:52:55.7058749Z","event":"download-message","depth":1,"state":"Success","text":"'G7_RT_Plus_3_V6' was loaded successfully."}
{"t":"2026-10-09T07:52:55.7081894Z","event":"download-message","depth":1,"state":"Success","text":"'G7_RT_Plus_4_V6' was loaded successfully."}
{"t":"2026-10-09T07:52:55.7110361Z","event":"download-message","depth":1,"state":"Success","text":"'G7_RT_Plus_5_V6' was loaded successfully."}
{"t":"2026-10-09T07:52:55.7130556Z","event":"download-message","depth":1,"state":"Success","text":"'G7_RT_Plus_6_V6' was loaded successfully."}
{"t":"2026-10-09T07:52:55.7140595Z","event":"download-message","depth":1,"state":"Success","text":"'G7_RT_Plus_SUB_1_V6' was loaded successfully."}
{"t":"2026-10-09T07:52:55.7151244Z","event":"download-message","depth":1,"state":"Success","text":"'G7_RT_Plus_SUB_2_V6' was loaded successfully."}
{"t":"2026-10-09T07:52:55.7190070Z","event":"download-message","depth":1,"state":"Success","text":"'G7_RT_Plus_SUB_3_V6' was loaded successfully."}
{"t":"2026-10-09T07:52:55.7211609Z","event":"download-message","depth":1,"state":"Success","text":"'GetSymbolPath' was loaded successfully."}
{"t":"2026-10-09T07:52:55.7237977Z","event":"download-message","depth":1,"state":"Success","text":"'G7_GCFlagsPlus_V6' was loaded successfully."}
{"t":"2026-10-09T07:52:55.7258968Z","event":"download-message","depth":1,"state":"Success","text":"'G7_IfParPlus_V6' was loaded successfully."}
{"t":"2026-10-09T07:52:55.7279955Z","event":"download-message","depth":1,"state":"Success","text":"'G7_InParPlus_V6' was loaded successfully."}
{"t":"2026-10-09T07:52:55.7301074Z","event":"download-message","depth":1,"state":"Success","text":"'G7_MOPPlus_V6' was loaded successfully."}
{"t":"2026-10-09T07:52:55.7322266Z","event":"download-message","depth":1,"state":"Success","text":"'G7_OffsetsPlus_V6' was loaded successfully."}
{"t":"2026-10-09T07:52:55.7338058Z","event":"download-message","depth":1,"state":"Success","text":"'G7_OutParPlus_V6' was loaded successfully."}
{"t":"2026-10-09T07:52:55.7370324Z","event":"download-message","depth":1,"state":"Success","text":"'G7_RTDataPlus_V6' was loaded successfully."}
{"t":"2026-10-09T07:52:55.7390103Z","event":"download-message","depth":1,"state":"Success","text":"'G7_SQFlagsPlus_V6' was loaded successfully."}
{"t":"2026-10-09T07:52:55.7410200Z","event":"download-message","depth":1,"state":"Success","text":"'G7_StepPlus_V6' was loaded successfully."}
{"t":"2026-10-09T07:52:55.7429254Z","event":"download-message","depth":1,"state":"Success","text":"'G7_TransitionPlus_V6' was loaded successfully."}
{"t":"2026-10-09T07:52:55.7459343Z","event":"download-message","depth":1,"state":"Success","text":"'SymbolInformation' was loaded successfully."}
{"t":"2026-10-09T07:52:55.7481079Z","event":"download-message","depth":1,"state":"Success","text":"'SymbolInformationNode' was loaded successfully."}
{"t":"2026-10-09T07:52:55.7502077Z","event":"download-message","depth":1,"state":"Success","text":"'SymbolInformationReference' was loaded successfully."}
{"t":"2026-10-09T07:52:55.7525500Z","event":"download-message","depth":1,"state":"Success","text":"'SymbolInformationLink' was loaded successfully."}
{"t":"2026-10-09T07:52:55.7541431Z","event":"download-message","depth":1,"state":"Success","text":"'Main' was loaded successfully."}
{"t":"2026-10-09T07:52:55.7561658Z","event":"download-message","depth":1,"state":"Success","text":"'S11Cycle' was loaded successfully."}
{"t":"2026-10-09T07:52:55.7581809Z","event":"download-message","depth":1,"state":"Success","text":"'Default tag table' was loaded successfully."}
{"t":"2026-10-09T07:52:55.7608080Z","event":"download-message","depth":1,"state":"Information","text":"The hardware configuration has not been loaded, because it is up-to-date."}
{"t":"2026-10-09T07:52:55.7629242Z","event":"download-message","depth":1,"state":"Success","text":"Hardware configuration"}
{"t":"2026-10-09T07:52:55.7649416Z","event":"download-message","depth":2,"state":"Success","text":"PLC_1 started."}
{"t":"2026-10-09T07:52:55.7831385Z","event":"step","command":"online-state","args":"--plc PLC_1 --pc-interface PLCSIM --pc-number 1 --target 1 X1"}
{"t":"2026-10-09T07:52:55.8299753Z","event":"connection","legacy":false,"configured":true}
{"t":"2026-10-09T07:52:59.1525182Z","event":"online","state":"Online"}
{"t":"2026-10-09T07:52:59.8243163Z","event":"plan-complete","steps":3,"tolerated-failures":0}
