{"t":"2026-10-09T07:54:23.9302474Z","event":"tia","mode":"WithoutUserInterface"}
{"t":"2026-10-09T07:54:24.0049259Z","event":"step","command":"open-project","args":"--path C:\\Users\\Siemens\\AppData\\Local\\Fraktal\\TiaStations\\FrkS11\\FrkS11.ap20"}
{"t":"2026-10-09T07:54:32.5816819Z","event":"project-opened","path":"C:\\Users\\Siemens\\AppData\\Local\\Fraktal\\TiaStations\\FrkS11\\FrkS11.ap20"}
{"t":"2026-10-09T07:54:32.5816819Z","event":"step","command":"download","args":"--plc PLC_1 --pc-interface PLCSIM --pc-number 1 --target 1 X1 --confirm-target 192.168.252.1 --user-management keep"}
{"t":"2026-10-09T07:54:39.2594148Z","event":"connection","legacy":false,"configured":true}
{"t":"2026-10-09T07:54:39.3836250Z","event":"download-start","plc":"PLC_1","target":"1 X1","address":"192.168.252.1","options":"Hardware, Software"}
{"t":"2026-10-09T07:54:47.8131889Z","event":"download-question","phase":"pre","type":"TurnOffSequence","message":"Turn off the sequence (for FB name: FB_SpkAutoGraph, FB number: 30, DB name: S11Graph, DB number:  7) before loading?","answer":"left True"}
{"t":"2026-10-09T07:54:47.8341108Z","event":"download-question","phase":"pre","type":"StopModules","message":"The modules are stopped for downloading to device.","offered":"NoAction|StopAll","was":"NoAction","answer":"StopAll"}
{"t":"2026-10-09T07:54:47.8417070Z","event":"download-question","phase":"pre","type":"ConsistentBlocksDownload","message":"Download software to device","offered":"ConsistentDownload","was":"ConsistentDownload","answer":"ConsistentDownload"}
{"t":"2026-10-09T07:54:47.8480052Z","event":"download-question","phase":"pre","type":"AlarmTextLibrariesDownload","message":"Download all alarm texts and text list texts to device","offered":"ConsistentDownload|NoAction","was":"ConsistentDownload","answer":"ConsistentDownload"}
{"t":"2026-10-09T07:54:57.5742598Z","event":"download-question","phase":"post","type":"StartModules","message":"Start modules after downloading to device.","offered":"NoAction|StartModule","was":"StartModule","answer":"StartModule"}
{"t":"2026-10-09T07:54:59.6646454Z","event":"download","state":"Success","errors":0,"warnings":0}
{"t":"2026-10-09T07:54:59.6756152Z","event":"download-message","depth":0,"state":"Information","text":"PLC_1"}
{"t":"2026-10-09T07:54:59.6795249Z","event":"download-message","depth":1,"state":"Success","text":"PLC_1 stopped."}
{"t":"2026-10-09T07:54:59.6826140Z","event":"download-message","depth":1,"state":"Success","text":"'ST_Diagnostic' was loaded successfully."}
{"t":"2026-10-09T07:54:59.6847119Z","event":"download-message","depth":1,"state":"Success","text":"'ST_ModuleStatus' was loaded successfully."}
{"t":"2026-10-09T07:54:59.6868363Z","event":"download-message","depth":1,"state":"Success","text":"'FRK_Core' was loaded successfully."}
{"t":"2026-10-09T07:54:59.6895789Z","event":"download-message","depth":1,"state":"Success","text":"'FRK_RegistryRow' was loaded successfully."}
{"t":"2026-10-09T07:54:59.6921061Z","event":"download-message","depth":1,"state":"Success","text":"'ST_StepRecord' was loaded successfully."}
{"t":"2026-10-09T07:54:59.6936947Z","event":"download-message","depth":1,"state":"Success","text":"'FRK_SeqCtx' was loaded successfully."}
{"t":"2026-10-09T07:54:59.6965993Z","event":"download-message","depth":1,"state":"Success","text":"'ST_HmiRequest' was loaded successfully."}
{"t":"2026-10-09T07:54:59.6987882Z","event":"download-message","depth":1,"state":"Success","text":"'ST_HmiResponse' was loaded successfully."}
{"t":"2026-10-09T07:54:59.7018878Z","event":"download-message","depth":1,"state":"Success","text":"'ST_SpkCylHal' was loaded successfully."}
{"t":"2026-10-09T07:54:59.7039902Z","event":"download-message","depth":1,"state":"Success","text":"'ST_SpkUnitHal' was loaded successfully."}
{"t":"2026-10-09T07:54:59.7055787Z","event":"download-message","depth":1,"state":"Success","text":"'ST_SpkCylinderParCfg' was loaded successfully."}
{"t":"2026-10-09T07:54:59.7086124Z","event":"download-message","depth":1,"state":"Success","text":"'ST_SpkCylinderOutImm' was loaded successfully."}
{"t":"2026-10-09T07:54:59.7106322Z","event":"download-message","depth":1,"state":"Success","text":"'FRK_TestRow' was loaded successfully."}
{"t":"2026-10-09T07:54:59.7126359Z","event":"download-message","depth":1,"state":"Success","text":"'FRK_TestTable' was loaded successfully."}
{"t":"2026-10-09T07:54:59.7147359Z","event":"download-message","depth":1,"state":"Success","text":"'FRK_Clock' was loaded successfully."}
{"t":"2026-10-09T07:54:59.7170059Z","event":"download-message","depth":1,"state":"Success","text":"'FRK_Registry' was loaded successfully."}
{"t":"2026-10-09T07:54:59.7186740Z","event":"download-message","depth":1,"state":"Success","text":"'SpkHal' was loaded successfully."}
{"t":"2026-10-09T07:54:59.7207711Z","event":"download-message","depth":1,"state":"Success","text":"'SpkResults' was loaded successfully."}
{"t":"2026-10-09T07:54:59.7229207Z","event":"download-message","depth":1,"state":"Success","text":"'SpikeUnit' was loaded successfully."}
{"t":"2026-10-09T07:54:59.7256298Z","event":"download-message","depth":1,"state":"Success","text":"'SpkMain' was loaded successfully."}
{"t":"2026-10-09T07:54:59.7277126Z","event":"download-message","depth":1,"state":"Success","text":"'S11Graph' was loaded successfully."}
{"t":"2026-10-09T07:54:59.7297271Z","event":"download-message","depth":1,"state":"Success","text":"'S11Rig' was loaded successfully."}
{"t":"2026-10-09T07:54:59.7327361Z","event":"download-message","depth":1,"state":"Success","text":"'FB_SpkCylinderCM' was loaded successfully."}
{"t":"2026-10-09T07:54:59.7348010Z","event":"download-message","depth":1,"state":"Success","text":"'FB_SpkCylinderSim' was loaded successfully."}
{"t":"2026-10-09T07:54:59.7368179Z","event":"download-message","depth":1,"state":"Success","text":"'FB_SpkAutoSeq' was loaded successfully."}
{"t":"2026-10-09T07:54:59.7388415Z","event":"download-message","depth":1,"state":"Success","text":"'FB_SpkUnit' was loaded successfully."}
{"t":"2026-10-09T07:54:59.7408446Z","event":"download-message","depth":1,"state":"Success","text":"'FB_SpkHarness' was loaded successfully."}
{"t":"2026-10-09T07:54:59.7428689Z","event":"download-message","depth":1,"state":"Success","text":"'FB_SpkResultServer' was loaded successfully."}
{"t":"2026-10-09T07:54:59.7457252Z","event":"download-message","depth":1,"state":"Success","text":"'FB_SpkMain' was loaded successfully."}
{"t":"2026-10-09T07:54:59.7477197Z","event":"download-message","depth":1,"state":"Success","text":"'FB_GraphSample' was loaded successfully."}
{"t":"2026-10-09T07:54:59.7497471Z","event":"download-message","depth":1,"state":"Success","text":"'FB_SpkGraphRig' was loaded successfully."}
{"t":"2026-10-09T07:54:59.7517582Z","event":"download-message","depth":1,"state":"Success","text":"'FB_SpkGraphOwner' was loaded successfully."}
{"t":"2026-10-09T07:54:59.7537054Z","event":"download-message","depth":1,"state":"Success","text":"'FB_SpkAutoGraph' was loaded successfully."}
{"t":"2026-10-09T07:54:59.7565310Z","event":"download-message","depth":1,"state":"Success","text":"'FRK_ClockTick' was loaded successfully."}
{"t":"2026-10-09T07:54:59.7589222Z","event":"download-message","depth":1,"state":"Success","text":"'FRK_SetIdentity' was loaded successfully."}
{"t":"2026-10-09T07:54:59.7616815Z","event":"download-message","depth":1,"state":"Success","text":"'FRK_Fault' was loaded successfully."}
{"t":"2026-10-09T07:54:59.7637855Z","event":"download-message","depth":1,"state":"Success","text":"'FRK_AdoptChild' was loaded successfully."}
{"t":"2026-10-09T07:54:59.7673922Z","event":"download-message","depth":1,"state":"Success","text":"'FRK_Hold' was loaded successfully."}
{"t":"2026-10-09T07:54:59.7701487Z","event":"download-message","depth":1,"state":"Success","text":"'FRK_Complete' was loaded successfully."}
{"t":"2026-10-09T07:54:59.7717456Z","event":"download-message","depth":1,"state":"Success","text":"'FRK_Begin' was loaded successfully."}
{"t":"2026-10-09T07:54:59.7749005Z","event":"download-message","depth":1,"state":"Success","text":"'FRK_End' was loaded successfully."}
{"t":"2026-10-09T07:54:59.7768984Z","event":"download-message","depth":1,"state":"Success","text":"'FRK_Seq_Step' was loaded successfully."}
{"t":"2026-10-09T07:54:59.7789269Z","event":"download-message","depth":1,"state":"Success","text":"'FRK_Seq_TryIssue' was loaded successfully."}
{"t":"2026-10-09T07:54:59.7815993Z","event":"download-message","depth":1,"state":"Success","text":"'FRK_Seq_Await' was loaded successfully."}
{"t":"2026-10-09T07:54:59.7836099Z","event":"download-message","depth":1,"state":"Success","text":"'FRK_Seq_Advance' was loaded successfully."}
{"t":"2026-10-09T07:54:59.7857489Z","event":"download-message","depth":1,"state":"Success","text":"'FRK_TestRecord' was loaded successfully."}
{"t":"2026-10-09T07:54:59.7877748Z","event":"download-message","depth":1,"state":"Success","text":"'FRK_Seq_AwaitPending' was loaded successfully."}
{"t":"2026-10-09T07:54:59.7897822Z","event":"download-message","depth":1,"state":"Success","text":"'Diag_Alarm' was loaded successfully."}
{"t":"2026-10-09T07:54:59.7918473Z","event":"download-message","depth":1,"state":"Success","text":"'TSEND_C' was loaded successfully."}
{"t":"2026-10-09T07:54:59.7949985Z","event":"download-message","depth":1,"state":"Success","text":"'G7_RT_Plus_1_V6' was loaded successfully."}
{"t":"2026-10-09T07:54:59.7970050Z","event":"download-message","depth":1,"state":"Success","text":"'G7_RT_Plus_2_V6' was loaded successfully."}
{"t":"2026-10-09T07:54:59.7985785Z","event":"download-message","depth":1,"state":"Success","text":"'G7_RT_Plus_3_V6' was loaded successfully."}
{"t":"2026-10-09T07:54:59.8018534Z","event":"download-message","depth":1,"state":"Success","text":"'G7_RT_Plus_4_V6' was loaded successfully."}
{"t":"2026-10-09T07:54:59.8059038Z","event":"download-message","depth":1,"state":"Success","text":"'G7_RT_Plus_5_V6' was loaded successfully."}
{"t":"2026-10-09T07:54:59.8085966Z","event":"download-message","depth":1,"state":"Success","text":"'G7_RT_Plus_6_V6' was loaded successfully."}
{"t":"2026-10-09T07:54:59.8106313Z","event":"download-message","depth":1,"state":"Success","text":"'G7_RT_Plus_SUB_1_V6' was loaded successfully."}
{"t":"2026-10-09T07:54:59.8126348Z","event":"download-message","depth":1,"state":"Success","text":"'G7_RT_Plus_SUB_2_V6' was loaded successfully."}
{"t":"2026-10-09T07:54:59.8136447Z","event":"download-message","depth":1,"state":"Success","text":"'G7_RT_Plus_SUB_3_V6' was loaded successfully."}
{"t":"2026-10-09T07:54:59.8171798Z","event":"download-message","depth":1,"state":"Success","text":"'GetSymbolPath' was loaded successfully."}
{"t":"2026-10-09T07:54:59.8187598Z","event":"download-message","depth":1,"state":"Success","text":"'G7_GCFlagsPlus_V6' was loaded successfully."}
{"t":"2026-10-09T07:54:59.8206654Z","event":"download-message","depth":1,"state":"Success","text":"'G7_IfParPlus_V6' was loaded successfully."}
{"t":"2026-10-09T07:54:59.8228549Z","event":"download-message","depth":1,"state":"Success","text":"'G7_InParPlus_V6' was loaded successfully."}
{"t":"2026-10-09T07:54:59.8238611Z","event":"download-message","depth":1,"state":"Success","text":"'G7_MOPPlus_V6' was loaded successfully."}
{"t":"2026-10-09T07:54:59.8266165Z","event":"download-message","depth":1,"state":"Success","text":"'G7_OffsetsPlus_V6' was loaded successfully."}
{"t":"2026-10-09T07:54:59.8287212Z","event":"download-message","depth":1,"state":"Success","text":"'G7_OutParPlus_V6' was loaded successfully."}
{"t":"2026-10-09T07:54:59.8298808Z","event":"download-message","depth":1,"state":"Success","text":"'G7_RTDataPlus_V6' was loaded successfully."}
{"t":"2026-10-09T07:54:59.8319850Z","event":"download-message","depth":1,"state":"Success","text":"'G7_SQFlagsPlus_V6' was loaded successfully."}
{"t":"2026-10-09T07:54:59.8339233Z","event":"download-message","depth":1,"state":"Success","text":"'G7_StepPlus_V6' was loaded successfully."}
{"t":"2026-10-09T07:54:59.8363924Z","event":"download-message","depth":1,"state":"Success","text":"'G7_TransitionPlus_V6' was loaded successfully."}
{"t":"2026-10-09T07:54:59.8380028Z","event":"download-message","depth":1,"state":"Success","text":"'SymbolInformation' was loaded successfully."}
{"t":"2026-10-09T07:54:59.8399796Z","event":"download-message","depth":1,"state":"Success","text":"'SymbolInformationNode' was loaded successfully."}
{"t":"2026-10-09T07:54:59.8427423Z","event":"download-message","depth":1,"state":"Success","text":"'SymbolInformationReference' was loaded successfully."}
{"t":"2026-10-09T07:54:59.8449494Z","event":"download-message","depth":1,"state":"Success","text":"'SymbolInformationLink' was loaded successfully."}
{"t":"2026-10-09T07:54:59.8470212Z","event":"download-message","depth":1,"state":"Success","text":"'Main' was loaded successfully."}
{"t":"2026-10-09T07:54:59.8498337Z","event":"download-message","depth":1,"state":"Success","text":"'S11Cycle' was loaded successfully."}
{"t":"2026-10-09T07:54:59.8519510Z","event":"download-message","depth":1,"state":"Success","text":"'Default tag table' was loaded successfully."}
{"t":"2026-10-09T07:54:59.8539838Z","event":"download-message","depth":1,"state":"Information","text":"The hardware configuration has not been loaded, because it is up-to-date."}
{"t":"2026-10-09T07:54:59.8557629Z","event":"download-message","depth":1,"state":"Success","text":"Hardware configuration"}
{"t":"2026-10-09T07:54:59.8578009Z","event":"download-message","depth":2,"state":"Success","text":"PLC_1 started."}
{"t":"2026-10-09T07:54:59.8745978Z","event":"step","command":"online-state","args":"--plc PLC_1 --pc-interface PLCSIM --pc-number 1 --target 1 X1"}
{"t":"2026-10-09T07:54:59.9275485Z","event":"connection","legacy":false,"configured":true}
{"t":"2026-10-09T07:55:03.0458903Z","event":"online","state":"Online"}
{"t":"2026-10-09T07:55:04.5618408Z","event":"plan-complete","steps":3,"tolerated-failures":0}
