{"t":"2026-10-08T17:52:48.4456025Z","event":"tia","mode":"WithoutUserInterface"}
{"t":"2026-10-08T17:52:48.5314410Z","event":"step","command":"open-project","args":"--path C:\\Users\\Siemens\\AppData\\Local\\Fraktal\\TiaStations\\FrkSpikeS2\\FrkSpikeS2.ap20"}
{"t":"2026-10-08T17:53:03.4845087Z","event":"project-opened","path":"C:\\Users\\Siemens\\AppData\\Local\\Fraktal\\TiaStations\\FrkSpikeS2\\FrkSpikeS2.ap20"}
{"t":"2026-10-08T17:53:03.4845087Z","event":"step","command":"delete-blocks","args":"--plc PLC_1"}
{"t":"2026-10-08T17:53:05.6466587Z","event":"block-deleted","name":"FRK_Clock"}
{"t":"2026-10-08T17:53:07.3424221Z","event":"block-deleted","name":"FRK_Registry"}
{"t":"2026-10-08T17:53:07.3735954Z","event":"block-deleted","name":"SpkHal"}
{"t":"2026-10-08T17:53:07.4048128Z","event":"block-deleted","name":"SpkResults"}
{"t":"2026-10-08T17:53:07.4498340Z","event":"block-deleted","name":"FRK_ClockTick"}
{"t":"2026-10-08T17:53:07.5128989Z","event":"block-deleted","name":"FRK_SetIdentity"}
{"t":"2026-10-08T17:53:07.5389577Z","event":"block-deleted","name":"FRK_Fault"}
{"t":"2026-10-08T17:53:07.5721043Z","event":"block-deleted","name":"FRK_AdoptChild"}
{"t":"2026-10-08T17:53:07.5858031Z","event":"block-deleted","name":"FRK_Hold"}
{"t":"2026-10-08T17:53:07.5858031Z","event":"block-deleted","name":"FRK_Complete"}
{"t":"2026-10-08T17:53:07.6171684Z","event":"block-deleted","name":"FRK_Begin"}
{"t":"2026-10-08T17:53:07.6314438Z","event":"block-deleted","name":"FRK_End"}
{"t":"2026-10-08T17:53:07.6471276Z","event":"block-deleted","name":"FRK_Seq_Step"}
{"t":"2026-10-08T17:53:07.6504690Z","event":"block-deleted","name":"FRK_Seq_TryIssue"}
{"t":"2026-10-08T17:53:07.6673157Z","event":"block-deleted","name":"FRK_Seq_Await"}
{"t":"2026-10-08T17:53:07.6843127Z","event":"block-deleted","name":"FRK_Seq_Advance"}
{"t":"2026-10-08T17:53:07.7128063Z","event":"block-deleted","name":"FB_SpkCylinderCM"}
{"t":"2026-10-08T17:53:07.7626261Z","event":"block-deleted","name":"FB_SpkCylinderSim"}
{"t":"2026-10-08T17:53:07.8185941Z","event":"block-deleted","name":"FB_SpkAutoSeq"}
{"t":"2026-10-08T17:53:07.8974656Z","event":"block-deleted","name":"FB_SpkUnit"}
{"t":"2026-10-08T17:53:08.1370860Z","event":"block-deleted","name":"SpikeUnit"}
{"t":"2026-10-08T17:53:08.1660533Z","event":"block-deleted","name":"FRK_TestRecord"}
{"t":"2026-10-08T17:53:08.1814008Z","event":"block-deleted","name":"FB_SpkHarness"}
{"t":"2026-10-08T17:53:08.2043987Z","event":"block-deleted","name":"FB_SpkResultServer"}
{"t":"2026-10-08T17:53:08.2442082Z","event":"block-deleted","name":"FB_SpkMain"}
{"t":"2026-10-08T17:53:08.2679114Z","event":"block-deleted","name":"SpkMain"}
{"t":"2026-10-08T17:53:08.3350252Z","event":"block-deleted","name":"Main"}
{"t":"2026-10-08T17:53:08.4228266Z","event":"type-deleted","name":"ST_Diagnostic"}
{"t":"2026-10-08T17:53:08.4474009Z","event":"type-deleted","name":"ST_ModuleStatus"}
{"t":"2026-10-08T17:53:08.4645405Z","event":"type-deleted","name":"FRK_Core"}
{"t":"2026-10-08T17:53:08.4783685Z","event":"type-deleted","name":"FRK_RegistryRow"}
{"t":"2026-10-08T17:53:08.4871773Z","event":"type-deleted","name":"ST_StepRecord"}
{"t":"2026-10-08T17:53:08.4989955Z","event":"type-deleted","name":"FRK_SeqCtx"}
{"t":"2026-10-08T17:53:08.5134252Z","event":"type-deleted","name":"ST_HmiRequest"}
{"t":"2026-10-08T17:53:08.5229709Z","event":"type-deleted","name":"ST_HmiResponse"}
{"t":"2026-10-08T17:53:08.5325604Z","event":"type-deleted","name":"ST_SpkCylHal"}
{"t":"2026-10-08T17:53:08.5423866Z","event":"type-deleted","name":"ST_SpkUnitHal"}
{"t":"2026-10-08T17:53:08.5584869Z","event":"type-deleted","name":"ST_SpkCylinderParCfg"}
{"t":"2026-10-08T17:53:08.5706572Z","event":"type-deleted","name":"ST_SpkCylinderOutImm"}
{"t":"2026-10-08T17:53:08.5793307Z","event":"type-deleted","name":"FRK_TestRow"}
{"t":"2026-10-08T17:53:08.5884877Z","event":"type-deleted","name":"FRK_TestTable"}
{"t":"2026-10-08T17:53:08.7498973Z","event":"step","command":"import-sources","args":"--plc PLC_1 --dir C:\\Projects\\Fraktal\\FraktalCore\\PLC\\Siemens\\Spikes\\S2_Shape --keep-on-error true"}
{"t":"2026-10-08T17:53:14.7297474Z","event":"source-generated","file":"00_01_ST_Diagnostic.udt","sha256":"502b89df7508b805e63e50421f5b1aa98952b72c522414e43cf63b491ca84b48"}
{"t":"2026-10-08T17:53:15.1289969Z","event":"source-generated","file":"00_02_ST_ModuleStatus.udt","sha256":"ad0447cff4b3f80a0e53308aa74617ff4af4569cc8cabd20db5d2168b4f1532e"}
{"t":"2026-10-08T17:53:15.1644401Z","event":"source-generated","file":"00_03_FRK_Core.udt","sha256":"178822d4fa404e4a65c55c5f97633e7d8ea520c2d743e2c7cf2821fb3e679cc4"}
{"t":"2026-10-08T17:53:15.2064896Z","event":"source-generated","file":"00_04_FRK_RegistryRow.udt","sha256":"d66f219050f304ec144613f7cfac205fd549214970b8503106ae5e5f9b46a5ec"}
{"t":"2026-10-08T17:53:15.2420705Z","event":"source-generated","file":"00_05_ST_StepRecord.udt","sha256":"31fb7a4251c235e199efa9b97e643c9771b48cf10afcdffda634ea9872d15d89"}
{"t":"2026-10-08T17:53:15.3188716Z","event":"source-generated","file":"00_06_FRK_SeqCtx.udt","sha256":"a469f588877ff61c24066e6ef39ebad207d0c62c4290ba58691fa0f881e1d7ec"}
{"t":"2026-10-08T17:53:15.3656384Z","event":"source-generated","file":"00_07_ST_HmiRequest.udt","sha256":"2d7b687652a3b2f2efd61e387c2c19ec3725c2399a624c9c0512c45d01d87583"}
{"t":"2026-10-08T17:53:15.3971063Z","event":"source-generated","file":"00_08_ST_HmiResponse.udt","sha256":"52f74df3ec802100f4356ac4c0fbdfdd860fdabef6076b867ff9e11f91d06c7d"}
{"t":"2026-10-08T17:53:15.4265836Z","event":"source-generated","file":"00_09_ST_SpkCylHal.udt","sha256":"2d8c1ccbdef5e30c5a482ee0a49ad31bada0b08ef9761cd4295e8d42ae1ac4d2"}
{"t":"2026-10-08T17:53:15.4596138Z","event":"source-generated","file":"00_10_ST_SpkUnitHal.udt","sha256":"0d9466de2b7cd764722c1fcc6d653ffea88bbc1752728d27984ee8c388129a0e"}
{"t":"2026-10-08T17:53:15.5006332Z","event":"source-generated","file":"00_11_ST_SpkCylinderParCfg.udt","sha256":"c26386dce9598ddcea8276be7b55f1f24871b05da95b82b68f4294ec401c98a1"}
{"t":"2026-10-08T17:53:15.5280268Z","event":"source-generated","file":"00_12_ST_SpkCylinderOutImm.udt","sha256":"2941e9c966f9ca2690b314ffdedc3fa85b130bfd3a2e0c68f8dcbe4cd359dc93"}
{"t":"2026-10-08T17:53:15.5735626Z","event":"source-generated","file":"00_13_FRK_TestRow.udt","sha256":"84485ff9ca578e7bd47d7ee4eb6a1d33ebddcda0850d0016802d99451eb8fbbe"}
{"t":"2026-10-08T17:53:15.6085484Z","event":"source-generated","file":"00_14_FRK_TestTable.udt","sha256":"78734aaa430e83ee9dd28914c02c32127042cf494724b3ca942447cc347d8b00"}
{"t":"2026-10-08T17:53:16.2673864Z","event":"source-generated","file":"05_GlobalData.db","sha256":"1190e32e4a735b413434ddb416ac1390f7c16caa4d663a253220cbdaededba3f"}
{"t":"2026-10-08T17:53:18.3414334Z","event":"source-generated","file":"10_Lifecycle.scl","sha256":"04c641f61266037a4b90f8d72832c8f842af83023117725af0610f57e39466a3"}
{"t":"2026-10-08T17:53:18.4866442Z","event":"source-generated","file":"20_Sequence.scl","sha256":"76c9e2f4030fafd9b818cb0387f8a6aa0a7a9db15e0c820dd74b1e066ebec675"}
{"t":"2026-10-08T17:53:18.7244742Z","event":"source-generated","file":"30_CylinderCM.scl","sha256":"c01d16868e3116491e44bcf2d56f9db1bb1bd2a8b51ddbd212b870766734c467"}
{"t":"2026-10-08T17:53:18.8464073Z","event":"source-generated","file":"40_AutoSeq.scl","sha256":"df7d48e3b1a67a3f825b0203198a6f44d6ab5d7522b5c77f65b4fe425b0035cd"}
{"t":"2026-10-08T17:53:18.9846419Z","event":"source-generated","file":"50_Unit.scl","sha256":"99a2aed1fa171ad223d50862bee864a21153030e208de7c0d9e221ccae9c9ef9"}
{"t":"2026-10-08T17:53:19.7199426Z","event":"source-generated","file":"55_UnitInstance.db","sha256":"d45db80c679fb6cb80c826e4b28528340ee6b56855df85b6ffda04070b63e924"}
{"t":"2026-10-08T17:53:19.9054955Z","event":"source-generated","file":"60_Harness.scl","sha256":"b8f454d55a4f587e6a1023f934c246272c5a814cbc1d820f14d969ce9fe794d8"}
{"t":"2026-10-08T17:53:20.3235490Z","event":"source-generated","file":"65_ResultServer.scl","sha256":"fba64a4b7cf0fded61729ac4989a335eecaee6591197c6b099f2d9b625dde9cc"}
{"t":"2026-10-08T17:53:20.3830159Z","event":"source-generated","file":"70_Main.scl","sha256":"e1d1e03a6456758b7daaf1bc0b86bf2359a1a4e4c9202bc0582cfd4b9a5ca08a"}
{"t":"2026-10-08T17:53:20.4341214Z","event":"source-generated","file":"75_MainInstance.db","sha256":"cddb9171cb05e7d36f740b29a208d5ee6e098ba1c527d3f38378adebc6aa8102"}
{"t":"2026-10-08T17:53:21.2645943Z","event":"source-generated","file":"80_OB1.scl","sha256":"7978285018d2afc7a2e34609dc5d103759cda2c3f2f3bbea3f2c434c48497d12"}
{"t":"2026-10-08T17:53:21.2645943Z","event":"step","command":"compile","args":"--plc PLC_1"}
{"t":"2026-10-08T17:53:25.9461065Z","event":"compile","state":"Success","errors":0,"warnings":0}
{"t":"2026-10-08T17:53:25.9621132Z","event":"compile-message","depth":0,"state":"Success","path":"PLC_1","text":""}
{"t":"2026-10-08T17:53:25.9621132Z","event":"compile-message","depth":1,"state":"Success","path":"PLC data types","text":""}
{"t":"2026-10-08T17:53:26.0014364Z","event":"compile-message","depth":1,"state":"Success","path":"Program blocks","text":""}
{"t":"2026-10-08T17:53:26.0578422Z","event":"compile-message","depth":0,"state":"Success","path":null,"text":"Compiling finished (errors: 0; warnings: 0)"}
{"t":"2026-10-08T17:53:26.0588743Z","event":"step","command":"compile","args":"--plc PLC_1 --hw true"}
{"t":"2026-10-08T17:53:26.6045212Z","event":"compile","state":"Success","errors":0,"warnings":0}
{"t":"2026-10-08T17:53:26.6206106Z","event":"compile-message","depth":0,"state":"Information","path":"PLC_1","text":""}
{"t":"2026-10-08T17:53:26.6206106Z","event":"compile-message","depth":1,"state":"Information","path":"Hardware configuration","text":""}
{"t":"2026-10-08T17:53:26.6206106Z","event":"compile-message","depth":2,"state":"Information","path":null,"text":"Hardware was not compiled. The configuration is up-to-date."}
{"t":"2026-10-08T17:53:26.6206106Z","event":"compile-message","depth":0,"state":"Success","path":null,"text":"Compiling finished (errors: 0; warnings: 0)"}
{"t":"2026-10-08T17:53:26.6206106Z","event":"step","command":"list-blocks","args":"--plc PLC_1"}
{"t":"2026-10-08T17:53:26.6529823Z","event":"block","name":"FRK_Clock","number":1,"kind":"GlobalDB","language":"DB"}
{"t":"2026-10-08T17:53:26.6543489Z","event":"block","name":"FRK_Registry","number":2,"kind":"GlobalDB","language":"DB"}
{"t":"2026-10-08T17:53:26.6549530Z","event":"block","name":"SpkHal","number":3,"kind":"GlobalDB","language":"DB"}
{"t":"2026-10-08T17:53:26.6569713Z","event":"block","name":"SpkResults","number":4,"kind":"GlobalDB","language":"DB"}
{"t":"2026-10-08T17:53:26.6571947Z","event":"block","name":"FRK_ClockTick","number":1,"kind":"FC","language":"SCL"}
{"t":"2026-10-08T17:53:26.6590348Z","event":"block","name":"FRK_SetIdentity","number":2,"kind":"FC","language":"SCL"}
{"t":"2026-10-08T17:53:26.6600339Z","event":"block","name":"FRK_Fault","number":3,"kind":"FC","language":"SCL"}
{"t":"2026-10-08T17:53:26.6618056Z","event":"block","name":"FRK_AdoptChild","number":4,"kind":"FC","language":"SCL"}
{"t":"2026-10-08T17:53:26.6628043Z","event":"block","name":"FRK_Hold","number":5,"kind":"FC","language":"SCL"}
{"t":"2026-10-08T17:53:26.6638617Z","event":"block","name":"FRK_Complete","number":6,"kind":"FC","language":"SCL"}
{"t":"2026-10-08T17:53:26.6649242Z","event":"block","name":"FRK_Begin","number":7,"kind":"FC","language":"SCL"}
{"t":"2026-10-08T17:53:26.6660445Z","event":"block","name":"FRK_End","number":8,"kind":"FC","language":"SCL"}
{"t":"2026-10-08T17:53:26.6670505Z","event":"block","name":"FRK_Seq_Step","number":9,"kind":"FC","language":"SCL"}
{"t":"2026-10-08T17:53:26.6670505Z","event":"block","name":"FRK_Seq_TryIssue","number":10,"kind":"FC","language":"SCL"}
{"t":"2026-10-08T17:53:26.6689585Z","event":"block","name":"FRK_Seq_Await","number":11,"kind":"FC","language":"SCL"}
{"t":"2026-10-08T17:53:26.6700214Z","event":"block","name":"FRK_Seq_Advance","number":12,"kind":"FC","language":"SCL"}
{"t":"2026-10-08T17:53:26.6712148Z","event":"block","name":"FB_SpkCylinderCM","number":1,"kind":"FB","language":"SCL"}
{"t":"2026-10-08T17:53:26.6719445Z","event":"block","name":"FB_SpkCylinderSim","number":2,"kind":"FB","language":"SCL"}
{"t":"2026-10-08T17:53:26.6732346Z","event":"block","name":"FB_SpkAutoSeq","number":3,"kind":"FB","language":"SCL"}
{"t":"2026-10-08T17:53:26.6732346Z","event":"block","name":"FB_SpkUnit","number":4,"kind":"FB","language":"SCL"}
{"t":"2026-10-08T17:53:26.6732346Z","event":"block","name":"SpikeUnit","number":5,"kind":"InstanceDB","language":"DB"}
{"t":"2026-10-08T17:53:26.6732346Z","event":"block","name":"FRK_TestRecord","number":13,"kind":"FC","language":"SCL"}
{"t":"2026-10-08T17:53:26.6732346Z","event":"block","name":"FB_SpkHarness","number":5,"kind":"FB","language":"SCL"}
{"t":"2026-10-08T17:53:26.6732346Z","event":"block","name":"FB_SpkResultServer","number":6,"kind":"FB","language":"SCL"}
{"t":"2026-10-08T17:53:26.6732346Z","event":"block","name":"FB_SpkMain","number":7,"kind":"FB","language":"SCL"}
{"t":"2026-10-08T17:53:26.6732346Z","event":"block","name":"SpkMain","number":6,"kind":"InstanceDB","language":"DB"}
{"t":"2026-10-08T17:53:26.6732346Z","event":"block","name":"Main","number":1,"kind":"OB","language":"SCL"}
{"t":"2026-10-08T17:53:26.6846918Z","event":"step","command":"save","args":""}
{"t":"2026-10-08T17:53:26.8518069Z","event":"saved","path":"C:\\Users\\Siemens\\AppData\\Local\\Fraktal\\TiaStations\\FrkSpikeS2\\FrkSpikeS2.ap20"}
{"t":"2026-10-08T17:53:26.8518069Z","event":"step","command":"export","args":"--plc PLC_1 --out C:\\Users\\Siemens\\AppData\\Local\\Fraktal\\TiaStations\\FrkSpikeS2_export --scl true"}
{"t":"2026-10-08T17:53:27.4090649Z","event":"exported","name":"FRK_Clock","language":"DB","sha256":"d870b2676c8eef1b0b9f2ab954a882e27c52bc5103350969f601638b608893df"}
{"t":"2026-10-08T17:53:27.4589000Z","event":"exported","name":"FRK_Registry","language":"DB","sha256":"47582aab7ef6982db10def02103fe271a5738a486b35eae9bdc4858486ac82c0"}
{"t":"2026-10-08T17:53:27.4830503Z","event":"exported","name":"SpkHal","language":"DB","sha256":"f0207975a2883734994f41c96c235ffd8aea4ada139d3d6e4b7075215ef0a3c3"}
{"t":"2026-10-08T17:53:27.5064928Z","event":"exported","name":"SpkResults","language":"DB","sha256":"25a777b72b87e657f821c7692d28c848277958ebf618040c57c20d66cde9a0b3"}
{"t":"2026-10-08T17:53:27.8638879Z","event":"exported","name":"FRK_ClockTick","language":"SCL","sha256":"1cdb6d96e31b69ac9b5d47ea0edbf0a93cd14a5e170ff6f4a6de265ab64eba8f"}
{"t":"2026-10-08T17:53:27.9086505Z","event":"exported","name":"FRK_SetIdentity","language":"SCL","sha256":"621a0e17ef5e8093162dad5a78577b0c3f116a070afc2c4692879051b7c3fd97"}
{"t":"2026-10-08T17:53:27.9388510Z","event":"exported","name":"FRK_Fault","language":"SCL","sha256":"671a96797be7ac7193d11e05e1e7d4e2435e0cf55f3f02ac8c8d5a0c6ebfb91f"}
{"t":"2026-10-08T17:53:27.9626578Z","event":"exported","name":"FRK_AdoptChild","language":"SCL","sha256":"18d44ef698273e05c3f4fe7d1d10ffa7839f31c92b0fbbde774f45d7baceb3fa"}
{"t":"2026-10-08T17:53:27.9909925Z","event":"exported","name":"FRK_Hold","language":"SCL","sha256":"42d9e3698fe96d88672d8c6d1544fe3504fb41315481559e44f7795219821fb7"}
{"t":"2026-10-08T17:53:28.0196347Z","event":"exported","name":"FRK_Complete","language":"SCL","sha256":"fc4174b32ed5c3ac7bf33618a1b7961e01c919466757e02e9dbd87c5cec1bcd6"}
{"t":"2026-10-08T17:53:28.0592969Z","event":"exported","name":"FRK_Begin","language":"SCL","sha256":"681355a5e02d9aef2ffde7a004e464fb6f32088edb9946f2687c3e8f1cb18e76"}
{"t":"2026-10-08T17:53:28.0958013Z","event":"exported","name":"FRK_End","language":"SCL","sha256":"229a93bf711def5ac75bb714164f39b915e87606ba8522d7b573db2aa4c596a6"}
{"t":"2026-10-08T17:53:28.1199555Z","event":"exported","name":"FRK_Seq_Step","language":"SCL","sha256":"600a5e7ae63d42b744d471236ff4ac12b7077fca73378898e37c4c68cf819d04"}
{"t":"2026-10-08T17:53:28.1405733Z","event":"exported","name":"FRK_Seq_TryIssue","language":"SCL","sha256":"00227c05e77f3e4e0879fb30cd94adbc14c5e3a57d601b5666ce78af391a7e5d"}
{"t":"2026-10-08T17:53:28.1648001Z","event":"exported","name":"FRK_Seq_Await","language":"SCL","sha256":"ed97e8d6bb5549d56462c8bd38beb0d0cae6c5e67528f7fc9acbf81b2d6f5696"}
{"t":"2026-10-08T17:53:28.1849876Z","event":"exported","name":"FRK_Seq_Advance","language":"SCL","sha256":"29800430d36f1920dcf193974b762cd392c3b8034d40910fac726160ec9d9f07"}
{"t":"2026-10-08T17:53:28.2196745Z","event":"exported","name":"FB_SpkCylinderCM","language":"SCL","sha256":"e5e0f2ef29be1208f3c00c4ce70de440070ee6f545e73198f6c4d45d5fe458c5"}
{"t":"2026-10-08T17:53:28.2567358Z","event":"exported","name":"FB_SpkCylinderSim","language":"SCL","sha256":"5f149ae0c23487d026eb685ee9497f298d4135462503fd4b61e1a53e19e37113"}
{"t":"2026-10-08T17:53:28.2889510Z","event":"exported","name":"FB_SpkAutoSeq","language":"SCL","sha256":"295898516d65230c93de2470fe98aefa6224f59e3de9cec9ec01f0fab9131dc7"}
{"t":"2026-10-08T17:53:28.3316215Z","event":"exported","name":"FB_SpkUnit","language":"SCL","sha256":"b143dc9f38984eedebdcc65ed4227c9aba2e2cbe57746afb64d3afe7422725ba"}
{"t":"2026-10-08T17:53:28.3657385Z","event":"exported","name":"SpikeUnit","language":"DB","sha256":"302bc70467fe95fdc8e76dfa328e324ed80dd67ffab9b3c7f05e666f1aa29879"}
{"t":"2026-10-08T17:53:28.3942991Z","event":"exported","name":"FRK_TestRecord","language":"SCL","sha256":"edaf0692a009344285a78610de85bc51c8fa587e433a4beea7a19c9359c6211f"}
{"t":"2026-10-08T17:53:28.4487604Z","event":"exported","name":"FB_SpkHarness","language":"SCL","sha256":"6eb5857aa4a3d2e645d7ac6ad6fb93d544a6980fa66822ab1d8fa61266334213"}
{"t":"2026-10-08T17:53:28.4847892Z","event":"exported","name":"FB_SpkResultServer","language":"SCL","sha256":"fb1d0f319cd21508858d5b643a46455462977b83a98e6655bbc98f89f000e785"}
{"t":"2026-10-08T17:53:28.5291009Z","event":"exported","name":"FB_SpkMain","language":"SCL","sha256":"71006f99c16585fd122ebff884a2291da4505bdb96fdbae484742da309455e10"}
{"t":"2026-10-08T17:53:28.5582980Z","event":"exported","name":"SpkMain","language":"DB","sha256":"dab7ed41b2661a9a11d6eb1dbd42fca6ef654d963cbafabc9298e47e53d01a1c"}
{"t":"2026-10-08T17:53:28.5961024Z","event":"exported","name":"Main","language":"SCL","sha256":"79ee2cdfe4cacd4486b38727bffd9a6739580a12fc681a5614314b0f712d59ad"}
{"t":"2026-10-08T17:53:29.4579668Z","event":"source-exported","name":"FRK_Clock","sha256":"1ecf89198f1560cf7e488994b7f63dc05a6577a68263e84b853648fb62f8d46e"}
{"t":"2026-10-08T17:53:29.4802199Z","event":"source-exported","name":"FRK_Registry","sha256":"a7631d3b75570c02f1c82a6fcd63ae21d63915cffc4a270a8b14be41d1c29745"}
{"t":"2026-10-08T17:53:29.4802199Z","event":"source-exported","name":"SpkHal","sha256":"354db4be047f6efd14d359d1127e8e435bc77fe6b2b0609dbd9885026bc8f898"}
{"t":"2026-10-08T17:53:29.4961706Z","event":"source-exported","name":"SpkResults","sha256":"e5a561ee53a815b9621665fc1d4ae1ce7319041249bc60371ad63292e821d435"}
{"t":"2026-10-08T17:53:29.5559546Z","event":"source-exported","name":"FRK_ClockTick","sha256":"6f28fd08d4f4e1705e1ca374359dd571427f01c8e1c6dcf94a5c52a447e84492"}
{"t":"2026-10-08T17:53:29.5715751Z","event":"source-exported","name":"FRK_SetIdentity","sha256":"2fd3b28059d7a95449cde9f11909b55adbe3c2bfda59787a706b768f0dd81365"}
{"t":"2026-10-08T17:53:29.6022309Z","event":"source-exported","name":"FRK_Fault","sha256":"9cdb8ca16a0503b10f61daa8c5df594b9b1d5b1f82551a74c4b836683e3b70c3"}
{"t":"2026-10-08T17:53:29.6183009Z","event":"source-exported","name":"FRK_AdoptChild","sha256":"391c6cbba78523a16e444cee709d4ad5d69da361633771755506007354328988"}
{"t":"2026-10-08T17:53:29.6482560Z","event":"source-exported","name":"FRK_Hold","sha256":"9256ee9d9184b53508a775b42c73d17734e5735b09da4bb313b4ca91de261d99"}
{"t":"2026-10-08T17:53:29.6653734Z","event":"source-exported","name":"FRK_Complete","sha256":"11f0ec97ae2bbebf9e0bae42b76feaa1a01efc5f188233d62cb6e60231a65b66"}
{"t":"2026-10-08T17:53:29.6902269Z","event":"source-exported","name":"FRK_Begin","sha256":"a5e1267f45871394352cf2a0d0f010be908e6a0c117dbf395bd177218e207e0f"}
{"t":"2026-10-08T17:53:29.7057962Z","event":"source-exported","name":"FRK_End","sha256":"3cdb7ac2413d888b1a204572d3214b755fc2f547e687c2da8f8821c98ac87b30"}
{"t":"2026-10-08T17:53:29.7369121Z","event":"source-exported","name":"FRK_Seq_Step","sha256":"f209e90c09f7525b5f08a59fffae7b84fc081d2504e81cc84d2ca02b92a4407b"}
{"t":"2026-10-08T17:53:29.7525008Z","event":"source-exported","name":"FRK_Seq_TryIssue","sha256":"255939ea1f9810a7ea2c6833cea0df717d562077ab8a891ed0d94674a784f548"}
{"t":"2026-10-08T17:53:29.7525008Z","event":"source-exported","name":"FRK_Seq_Await","sha256":"8dac058343b0ddb0b03921a295fec36de687520b3c6b215b74c8a24b3d928954"}
{"t":"2026-10-08T17:53:29.7685254Z","event":"source-exported","name":"FRK_Seq_Advance","sha256":"18f5da87cd649601c50a68cf339486df491c1143a3ef3e90eec9933abb23ef93"}
{"t":"2026-10-08T17:53:29.7839521Z","event":"source-exported","name":"FB_SpkCylinderCM","sha256":"3e5093af017bd54185221be6798845d9854c63a5532b9d79c52ede6def65f6db"}
{"t":"2026-10-08T17:53:29.8151400Z","event":"source-exported","name":"FB_SpkCylinderSim","sha256":"3029dff714662a16e1aa8e5fe2bea5c0f793076255273fe8c6bce2b7a4b1843d"}
{"t":"2026-10-08T17:53:29.8307116Z","event":"source-exported","name":"FB_SpkAutoSeq","sha256":"c820e7dd37982f7c4b47467897cc874af13dff77b485a171508460b0be426c35"}
{"t":"2026-10-08T17:53:29.8483095Z","event":"source-exported","name":"FB_SpkUnit","sha256":"f8af11c12e17d32b58e8a4bfb7671fce1dead4900bf07ed1c373c0bfc07ef025"}
{"t":"2026-10-08T17:53:29.8784623Z","event":"source-exported","name":"SpikeUnit","sha256":"c812409f1a5b9bd199bb17e09641dcb62e62a08043a5ab7c7b54d0cb07cafe0c"}
{"t":"2026-10-08T17:53:29.8964556Z","event":"source-exported","name":"FRK_TestRecord","sha256":"d07c850c4a39df586c587fa6f698e60fda578bb4611046b81bd048d2992b44ae"}
{"t":"2026-10-08T17:53:29.9176890Z","event":"source-exported","name":"FB_SpkHarness","sha256":"181c6e04d9591d9a8e05c0d8d1adfcfbeb006e5a0574a6c2ccb9057600dfa770"}
{"t":"2026-10-08T17:53:29.9422161Z","event":"source-exported","name":"FB_SpkResultServer","sha256":"a61c057a7098466b0c5d3716d9e15413ba013ceb92c716d1d4c39bcbde2a5a85"}
{"t":"2026-10-08T17:53:29.9577958Z","event":"source-exported","name":"FB_SpkMain","sha256":"17887b88e7018141134c9b4c7c7c57baa6d3d7577170d1a465fcccd476c5934c"}
{"t":"2026-10-08T17:53:29.9577958Z","event":"source-exported","name":"SpkMain","sha256":"6f0db41a809f6cb85c135f1a2588657d1b8f518a055ba1f1f030fd64de21efea"}
{"t":"2026-10-08T17:53:29.9736075Z","event":"source-exported","name":"Main","sha256":"cea8e51c6bb9ef0e96818638972456f38f546cb98881431306c3d5a99b5d37f4"}
{"t":"2026-10-08T17:53:29.9961594Z","event":"source-exported","name":"ST_Diagnostic","sha256":"e35082e7b6e69e1cb019ed4382bd66a653d3de3cb07c275e2a93a6d37df3847a"}
{"t":"2026-10-08T17:53:30.0076849Z","event":"source-exported","name":"ST_ModuleStatus","sha256":"1f94a8d981d80c3246ccc791e837189f90d8860671b7ba2f1581aee02e4cac2e"}
{"t":"2026-10-08T17:53:30.0166600Z","event":"source-exported","name":"FRK_Core","sha256":"28c42e07ee8a674a5f7a104b2220039819d2e7de8e412402251f6f1762a78a4d"}
{"t":"2026-10-08T17:53:30.0248219Z","event":"source-exported","name":"FRK_RegistryRow","sha256":"0dd51abb1c736da53bcc706cc778c26ff3bf42516859a809b1f19d196b8df86e"}
{"t":"2026-10-08T17:53:30.0360380Z","event":"source-exported","name":"ST_StepRecord","sha256":"041c6c7f49b0a417b4cf580d081d74a7e5cb44949132a27daaa21c3e45ee75b9"}
{"t":"2026-10-08T17:53:30.0496221Z","event":"source-exported","name":"FRK_SeqCtx","sha256":"bb68a67e15b83958927af7228d57aa15aad2e36d0718324eb4d88bf342c5a4ce"}
{"t":"2026-10-08T17:53:30.0496221Z","event":"source-exported","name":"ST_HmiRequest","sha256":"20ac776ff8a36635addfdd9189ec9e75bf86daadca01938709dd9e325bfd8251"}
{"t":"2026-10-08T17:53:30.0656803Z","event":"source-exported","name":"ST_HmiResponse","sha256":"1d364a2fe19e0f87357a1ec6f3c18bcb84a88b8ca5850d954e473b716ec676a2"}
{"t":"2026-10-08T17:53:30.0812144Z","event":"source-exported","name":"ST_SpkCylHal","sha256":"7fa9f13e0a6cd6092d534b5b4224876977e9d67a6a0f56427ee28997f52b06a3"}
{"t":"2026-10-08T17:53:30.0812144Z","event":"source-exported","name":"ST_SpkUnitHal","sha256":"c08d782ded274fd603ad9beab81aeb456cf3fc4a225eaaff010f48c5163b3067"}
{"t":"2026-10-08T17:53:30.0967775Z","event":"source-exported","name":"ST_SpkCylinderParCfg","sha256":"a014ae6ea6ddecb0c0221173af2649ca518e177d229f44e8a2ca8e00c469eb68"}
{"t":"2026-10-08T17:53:30.0967775Z","event":"source-exported","name":"ST_SpkCylinderOutImm","sha256":"0ed33469824feb4d69304a384737ac7b67d9b066929b3bf96204311f39cf3d4e"}
{"t":"2026-10-08T17:53:30.1161059Z","event":"source-exported","name":"FRK_TestRow","sha256":"9052f28a3d50d5f6718f871a38928d7a7ddb30acd4bb86c587343548b130fca2"}
{"t":"2026-10-08T17:53:30.1229324Z","event":"source-exported","name":"FRK_TestTable","sha256":"01387e7caf201f1a18b803c6a0dc2dc11383a48dad0ce87842493b57f5358fef"}
{"t":"2026-10-08T17:53:30.1229324Z","event":"plan-complete","steps":8,"tolerated-failures":0}
