{"t":"2026-10-08T18:29:31.0739707Z","event":"tia","mode":"WithoutUserInterface"}
{"t":"2026-10-08T18:29:31.1520626Z","event":"step","command":"open-project","args":"--path C:\\Users\\Siemens\\AppData\\Local\\Fraktal\\TiaStations\\FrkSpikeS2\\FrkSpikeS2.ap20"}
{"t":"2026-10-08T18:29:42.9679627Z","event":"project-opened","path":"C:\\Users\\Siemens\\AppData\\Local\\Fraktal\\TiaStations\\FrkSpikeS2\\FrkSpikeS2.ap20"}
{"t":"2026-10-08T18:29:42.9679627Z","event":"step","command":"service-get","args":"--plc PLC_1 --service PlcAccessControlConfigurationProvider"}
{"t":"2026-10-08T18:29:46.9972410Z","event":"service-property","service":"PlcAccessControlConfigurationProvider","object":"PlcAccessControlConfigurationProvider","prop":"PlcAccessControlConfiguration","value":"Disabled","writable":true,"options":"Disabled|EnabledWithAccessControl|EnabledWithAccessControlViaAccessLevel|EnabledWithAccessControlAndCentralUser|EnabledWithAccessControlViaAccessLevelAndCentralUsers|EnabledWithAccessControlAndLocalWithCentralUsers|EnabledWithAccessControlViaAccessLevelAndLocalWithCentralUsers"}
{"t":"2026-10-08T18:29:47.6199688Z","event":"service-property","service":"PlcAccessControlConfigurationProvider","object":"PlcAccessControlConfigurationProvider","prop":"UmcConnectionState","value":"VerifyConnectionUsingServerId","writable":true,"options":"VerifyConnectionUsingServerId|VerifyConnectionUsingCertificate"}
{"t":"2026-10-08T18:29:47.6251638Z","event":"service-property","service":"PlcAccessControlConfigurationProvider","object":"PlcAccessControlConfigurationProvider","prop":"UmcServerAddress","value":"","writable":true,"options":null}
{"t":"2026-10-08T18:29:47.6281771Z","event":"service-property","service":"PlcAccessControlConfigurationProvider","object":"PlcAccessControlConfigurationProvider","prop":"UmcServerId","value":"","writable":true,"options":null}
{"t":"2026-10-08T18:29:47.6342766Z","event":"service-property","service":"PlcAccessControlConfigurationProvider","object":"PlcAccessControlConfigurationProvider","prop":"UmcTrustedCertificateIds","value":"","writable":true,"options":null}
{"t":"2026-10-08T18:29:47.6388925Z","event":"service-property","service":"PlcAccessControlConfigurationProvider","object":"PlcAccessControlConfigurationProvider","prop":"OwnedBy","value":"Siemens.Engineering.HW.DeviceItemImpl","writable":false,"options":null}
{"t":"2026-10-08T18:29:47.6408987Z","event":"service-property","service":"PlcAccessControlConfigurationProvider","object":"PlcAccessControlConfigurationProvider","prop":"Parent","value":"Siemens.Engineering.HW.DeviceItemImpl","writable":false,"options":null}
{"t":"2026-10-08T18:29:47.6408987Z","event":"step","command":"umac-user","args":"--plc PLC_1 --list true"}
{"t":"2026-10-08T18:29:47.6826053Z","event":"service-found","service":"UmacConfigurator","owner":"project"}
{"t":"2026-10-08T18:29:47.6899215Z","event":"service-found","service":"UmacDevice","owner":"device"}
{"t":"2026-10-08T18:29:48.0430288Z","event":"device-function-right","group":"Access level","identifier":"ProtectionLevelHMIAccess","name":"HMI access"}
{"t":"2026-10-08T18:29:48.0451740Z","event":"device-function-right","group":"Access level","identifier":"ProtectionLevelReadAccess","name":"Read access"}
{"t":"2026-10-08T18:29:48.0456817Z","event":"device-function-right","group":"Access level","identifier":"ProtectionLevelFullAccess","name":"Full access"}
{"t":"2026-10-08T18:29:48.0466896Z","event":"device-function-right","group":"OPC UA","identifier":"OPCUAServerAccess","name":"OPC UA server access"}
{"t":"2026-10-08T18:29:48.0478303Z","event":"device-function-right","group":"Web server - General","identifier":"WebChangeOperatingMode","name":"Change operating mode"}
{"t":"2026-10-08T18:29:48.0488296Z","event":"device-function-right","group":"Web server - General","identifier":"WebChangeDefaultWebPage","name":"Change web server default page"}
{"t":"2026-10-08T18:29:48.0509411Z","event":"device-function-right","group":"Web server - PLC diagnostics","identifier":"WebAllowDiagnostics","name":"Read diagnostics"}
{"t":"2026-10-08T18:29:48.0519934Z","event":"device-function-right","group":"Web server - PLC diagnostics","identifier":"WebReadSyslog","name":"Read syslog buffer of the CPU "}
{"t":"2026-10-08T18:29:48.0530463Z","event":"device-function-right","group":"Web server - PLC diagnostics","identifier":"WebFlashLED","name":"Flash LEDs"}
{"t":"2026-10-08T18:29:48.0542268Z","event":"device-function-right","group":"Web server - Maintenance","identifier":"WebPerformFirmwareUpdate","name":"Update firmware"}
{"t":"2026-10-08T18:29:48.0547879Z","event":"device-function-right","group":"Web server - Maintenance","identifier":"WebChangeTimeSetting","name":"Change time settings"}
{"t":"2026-10-08T18:29:48.0557955Z","event":"device-function-right","group":"Web server - Maintenance","identifier":"WebCreateBackupPLC","name":"Create a backup of the CPU"}
{"t":"2026-10-08T18:29:48.0569050Z","event":"device-function-right","group":"Web server - Maintenance","identifier":"WebRestorePLCBackupFile","name":"Restore the CPU using a backup file"}
{"t":"2026-10-08T18:29:48.0579080Z","event":"device-function-right","group":"Web server - Access to process data","identifier":"WebReadTags","name":"Read process data"}
{"t":"2026-10-08T18:29:48.0589131Z","event":"device-function-right","group":"Web server - Access to process data","identifier":"WebReadWatchTables","name":"Read process data of watch tables"}
{"t":"2026-10-08T18:29:48.0599913Z","event":"device-function-right","group":"Web server - Access to process data","identifier":"WebWriteTags","name":"Write process data"}
{"t":"2026-10-08T18:29:48.0610924Z","event":"device-function-right","group":"Web server - Access to process data","identifier":"WebWriteWatchTables","name":"Write process data of watch tables"}
{"t":"2026-10-08T18:29:48.0616148Z","event":"device-function-right","group":"Web server - User-defined web pages","identifier":"WebOpenUserDefinedWebPages","name":"Open user-defined web pages"}
{"t":"2026-10-08T18:29:48.0636931Z","event":"device-function-right","group":"Web server - User-defined web pages","identifier":"WebWriteUserDefinedWebPages","name":"Write process data via automation webpage programming (AWP) command"}
{"t":"2026-10-08T18:29:48.0636931Z","event":"device-function-right","group":"Web server - Access to file browser","identifier":"WebReadFiles","name":"Read files"}
{"t":"2026-10-08T18:29:48.0658298Z","event":"device-function-right","group":"Web server - Access to file browser","identifier":"WebWriteFiles","name":"Write/delete files"}
{"t":"2026-10-08T18:29:48.1783210Z","event":"system-role","identifier":"EngineeringAdministrator","name":"Engineering administrator","rights":""}
{"t":"2026-10-08T18:29:48.1783210Z","event":"system-role","identifier":"Standard","name":"Engineering standard","rights":""}
{"t":"2026-10-08T18:29:48.1940068Z","event":"system-role","identifier":"DriveAdministratorSystemRoleOp","name":"Drive Administrator","rights":""}
{"t":"2026-10-08T18:29:48.2092260Z","event":"system-role","identifier":"DriveSafetyEngineerSystemRoleOp","name":"Drive Safety Engineer","rights":""}
{"t":"2026-10-08T18:29:48.2092260Z","event":"system-role","identifier":"DriveEngineerAndServiceSystemRoleOp","name":"Drive Engineer and Service","rights":""}
{"t":"2026-10-08T18:29:48.2252450Z","event":"system-role","identifier":"DriveOperatorSystemRoleOp","name":"Drive Operator","rights":""}
{"t":"2026-10-08T18:29:48.2252450Z","event":"system-role","identifier":"DriveGuestSystemRoleOp","name":"Drive Guest","rights":""}
{"t":"2026-10-08T18:29:48.2252450Z","event":"system-role","identifier":"ExtensionSystemRoleForFieldbusOp","name":"Drive Ext. Role Fieldbus","rights":""}
{"t":"2026-10-08T18:29:48.2407355Z","event":"system-role","identifier":"ExtensionSystemRoleForPanelOp","name":"Drive Ext. Role SDI Standard/Adv","rights":""}
{"t":"2026-10-08T18:29:48.2407355Z","event":"system-role","identifier":"HMIAdministrator","name":"HMI Administrator","rights":""}
{"t":"2026-10-08T18:29:48.2581529Z","event":"system-role","identifier":"HMIOperator","name":"HMI Operator","rights":""}
{"t":"2026-10-08T18:29:48.2650983Z","event":"system-role","identifier":"HMIMonitor","name":"HMI Monitor","rights":""}
{"t":"2026-10-08T18:29:48.2726792Z","event":"system-role","identifier":"HMIMonitorClient","name":"HMI Monitor Client","rights":""}
{"t":"2026-10-08T18:29:48.2797184Z","event":"system-role","identifier":"HMIOnlineConfigEngineer","name":"HMI Online Configuration Engineer","rights":""}
{"t":"2026-10-08T18:29:48.3030305Z","event":"system-role","identifier":"PLCAdministrator","name":"PLC administrator","rights":"ProtectionLevelHMIAccess|ProtectionLevelReadAccess|ProtectionLevelFullAccess"}
{"t":"2026-10-08T18:29:48.3187098Z","event":"system-role","identifier":"PLCFAdministrator","name":"PLC F administrator","rights":"ProtectionLevelHMIAccess|ProtectionLevelReadAccess|ProtectionLevelFullAccess"}
{"t":"2026-10-08T18:29:48.3187098Z","event":"system-role","identifier":"PLCOperator","name":"PLC user","rights":"ProtectionLevelHMIAccess"}
{"t":"2026-10-08T18:29:48.3346933Z","event":"system-role","identifier":"NETAdministrator","name":"NET Administrator","rights":""}
{"t":"2026-10-08T18:29:48.3346933Z","event":"system-role","identifier":"NETStandard","name":"NET Standard","rights":""}
{"t":"2026-10-08T18:29:48.3482746Z","event":"system-role","identifier":"NETDiagnose","name":"NET Diagnose","rights":""}
{"t":"2026-10-08T18:29:48.3643406Z","event":"anonymous-user","active":null}
{"t":"2026-10-08T18:29:48.3643406Z","event":"step","command":"service-set","args":"--plc PLC_1 --service PlcAccessControlConfigurationProvider --prop PlcAccessControlConfiguration --value EnabledWithAccessControlViaAccessLevel"}
{"t":"2026-10-08T18:29:49.0611528Z","event":"service-set","service":"PlcAccessControlConfigurationProvider","prop":"PlcAccessControlConfiguration","was":"Disabled","now":"EnabledWithAccessControlViaAccessLevel"}
{"t":"2026-10-08T18:29:49.0611528Z","event":"step","command":"set-hw-attribute","args":"--plc PLC_1 --attr WebserverActivate --value true"}
{"t":"2026-10-08T18:29:49.3736368Z","event":"hw-attribute-set","item":"PLC_1","attr":"WebserverActivate","was":false,"now":true}
{"t":"2026-10-08T18:29:49.3736368Z","event":"step","command":"webserver-certificate","args":"--plc PLC_1"}
{"t":"2026-10-08T18:29:49.5840103Z","event":"certificate-template","subject":"PLC-1/Webserver-2","signature":"Sha256RSA","validFrom":"2026-10-08T19:29:49.5523882+01:00","validUntil":"2037-10-08T00:00:00.0000000","subjectAlternativeNames":2}
{"t":"2026-10-08T18:29:49.8092317Z","event":"webserver-certificate","action":"created","id":"2","subject":"PLC-1/Webserver-2","validUntil":"2037-10-08T00:00:00.0000000+01:00","privateKey":true}
{"t":"2026-10-08T18:29:49.8092317Z","event":"step","command":"umac-user","args":"--plc PLC_1 --list true"}
{"t":"2026-10-08T18:29:49.8300329Z","event":"service-found","service":"UmacConfigurator","owner":"project"}
{"t":"2026-10-08T18:29:49.8351083Z","event":"service-found","service":"UmacDevice","owner":"device"}
{"t":"2026-10-08T18:29:49.8396725Z","event":"device-function-right","group":"Access level","identifier":"ProtectionLevelHMIAccess","name":"HMI access"}
{"t":"2026-10-08T18:29:49.8418616Z","event":"device-function-right","group":"Access level","identifier":"ProtectionLevelReadAccess","name":"Read access"}
{"t":"2026-10-08T18:29:49.8428623Z","event":"device-function-right","group":"Access level","identifier":"ProtectionLevelFullAccess","name":"Full access"}
{"t":"2026-10-08T18:29:49.8439264Z","event":"device-function-right","group":"OPC UA","identifier":"OPCUAServerAccess","name":"OPC UA server access"}
{"t":"2026-10-08T18:29:49.8450342Z","event":"device-function-right","group":"Web server - General","identifier":"WebChangeOperatingMode","name":"Change operating mode"}
{"t":"2026-10-08T18:29:49.8460363Z","event":"device-function-right","group":"Web server - General","identifier":"WebChangeDefaultWebPage","name":"Change web server default page"}
{"t":"2026-10-08T18:29:49.8476905Z","event":"device-function-right","group":"Web server - PLC diagnostics","identifier":"WebAllowDiagnostics","name":"Read diagnostics"}
{"t":"2026-10-08T18:29:49.8486879Z","event":"device-function-right","group":"Web server - PLC diagnostics","identifier":"WebReadSyslog","name":"Read syslog buffer of the CPU "}
{"t":"2026-10-08T18:29:49.8497027Z","event":"device-function-right","group":"Web server - PLC diagnostics","identifier":"WebFlashLED","name":"Flash LEDs"}
{"t":"2026-10-08T18:29:49.8507926Z","event":"device-function-right","group":"Web server - Maintenance","identifier":"WebPerformFirmwareUpdate","name":"Update firmware"}
{"t":"2026-10-08T18:29:49.8519498Z","event":"device-function-right","group":"Web server - Maintenance","identifier":"WebChangeTimeSetting","name":"Change time settings"}
{"t":"2026-10-08T18:29:49.8529605Z","event":"device-function-right","group":"Web server - Maintenance","identifier":"WebCreateBackupPLC","name":"Create a backup of the CPU"}
{"t":"2026-10-08T18:29:49.8542065Z","event":"device-function-right","group":"Web server - Maintenance","identifier":"WebRestorePLCBackupFile","name":"Restore the CPU using a backup file"}
{"t":"2026-10-08T18:29:49.8547723Z","event":"device-function-right","group":"Web server - Access to process data","identifier":"WebReadTags","name":"Read process data"}
{"t":"2026-10-08T18:29:49.8567417Z","event":"device-function-right","group":"Web server - Access to process data","identifier":"WebReadWatchTables","name":"Read process data of watch tables"}
{"t":"2026-10-08T18:29:49.8581257Z","event":"device-function-right","group":"Web server - Access to process data","identifier":"WebWriteTags","name":"Write process data"}
{"t":"2026-10-08T18:29:49.8589693Z","event":"device-function-right","group":"Web server - Access to process data","identifier":"WebWriteWatchTables","name":"Write process data of watch tables"}
{"t":"2026-10-08T18:29:49.8589693Z","event":"device-function-right","group":"Web server - User-defined web pages","identifier":"WebOpenUserDefinedWebPages","name":"Open user-defined web pages"}
{"t":"2026-10-08T18:29:49.8599752Z","event":"device-function-right","group":"Web server - User-defined web pages","identifier":"WebWriteUserDefinedWebPages","name":"Write process data via automation webpage programming (AWP) command"}
{"t":"2026-10-08T18:29:49.8610213Z","event":"device-function-right","group":"Web server - Access to file browser","identifier":"WebReadFiles","name":"Read files"}
{"t":"2026-10-08T18:29:49.8620712Z","event":"device-function-right","group":"Web server - Access to file browser","identifier":"WebWriteFiles","name":"Write/delete files"}
{"t":"2026-10-08T18:29:49.8739039Z","event":"system-role","identifier":"EngineeringAdministrator","name":"Engineering administrator","rights":""}
{"t":"2026-10-08T18:29:49.8750378Z","event":"system-role","identifier":"Standard","name":"Engineering standard","rights":""}
{"t":"2026-10-08T18:29:49.8834268Z","event":"system-role","identifier":"DriveAdministratorSystemRoleOp","name":"Drive Administrator","rights":""}
{"t":"2026-10-08T18:29:49.8834268Z","event":"system-role","identifier":"DriveSafetyEngineerSystemRoleOp","name":"Drive Safety Engineer","rights":""}
{"t":"2026-10-08T18:29:49.8989363Z","event":"system-role","identifier":"DriveEngineerAndServiceSystemRoleOp","name":"Drive Engineer and Service","rights":""}
{"t":"2026-10-08T18:29:49.8989363Z","event":"system-role","identifier":"DriveOperatorSystemRoleOp","name":"Drive Operator","rights":""}
{"t":"2026-10-08T18:29:49.9144720Z","event":"system-role","identifier":"DriveGuestSystemRoleOp","name":"Drive Guest","rights":""}
{"t":"2026-10-08T18:29:49.9144720Z","event":"system-role","identifier":"ExtensionSystemRoleForFieldbusOp","name":"Drive Ext. Role Fieldbus","rights":""}
{"t":"2026-10-08T18:29:49.9319522Z","event":"system-role","identifier":"ExtensionSystemRoleForPanelOp","name":"Drive Ext. Role SDI Standard/Adv","rights":""}
{"t":"2026-10-08T18:29:49.9403333Z","event":"system-role","identifier":"HMIAdministrator","name":"HMI Administrator","rights":""}
{"t":"2026-10-08T18:29:49.9498170Z","event":"system-role","identifier":"HMIOperator","name":"HMI Operator","rights":""}
{"t":"2026-10-08T18:29:49.9604480Z","event":"system-role","identifier":"HMIMonitor","name":"HMI Monitor","rights":""}
{"t":"2026-10-08T18:29:49.9710478Z","event":"system-role","identifier":"HMIMonitorClient","name":"HMI Monitor Client","rights":""}
{"t":"2026-10-08T18:29:49.9806357Z","event":"system-role","identifier":"HMIOnlineConfigEngineer","name":"HMI Online Configuration Engineer","rights":""}
{"t":"2026-10-08T18:29:49.9806357Z","event":"system-role","identifier":"PLCAdministrator","name":"PLC administrator","rights":"ProtectionLevelHMIAccess|ProtectionLevelReadAccess|ProtectionLevelFullAccess"}
{"t":"2026-10-08T18:29:49.9972714Z","event":"system-role","identifier":"PLCFAdministrator","name":"PLC F administrator","rights":"ProtectionLevelHMIAccess|ProtectionLevelReadAccess|ProtectionLevelFullAccess"}
{"t":"2026-10-08T18:29:49.9972714Z","event":"system-role","identifier":"PLCOperator","name":"PLC user","rights":"ProtectionLevelHMIAccess"}
{"t":"2026-10-08T18:29:50.0126388Z","event":"system-role","identifier":"NETAdministrator","name":"NET Administrator","rights":""}
{"t":"2026-10-08T18:29:50.0126388Z","event":"system-role","identifier":"NETStandard","name":"NET Standard","rights":""}
{"t":"2026-10-08T18:29:50.0281267Z","event":"system-role","identifier":"NETDiagnose","name":"NET Diagnose","rights":""}
{"t":"2026-10-08T18:29:50.0281267Z","event":"anonymous-user","active":null}
{"t":"2026-10-08T18:29:50.0281267Z","event":"step","command":"compile","args":"--plc PLC_1 --hw true"}
{"t":"2026-10-08T18:29:54.5279190Z","event":"compile","state":"Error","errors":2,"warnings":0}
{"t":"2026-10-08T18:29:54.5378265Z","event":"compile-message","depth":0,"state":"Error","path":"PLC_1","text":""}
{"t":"2026-10-08T18:29:54.5436542Z","event":"compile-message","depth":1,"state":"Error","path":"Hardware configuration","text":""}
{"t":"2026-10-08T18:29:54.5436542Z","event":"compile-message","depth":2,"state":"Error","path":"S71200_Bench","text":" "}
{"t":"2026-10-08T18:29:54.5436542Z","event":"compile-message","depth":3,"state":"Error","path":"Rack_0","text":" "}
{"t":"2026-10-08T18:29:54.5436542Z","event":"compile-message","depth":4,"state":"Error","path":"PLC_1","text":" "}
{"t":"2026-10-08T18:29:54.5436542Z","event":"compile-message","depth":5,"state":"Error","path":"","text":"No certificate type is assigned to the Web server security."}
{"t":"2026-10-08T18:29:54.5590104Z","event":"compile-message","depth":5,"state":"Error","path":"PLC_1","text":" "}
{"t":"2026-10-08T18:29:54.5590104Z","event":"compile-message","depth":6,"state":"Error","path":"","text":"If access control via access level is enabled and a higher access level (= access without login) than full access (no protection) is set, the password for full access (no protection) must be set."}
{"t":"2026-10-08T18:29:54.5590104Z","event":"compile-message","depth":0,"state":"Error","path":null,"text":"Compiling finished (errors: 2; warnings: 0)"}
{"t":"2026-10-08T18:29:54.5590104Z","event":"step-failed","command":"compile","rc":5,"continue":true}
{"t":"2026-10-08T18:29:54.5590104Z","event":"plan-complete","steps":8,"tolerated-failures":1}
