{"t":"2026-10-08T18:31:20.9959241Z","event":"tia","mode":"WithoutUserInterface"}
{"t":"2026-10-08T18:31:21.0865331Z","event":"step","command":"open-project","args":"--path C:\\Users\\Siemens\\AppData\\Local\\Fraktal\\TiaStations\\FrkSpikeS2\\FrkSpikeS2.ap20"}
{"t":"2026-10-08T18:31:28.5650879Z","event":"project-opened","path":"C:\\Users\\Siemens\\AppData\\Local\\Fraktal\\TiaStations\\FrkSpikeS2\\FrkSpikeS2.ap20"}
{"t":"2026-10-08T18:31:28.5650879Z","event":"step","command":"service-set","args":"--plc PLC_1 --service PlcAccessControlConfigurationProvider --prop PlcAccessControlConfiguration --value EnabledWithAccessControlViaAccessLevel"}
{"t":"2026-10-08T18:31:33.8297466Z","event":"service-set","service":"PlcAccessControlConfigurationProvider","prop":"PlcAccessControlConfiguration","was":"Disabled","now":"EnabledWithAccessControlViaAccessLevel"}
{"t":"2026-10-08T18:31:33.8297466Z","event":"step","command":"set-hw-attribute","args":"--plc PLC_1 --attr WebserverActivate --value true"}
{"t":"2026-10-08T18:31:34.1743848Z","event":"hw-attribute-set","item":"PLC_1","attr":"WebserverActivate","was":false,"now":true}
{"t":"2026-10-08T18:31:34.1743848Z","event":"step","command":"webserver-certificate","args":"--plc PLC_1"}
{"t":"2026-10-08T18:31:34.3702969Z","event":"certificate-template","subject":"PLC-1/Webserver-2","signature":"Sha256RSA","validFrom":"2026-10-08T19:31:34.3524569+01:00","validUntil":"2037-10-08T00:00:00.0000000","subjectAlternativeNames":2}
{"t":"2026-10-08T18:31:34.6213293Z","event":"webserver-certificate","action":"created","id":"2","subject":"PLC-1/Webserver-2","validUntil":"2037-10-08T00:00:00.0000000+01:00","privateKey":true}
{"t":"2026-10-08T18:31:34.6213293Z","event":"step","command":"service-get","args":"--plc PLC_1 --service CertificateManagementConfiguration"}
{"t":"2026-10-08T18:31:34.6368986Z","event":"step-exception","command":"service-get","message":"InvalidOperationException: CertificateManagementConfiguration is not offered by PLC_1"}
{"t":"2026-10-08T18:31:34.6368986Z","event":"step-failed","command":"service-get","rc":10,"continue":true}
{"t":"2026-10-08T18:31:34.6368986Z","event":"step","command":"service-get","args":"--plc PLC_1 --service CertificateManagementConfiguration --path CertificateSupportedServices"}
{"t":"2026-10-08T18:31:34.6788136Z","event":"step-exception","command":"service-get","message":"InvalidOperationException: CertificateManagementConfiguration is not offered by PLC_1"}
{"t":"2026-10-08T18:31:34.6788136Z","event":"step-failed","command":"service-get","rc":10,"continue":true}
{"t":"2026-10-08T18:31:34.6788136Z","event":"step","command":"set-hw-attribute","args":"--plc PLC_1 --attr WebServerManagedCertificatesGroupName --value probe"}
{"t":"2026-10-08T18:31:34.7399797Z","event":"step-exception","command":"set-hw-attribute","message":"EngineeringNotSupportedException: 'WebServerManagedCertificatesGroupName' is not supported by type 'Siemens.Engineering.HW.DeviceItemImpl'."}
{"t":"2026-10-08T18:31:34.7399797Z","event":"step-failed","command":"set-hw-attribute","rc":10,"continue":true}
{"t":"2026-10-08T18:31:34.7399797Z","event":"step","command":"set-hw-attribute","args":"--plc PLC_1 --attr WebServerCertificatesSettingsUsage --value 0"}
{"t":"2026-10-08T18:31:34.7510947Z","event":"step-exception","command":"set-hw-attribute","message":"EngineeringNotSupportedException: 'WebServerCertificatesSettingsUsage' is not supported by type 'Siemens.Engineering.HW.DeviceItemImpl'."}
{"t":"2026-10-08T18:31:34.7510947Z","event":"step-failed","command":"set-hw-attribute","rc":10,"continue":true}
{"t":"2026-10-08T18:31:34.7510947Z","event":"step","command":"compile","args":"--plc PLC_1 --hw true"}
{"t":"2026-10-08T18:31:39.3122199Z","event":"compile","state":"Error","errors":2,"warnings":0}
{"t":"2026-10-08T18:31:39.3195471Z","event":"compile-message","depth":0,"state":"Error","path":"PLC_1","text":""}
{"t":"2026-10-08T18:31:39.3195471Z","event":"compile-message","depth":1,"state":"Error","path":"Hardware configuration","text":""}
{"t":"2026-10-08T18:31:39.3195471Z","event":"compile-message","depth":2,"state":"Error","path":"S71200_Bench","text":" "}
{"t":"2026-10-08T18:31:39.3195471Z","event":"compile-message","depth":3,"state":"Error","path":"Rack_0","text":" "}
{"t":"2026-10-08T18:31:39.3195471Z","event":"compile-message","depth":4,"state":"Error","path":"PLC_1","text":" "}
{"t":"2026-10-08T18:31:39.3357494Z","event":"compile-message","depth":5,"state":"Error","path":"","text":"No certificate type is assigned to the Web server security."}
{"t":"2026-10-08T18:31:39.3357494Z","event":"compile-message","depth":5,"state":"Error","path":"PLC_1","text":" "}
{"t":"2026-10-08T18:31:39.3357494Z","event":"compile-message","depth":6,"state":"Error","path":"","text":"If access control via access level is enabled and a higher access level (= access without login) than full access (no protection) is set, the password for full access (no protection) must be set."}
{"t":"2026-10-08T18:31:39.3357494Z","event":"compile-message","depth":0,"state":"Error","path":null,"text":"Compiling finished (errors: 2; warnings: 0)"}
{"t":"2026-10-08T18:31:39.3357494Z","event":"step-failed","command":"compile","rc":5,"continue":true}
{"t":"2026-10-08T18:31:39.3357494Z","event":"step","command":"set-hw-attribute","args":"--plc PLC_1 --attr WebServerCertificatesSettingsUsage --value 1"}
{"t":"2026-10-08T18:31:39.3509855Z","event":"step-exception","command":"set-hw-attribute","message":"EngineeringNotSupportedException: 'WebServerCertificatesSettingsUsage' is not supported by type 'Siemens.Engineering.HW.DeviceItemImpl'."}
{"t":"2026-10-08T18:31:39.3509855Z","event":"step-failed","command":"set-hw-attribute","rc":10,"continue":true}
{"t":"2026-10-08T18:31:39.3509855Z","event":"step","command":"compile","args":"--plc PLC_1 --hw true"}
{"t":"2026-10-08T18:31:39.5148866Z","event":"compile","state":"Error","errors":2,"warnings":0}
{"t":"2026-10-08T18:31:39.5198569Z","event":"compile-message","depth":0,"state":"Error","path":"PLC_1","text":""}
{"t":"2026-10-08T18:31:39.5229156Z","event":"compile-message","depth":1,"state":"Error","path":"Hardware configuration","text":""}
{"t":"2026-10-08T18:31:39.5259804Z","event":"compile-message","depth":2,"state":"Error","path":"S71200_Bench","text":" "}
{"t":"2026-10-08T18:31:39.5284192Z","event":"compile-message","depth":3,"state":"Error","path":"Rack_0","text":" "}
{"t":"2026-10-08T18:31:39.5304189Z","event":"compile-message","depth":4,"state":"Error","path":"PLC_1","text":" "}
{"t":"2026-10-08T18:31:39.5304189Z","event":"compile-message","depth":5,"state":"Error","path":"","text":"No certificate type is assigned to the Web server security."}
{"t":"2026-10-08T18:31:39.5304189Z","event":"compile-message","depth":5,"state":"Error","path":"PLC_1","text":" "}
{"t":"2026-10-08T18:31:39.5304189Z","event":"compile-message","depth":6,"state":"Error","path":"","text":"If access control via access level is enabled and a higher access level (= access without login) than full access (no protection) is set, the password for full access (no protection) must be set."}
{"t":"2026-10-08T18:31:39.5458834Z","event":"compile-message","depth":0,"state":"Error","path":null,"text":"Compiling finished (errors: 2; warnings: 0)"}
{"t":"2026-10-08T18:31:39.5458834Z","event":"step-failed","command":"compile","rc":5,"continue":true}
{"t":"2026-10-08T18:31:39.5458834Z","event":"plan-complete","steps":11,"tolerated-failures":7}
