{"t":"2026-10-08T18:47:37.2479061Z","event":"tia","mode":"WithoutUserInterface"}
{"t":"2026-10-08T18:47:37.3091161Z","event":"step","command":"open-project","args":"--path C:\\Users\\Siemens\\AppData\\Local\\Fraktal\\TiaStations\\FrkSpikeS2\\FrkSpikeS2.ap20"}
{"t":"2026-10-08T18:47:48.3740412Z","event":"project-opened","path":"C:\\Users\\Siemens\\AppData\\Local\\Fraktal\\TiaStations\\FrkSpikeS2\\FrkSpikeS2.ap20"}
{"t":"2026-10-08T18:47:48.3740412Z","event":"step","command":"service-set","args":"--plc PLC_1 --service PlcAccessControlConfigurationProvider --prop PlcAccessControlConfiguration --value EnabledWithAccessControlViaAccessLevel"}
{"t":"2026-10-08T18:47:54.2172721Z","event":"service-set","service":"PlcAccessControlConfigurationProvider","prop":"PlcAccessControlConfiguration","was":"Disabled","now":"EnabledWithAccessControlViaAccessLevel"}
{"t":"2026-10-08T18:47:54.2172721Z","event":"step","command":"set-hw-attribute","args":"--plc PLC_1 --attr WebserverActivate --value true"}
{"t":"2026-10-08T18:47:54.5746070Z","event":"hw-attribute-set","item":"PLC_1","attr":"WebserverActivate","was":false,"now":true}
{"t":"2026-10-08T18:47:54.5746070Z","event":"step","command":"webserver-certificate","args":"--plc PLC_1"}
{"t":"2026-10-08T18:47:54.8009613Z","event":"certificate-template","subject":"PLC-1/Webserver-2","signature":"Sha256RSA","validFrom":"2026-10-08T19:47:54.7795508+01:00","validUntil":"2037-10-08T00:00:00.0000000","subjectAlternativeNames":2}
{"t":"2026-10-08T18:47:55.0596306Z","event":"webserver-certificate","action":"created","id":"2","subject":"PLC-1/Webserver-2","validUntil":"2037-10-08T00:00:00.0000000+01:00","privateKey":true}
{"t":"2026-10-08T18:47:55.0596306Z","event":"step","command":"umac-user","args":"--plc PLC_1 --anonymous true --system-roles PLCAdministrator"}
{"t":"2026-10-08T18:47:55.0908504Z","event":"service-found","service":"UmacConfigurator","owner":"project"}
{"t":"2026-10-08T18:47:55.1063672Z","event":"service-found","service":"UmacDevice","owner":"device"}
{"t":"2026-10-08T18:47:55.1184169Z","event":"step-exception","command":"umac-user","message":"NullReferenceException: Object reference not set to an instance of an object."}
{"t":"2026-10-08T18:47:55.1184169Z","event":"step-failed","command":"umac-user","rc":10,"continue":true}
{"t":"2026-10-08T18:47:55.1184169Z","event":"step","command":"hw-attributes","args":"--plc PLC_1 --filter Web --probe WebserverCertificate,WebServerCertificateType,WebserverCertificateType,WebServerCertificateId,WebserverCertificateId,WebserverDynamicCertificateUsage,WebServerCertificatesSettingsUsage,ServerCertificateTypeSupported"}
{"t":"2026-10-08T18:47:56.4249785Z","event":"hw-attribute","item":"PLC_1","attr":"WebserverActivate","value":true,"access":"ReadWrite"}
{"t":"2026-10-08T18:47:56.4373252Z","event":"hw-attribute","item":"PLC_1","attr":"WebserverCertificate","value":"Siemens.Engineering.Security.Certificate","access":"ReadWrite"}
{"t":"2026-10-08T18:47:56.4414587Z","event":"hw-attribute","item":"PLC_1","attr":"WebserverDefaultHTMLPage","value":"C:\\Users\\Siemens\\AppData\\Local\\Fraktal\\TiaStations\\FrkSpikeS2\\index.htm","access":"ReadWrite"}
{"t":"2026-10-08T18:47:56.4433343Z","event":"hw-attribute","item":"PLC_1","attr":"WebserverHTMLDirectory","value":null,"access":"ReadWrite"}
{"t":"2026-10-08T18:47:56.9003508Z","event":"step","command":"cax-export","args":"--plc PLC_1 --out C:\\Users\\Siemens\\AppData\\Local\\Fraktal\\TiaStations\\FrkSpikeS2_hw.aml"}
{"t":"2026-10-08T18:48:01.9125859Z","event":"cax-export","ok":true,"file":"C:\\Users\\Siemens\\AppData\\Local\\Fraktal\\TiaStations\\FrkSpikeS2_hw.aml","bytes":0,"log":"C:\\Users\\Siemens\\AppData\\Local\\Fraktal\\TiaStations\\FrkSpikeS2_hw.log"}
{"t":"2026-10-08T18:48:01.9125859Z","event":"step","command":"compile","args":"--plc PLC_1 --hw true"}
{"t":"2026-10-08T18:48:06.9284427Z","event":"compile","state":"Error","errors":2,"warnings":0}
{"t":"2026-10-08T18:48:06.9351045Z","event":"compile-message","depth":0,"state":"Error","path":"PLC_1","text":""}
{"t":"2026-10-08T18:48:06.9391842Z","event":"compile-message","depth":1,"state":"Error","path":"Hardware configuration","text":""}
{"t":"2026-10-08T18:48:06.9424670Z","event":"compile-message","depth":2,"state":"Error","path":"S71200_Bench","text":" "}
{"t":"2026-10-08T18:48:06.9450658Z","event":"compile-message","depth":3,"state":"Error","path":"Rack_0","text":" "}
{"t":"2026-10-08T18:48:06.9475238Z","event":"compile-message","depth":4,"state":"Error","path":"PLC_1","text":" "}
{"t":"2026-10-08T18:48:06.9495422Z","event":"compile-message","depth":5,"state":"Error","path":"","text":"No certificate type is assigned to the Web server security."}
{"t":"2026-10-08T18:48:06.9531699Z","event":"compile-message","depth":5,"state":"Error","path":"PLC_1","text":" "}
{"t":"2026-10-08T18:48:06.9563233Z","event":"compile-message","depth":6,"state":"Error","path":"","text":"If access control via access level is enabled and a higher access level (= access without login) than full access (no protection) is set, the password for full access (no protection) must be set."}
{"t":"2026-10-08T18:48:06.9605709Z","event":"compile-message","depth":0,"state":"Error","path":null,"text":"Compiling finished (errors: 2; warnings: 0)"}
{"t":"2026-10-08T18:48:06.9621400Z","event":"step-failed","command":"compile","rc":5,"continue":true}
{"t":"2026-10-08T18:48:06.9621400Z","event":"plan-complete","steps":8,"tolerated-failures":2}
