{"t":"2026-10-08T18:49:25.4056800Z","event":"tia","mode":"WithoutUserInterface"}
{"t":"2026-10-08T18:49:25.4483535Z","event":"step","command":"open-project","args":"--path C:\\Users\\Siemens\\AppData\\Local\\Fraktal\\TiaStations\\FrkSpikeS2\\FrkSpikeS2.ap20"}
{"t":"2026-10-08T18:49:35.6898581Z","event":"project-opened","path":"C:\\Users\\Siemens\\AppData\\Local\\Fraktal\\TiaStations\\FrkSpikeS2\\FrkSpikeS2.ap20"}
{"t":"2026-10-08T18:49:35.6898581Z","event":"step","command":"set-hw-attribute","args":"--plc PLC_1 --attr WebserverActivate --value true"}
{"t":"2026-10-08T18:49:38.8802701Z","event":"hw-attribute-set","item":"PLC_1","attr":"WebserverActivate","was":false,"now":true}
{"t":"2026-10-08T18:49:38.8802701Z","event":"step","command":"set-hw-attribute","args":"--plc PLC_1 --attr WebServerCertificateType --value 0"}
{"t":"2026-10-08T18:49:38.9399673Z","event":"step-exception","command":"set-hw-attribute","message":"EngineeringNotSupportedException: 'WebServerCertificateType' is not supported by type 'Siemens.Engineering.HW.DeviceItemImpl'."}
{"t":"2026-10-08T18:49:38.9399673Z","event":"step-failed","command":"set-hw-attribute","rc":10,"continue":true}
{"t":"2026-10-08T18:49:38.9399673Z","event":"step","command":"set-hw-attribute","args":"--plc PLC_1 --attr WebserverCertificateType --value 0"}
{"t":"2026-10-08T18:49:38.9691644Z","event":"step-exception","command":"set-hw-attribute","message":"EngineeringNotSupportedException: 'get_WebserverCertificateType' is not supported by type 'Siemens.Engineering.HW.DeviceItemImpl'."}
{"t":"2026-10-08T18:49:38.9691644Z","event":"step-failed","command":"set-hw-attribute","rc":10,"continue":true}
{"t":"2026-10-08T18:49:38.9691644Z","event":"step","command":"set-hw-attribute","args":"--plc PLC_1 --attr WebServerCertificateId --value 0"}
{"t":"2026-10-08T18:49:38.9832413Z","event":"step-exception","command":"set-hw-attribute","message":"EngineeringNotSupportedException: 'WebServerCertificateId' is not supported by type 'Siemens.Engineering.HW.DeviceItemImpl'."}
{"t":"2026-10-08T18:49:38.9832413Z","event":"step-failed","command":"set-hw-attribute","rc":10,"continue":true}
{"t":"2026-10-08T18:49:38.9832413Z","event":"step","command":"set-hw-attribute","args":"--plc PLC_1 --attr WebserverCertificateId --value 0"}
{"t":"2026-10-08T18:49:38.9893752Z","event":"step-exception","command":"set-hw-attribute","message":"EngineeringNotSupportedException: 'WebserverCertificateId' is not supported by type 'Siemens.Engineering.HW.DeviceItemImpl'."}
{"t":"2026-10-08T18:49:38.9893752Z","event":"step-failed","command":"set-hw-attribute","rc":10,"continue":true}
{"t":"2026-10-08T18:49:38.9893752Z","event":"step","command":"set-hw-attribute","args":"--plc PLC_1 --attr WebserverDynamicCertificateUsage --value 0"}
{"t":"2026-10-08T18:49:39.0087389Z","event":"step-exception","command":"set-hw-attribute","message":"EngineeringNotSupportedException: 'WebserverDynamicCertificateUsage' is not supported by type 'Siemens.Engineering.HW.DeviceItemImpl'."}
{"t":"2026-10-08T18:49:39.0087389Z","event":"step-failed","command":"set-hw-attribute","rc":10,"continue":true}
{"t":"2026-10-08T18:49:39.0087389Z","event":"step","command":"set-hw-attribute","args":"--plc PLC_1 --attr WebServerCertificatesSettingsUsage --value 0"}
{"t":"2026-10-08T18:49:39.0087389Z","event":"step-exception","command":"set-hw-attribute","message":"EngineeringNotSupportedException: 'WebServerCertificatesSettingsUsage' is not supported by type 'Siemens.Engineering.HW.DeviceItemImpl'."}
{"t":"2026-10-08T18:49:39.0087389Z","event":"step-failed","command":"set-hw-attribute","rc":10,"continue":true}
{"t":"2026-10-08T18:49:39.0087389Z","event":"step","command":"set-hw-attribute","args":"--plc PLC_1 --attr WebserverHttpsOnly --value 0"}
{"t":"2026-10-08T18:49:39.0368443Z","event":"step-exception","command":"set-hw-attribute","message":"EngineeringNotSupportedException: 'WebserverHttpsOnly' is not supported by type 'Siemens.Engineering.HW.DeviceItemImpl'."}
{"t":"2026-10-08T18:49:39.0368443Z","event":"step-failed","command":"set-hw-attribute","rc":10,"continue":true}
{"t":"2026-10-08T18:49:39.0368443Z","event":"step","command":"set-hw-attribute","args":"--plc PLC_1 --attr WebserverSecurity --value 0"}
{"t":"2026-10-08T18:49:39.0430615Z","event":"step-exception","command":"set-hw-attribute","message":"EngineeringNotSupportedException: 'WebserverSecurity' is not supported by type 'Siemens.Engineering.HW.DeviceItemImpl'."}
{"t":"2026-10-08T18:49:39.0430615Z","event":"step-failed","command":"set-hw-attribute","rc":10,"continue":true}
{"t":"2026-10-08T18:49:39.0430615Z","event":"plan-complete","steps":10,"tolerated-failures":8}
