{"t":"2026-10-08T19:19:06.5576080Z","event":"tia","mode":"WithoutUserInterface"}
{"t":"2026-10-08T19:19:06.6017274Z","event":"step","command":"open-project","args":"--path C:\\Users\\Siemens\\AppData\\Local\\Fraktal\\TiaStations\\FrkSpikeS2\\FrkSpikeS2.ap20"}
{"t":"2026-10-08T19:19:14.5938922Z","event":"project-opened","path":"C:\\Users\\Siemens\\AppData\\Local\\Fraktal\\TiaStations\\FrkSpikeS2\\FrkSpikeS2.ap20"}
{"t":"2026-10-08T19:19:14.5938922Z","event":"step","command":"hw-attributes","args":"--plc PLC_1 --filter Web"}
{"t":"2026-10-08T19:19:17.1574000Z","event":"hw-attribute","item":"PLC_1","attr":"WebserverActivate","value":true,"access":"ReadWrite"}
{"t":"2026-10-08T19:19:17.2222159Z","event":"hw-attribute","item":"PLC_1","attr":"WebserverCertificate","value":"Siemens.Engineering.Security.Certificate","access":"ReadWrite"}
{"t":"2026-10-08T19:19:17.2272954Z","event":"hw-attribute","item":"PLC_1","attr":"WebserverDefaultHTMLPage","value":"C:\\Users\\Siemens\\AppData\\Local\\Fraktal\\TiaStations\\FrkSpikeS2\\index.htm","access":"ReadWrite"}
{"t":"2026-10-08T19:19:17.2295581Z","event":"hw-attribute","item":"PLC_1","attr":"WebserverHTMLDirectory","value":null,"access":"ReadWrite"}
{"t":"2026-10-08T19:19:17.5271096Z","event":"step","command":"umac-user","args":"--plc PLC_1 --list true"}
{"t":"2026-10-08T19:19:17.5529338Z","event":"service-found","service":"UmacConfigurator","owner":"project"}
{"t":"2026-10-08T19:19:17.5599961Z","event":"service-found","service":"UmacDevice","owner":"device"}
{"t":"2026-10-08T19:19:17.7717454Z","event":"device-function-right","group":"Access level","identifier":"ProtectionLevelHMIAccess","name":"HMI access"}
{"t":"2026-10-08T19:19:17.7717454Z","event":"device-function-right","group":"Access level","identifier":"ProtectionLevelReadAccess","name":"Read access"}
{"t":"2026-10-08T19:19:17.7736789Z","event":"device-function-right","group":"Access level","identifier":"ProtectionLevelFullAccess","name":"Full access"}
{"t":"2026-10-08T19:19:17.7746954Z","event":"device-function-right","group":"OPC UA","identifier":"OPCUAServerAccess","name":"OPC UA server access"}
{"t":"2026-10-08T19:19:17.7760012Z","event":"device-function-right","group":"Web server - General","identifier":"WebChangeOperatingMode","name":"Change operating mode"}
{"t":"2026-10-08T19:19:17.7765647Z","event":"device-function-right","group":"Web server - General","identifier":"WebChangeDefaultWebPage","name":"Change web server default page"}
{"t":"2026-10-08T19:19:17.7776093Z","event":"device-function-right","group":"Web server - PLC diagnostics","identifier":"WebAllowDiagnostics","name":"Read diagnostics"}
{"t":"2026-10-08T19:19:17.7786039Z","event":"device-function-right","group":"Web server - PLC diagnostics","identifier":"WebReadSyslog","name":"Read syslog buffer of the CPU "}
{"t":"2026-10-08T19:19:17.7794975Z","event":"device-function-right","group":"Web server - PLC diagnostics","identifier":"WebFlashLED","name":"Flash LEDs"}
{"t":"2026-10-08T19:19:17.7804023Z","event":"device-function-right","group":"Web server - Maintenance","identifier":"WebPerformFirmwareUpdate","name":"Update firmware"}
{"t":"2026-10-08T19:19:17.7818138Z","event":"device-function-right","group":"Web server - Maintenance","identifier":"WebChangeTimeSetting","name":"Change time settings"}
{"t":"2026-10-08T19:19:17.7825848Z","event":"device-function-right","group":"Web server - Maintenance","identifier":"WebCreateBackupPLC","name":"Create a backup of the CPU"}
{"t":"2026-10-08T19:19:17.7836169Z","event":"device-function-right","group":"Web server - Maintenance","identifier":"WebRestorePLCBackupFile","name":"Restore the CPU using a backup file"}
{"t":"2026-10-08T19:19:17.7847598Z","event":"device-function-right","group":"Web server - Access to process data","identifier":"WebReadTags","name":"Read process data"}
{"t":"2026-10-08T19:19:17.7857714Z","event":"device-function-right","group":"Web server - Access to process data","identifier":"WebReadWatchTables","name":"Read process data of watch tables"}
{"t":"2026-10-08T19:19:17.7869684Z","event":"device-function-right","group":"Web server - Access to process data","identifier":"WebWriteTags","name":"Write process data"}
{"t":"2026-10-08T19:19:17.7876016Z","event":"device-function-right","group":"Web server - Access to process data","identifier":"WebWriteWatchTables","name":"Write process data of watch tables"}
{"t":"2026-10-08T19:19:17.7891614Z","event":"device-function-right","group":"Web server - User-defined web pages","identifier":"WebOpenUserDefinedWebPages","name":"Open user-defined web pages"}
{"t":"2026-10-08T19:19:17.7897281Z","event":"device-function-right","group":"Web server - User-defined web pages","identifier":"WebWriteUserDefinedWebPages","name":"Write process data via automation webpage programming (AWP) command"}
{"t":"2026-10-08T19:19:17.7907335Z","event":"device-function-right","group":"Web server - Access to file browser","identifier":"WebReadFiles","name":"Read files"}
{"t":"2026-10-08T19:19:17.7921829Z","event":"device-function-right","group":"Web server - Access to file browser","identifier":"WebWriteFiles","name":"Write/delete files"}
{"t":"2026-10-08T19:19:17.8523339Z","event":"system-role","identifier":"EngineeringAdministrator","name":"Engineering administrator","rights":""}
{"t":"2026-10-08T19:19:17.8594194Z","event":"system-role","identifier":"Standard","name":"Engineering standard","rights":""}
{"t":"2026-10-08T19:19:17.8653592Z","event":"system-role","identifier":"DriveAdministratorSystemRoleOp","name":"Drive Administrator","rights":""}
{"t":"2026-10-08T19:19:17.8707592Z","event":"system-role","identifier":"DriveSafetyEngineerSystemRoleOp","name":"Drive Safety Engineer","rights":""}
{"t":"2026-10-08T19:19:17.8786677Z","event":"system-role","identifier":"DriveEngineerAndServiceSystemRoleOp","name":"Drive Engineer and Service","rights":""}
{"t":"2026-10-08T19:19:17.8843925Z","event":"system-role","identifier":"DriveOperatorSystemRoleOp","name":"Drive Operator","rights":""}
{"t":"2026-10-08T19:19:17.8895256Z","event":"system-role","identifier":"DriveGuestSystemRoleOp","name":"Drive Guest","rights":""}
{"t":"2026-10-08T19:19:17.8945523Z","event":"system-role","identifier":"ExtensionSystemRoleForFieldbusOp","name":"Drive Ext. Role Fieldbus","rights":""}
{"t":"2026-10-08T19:19:17.8996709Z","event":"system-role","identifier":"ExtensionSystemRoleForPanelOp","name":"Drive Ext. Role SDI Standard/Adv","rights":""}
{"t":"2026-10-08T19:19:17.9049905Z","event":"system-role","identifier":"HMIAdministrator","name":"HMI Administrator","rights":""}
{"t":"2026-10-08T19:19:17.9095107Z","event":"system-role","identifier":"HMIOperator","name":"HMI Operator","rights":""}
{"t":"2026-10-08T19:19:17.9159209Z","event":"system-role","identifier":"HMIMonitor","name":"HMI Monitor","rights":""}
{"t":"2026-10-08T19:19:17.9249227Z","event":"system-role","identifier":"HMIMonitorClient","name":"HMI Monitor Client","rights":""}
{"t":"2026-10-08T19:19:17.9325389Z","event":"system-role","identifier":"HMIOnlineConfigEngineer","name":"HMI Online Configuration Engineer","rights":""}
{"t":"2026-10-08T19:19:17.9524711Z","event":"system-role","identifier":"PLCAdministrator","name":"PLC administrator","rights":"ProtectionLevelHMIAccess|ProtectionLevelReadAccess|ProtectionLevelFullAccess"}
{"t":"2026-10-08T19:19:17.9524711Z","event":"system-role","identifier":"PLCFAdministrator","name":"PLC F administrator","rights":"ProtectionLevelHMIAccess|ProtectionLevelReadAccess|ProtectionLevelFullAccess"}
{"t":"2026-10-08T19:19:17.9679964Z","event":"system-role","identifier":"PLCOperator","name":"PLC user","rights":"ProtectionLevelHMIAccess"}
{"t":"2026-10-08T19:19:17.9679964Z","event":"system-role","identifier":"NETAdministrator","name":"NET Administrator","rights":""}
{"t":"2026-10-08T19:19:17.9679964Z","event":"system-role","identifier":"NETStandard","name":"NET Standard","rights":""}
{"t":"2026-10-08T19:19:17.9835354Z","event":"system-role","identifier":"NETDiagnose","name":"NET Diagnose","rights":""}
{"t":"2026-10-08T19:19:18.0250110Z","event":"custom-role","name":"FraktalGateway","rights":"WebReadTags|WebWriteTags"}
{"t":"2026-10-08T19:19:18.0469795Z","event":"project-user","name":"Anonymous","active":true,"roles":"PLC administrator"}
{"t":"2026-10-08T19:19:18.0469795Z","event":"project-user","name":"fraktal","active":true,"roles":"FraktalGateway"}
{"t":"2026-10-08T19:19:18.2210910Z","event":"anonymous-user","active":true}
{"t":"2026-10-08T19:19:18.2210910Z","event":"step","command":"compile","args":"--plc PLC_1 --hw true"}
{"t":"2026-10-08T19:19:21.4196292Z","event":"compile","state":"Success","errors":0,"warnings":0}
{"t":"2026-10-08T19:19:21.4447338Z","event":"compile-message","depth":0,"state":"Information","path":"PLC_1","text":""}
{"t":"2026-10-08T19:19:21.4497924Z","event":"compile-message","depth":1,"state":"Information","path":"Hardware configuration","text":""}
{"t":"2026-10-08T19:19:21.4529749Z","event":"compile-message","depth":2,"state":"Information","path":null,"text":"Hardware was not compiled. The configuration is up-to-date."}
{"t":"2026-10-08T19:19:21.4559539Z","event":"compile-message","depth":0,"state":"Success","path":null,"text":"Compiling finished (errors: 0; warnings: 0)"}
{"t":"2026-10-08T19:19:21.4579799Z","event":"step","command":"compile","args":"--plc PLC_1"}
{"t":"2026-10-08T19:19:24.6743966Z","event":"compile","state":"Success","errors":0,"warnings":0}
{"t":"2026-10-08T19:19:24.6743966Z","event":"compile-message","depth":0,"state":"Information","path":"PLC_1","text":""}
{"t":"2026-10-08T19:19:24.6743966Z","event":"compile-message","depth":1,"state":"Information","path":"Program blocks","text":""}
{"t":"2026-10-08T19:19:24.6743966Z","event":"compile-message","depth":2,"state":"Information","path":null,"text":"No block was compiled. All blocks are up-to-date."}
{"t":"2026-10-08T19:19:24.6743966Z","event":"compile-message","depth":0,"state":"Success","path":null,"text":"Compiling finished (errors: 0; warnings: 0)"}
{"t":"2026-10-08T19:19:24.6743966Z","event":"step","command":"save","args":""}
{"t":"2026-10-08T19:19:24.7990230Z","event":"saved","path":"C:\\Users\\Siemens\\AppData\\Local\\Fraktal\\TiaStations\\FrkSpikeS2\\FrkSpikeS2.ap20"}
{"t":"2026-10-08T19:19:24.7990230Z","event":"plan-complete","steps":6,"tolerated-failures":0}
