{"t":"2026-10-08T19:22:19.0252758Z","event":"tia","mode":"WithoutUserInterface"}
{"t":"2026-10-08T19:22:19.0690228Z","event":"step","command":"open-project","args":"--path C:\\Users\\Siemens\\AppData\\Local\\Fraktal\\TiaStations\\FrkSpikeS2\\FrkSpikeS2.ap20"}
{"t":"2026-10-08T19:22:28.5370262Z","event":"project-opened","path":"C:\\Users\\Siemens\\AppData\\Local\\Fraktal\\TiaStations\\FrkSpikeS2\\FrkSpikeS2.ap20"}
{"t":"2026-10-08T19:22:28.5370262Z","event":"step","command":"download","args":"--plc PLC_1 --pc-interface Intel(R) 82574L Gigabit Network Connection --pc-number 2 --target 1 X1 --confirm-target 192.168.0.10 --user-management reset --accept-lower-protection true"}
{"t":"2026-10-08T19:22:33.9127994Z","event":"connection","legacy":false,"configured":true}
{"t":"2026-10-08T19:22:34.0210102Z","event":"download-start","plc":"PLC_1","target":"1 X1","address":"192.168.0.10","options":"Hardware, Software"}
{"t":"2026-10-08T19:23:04.2762676Z","event":"download-question","phase":"pre","type":"StopModules","message":"The modules are stopped for downloading to device.","offered":"NoAction|StopAll","was":"NoAction","answer":"StopAll"}
{"t":"2026-10-08T19:23:04.2762676Z","event":"download-question","phase":"pre","type":"OverwriteSystemData","message":"Delete and replace system data in target","offered":"NoAction|Overwrite","was":"Overwrite","answer":"Overwrite"}
{"t":"2026-10-08T19:23:04.2918915Z","event":"download-question","phase":"pre","type":"ConsistentBlocksDownload","message":"Download software to device","offered":"ConsistentDownload","was":"ConsistentDownload","answer":"ConsistentDownload"}
{"t":"2026-10-08T19:23:04.2918915Z","event":"download-question","phase":"pre","type":"UserManagementDownload","message":"User management data and access control configuration differ depending on the device","offered":"KeepOnlineUserManagementData|UpdateUserManagementDataButKeepOnlinePassword|DownloadAllUserManagementDataResetToProject","was":"UpdateUserManagementDataButKeepOnlinePassword","answer":"DownloadAllUserManagementDataResetToProject (flag)"}
{"t":"2026-10-08T19:23:04.2918915Z","event":"download-question","phase":"pre","type":"ProtectionLevelChanged","message":"You are changing the CPU protection to a lower level.","offered":"NoChange|ContinueDownloading","was":"NoChange","answer":"ContinueDownloading (flag)"}
{"t":"2026-10-08T19:23:04.3073438Z","event":"download-question","phase":"pre","type":"AlarmTextLibrariesDownload","message":"Download all alarm texts and text list texts to device","offered":"ConsistentDownload|NoAction","was":"ConsistentDownload","answer":"ConsistentDownload"}
{"t":"2026-10-08T19:23:22.7353943Z","event":"download-question","phase":"post","type":"StartModules","message":"Start modules after downloading to device.","offered":"NoAction|StartModule","was":"StartModule","answer":"StartModule"}
{"t":"2026-10-08T19:23:24.3849300Z","event":"download","state":"Success","errors":0,"warnings":0}
{"t":"2026-10-08T19:23:24.3849300Z","event":"download-message","depth":0,"state":"Success","text":"PLC_1"}
{"t":"2026-10-08T19:23:24.3849300Z","event":"download-message","depth":1,"state":"Success","text":"Hardware configuration"}
{"t":"2026-10-08T19:23:24.3849300Z","event":"download-message","depth":2,"state":"Success","text":"PLC_1 stopped."}
{"t":"2026-10-08T19:23:24.4013054Z","event":"download-message","depth":2,"state":"Success","text":"Certificate configuration was loaded successfully."}
{"t":"2026-10-08T19:23:24.4033816Z","event":"download-message","depth":2,"state":"Success","text":"Hardware configuration was loaded successfully."}
{"t":"2026-10-08T19:23:24.4049552Z","event":"download-message","depth":2,"state":"Success","text":"PLC_1 started."}
{"t":"2026-10-08T19:23:24.4079526Z","event":"download-message","depth":1,"state":"Success","text":"'ST_Diagnostic' was loaded successfully."}
{"t":"2026-10-08T19:23:24.4089537Z","event":"download-message","depth":1,"state":"Success","text":"'ST_ModuleStatus' was loaded successfully."}
{"t":"2026-10-08T19:23:24.4112344Z","event":"download-message","depth":1,"state":"Success","text":"'FRK_Core' was loaded successfully."}
{"t":"2026-10-08T19:23:24.4142311Z","event":"download-message","depth":1,"state":"Success","text":"'FRK_RegistryRow' was loaded successfully."}
{"t":"2026-10-08T19:23:24.4162255Z","event":"download-message","depth":1,"state":"Success","text":"'ST_StepRecord' was loaded successfully."}
{"t":"2026-10-08T19:23:24.4182315Z","event":"download-message","depth":1,"state":"Success","text":"'FRK_SeqCtx' was loaded successfully."}
{"t":"2026-10-08T19:23:24.4202633Z","event":"download-message","depth":1,"state":"Success","text":"'ST_HmiRequest' was loaded successfully."}
{"t":"2026-10-08T19:23:24.4222811Z","event":"download-message","depth":1,"state":"Success","text":"'ST_HmiResponse' was loaded successfully."}
{"t":"2026-10-08T19:23:24.4239988Z","event":"download-message","depth":1,"state":"Success","text":"'ST_SpkCylHal' was loaded successfully."}
{"t":"2026-10-08T19:23:24.4261174Z","event":"download-message","depth":1,"state":"Success","text":"'ST_SpkUnitHal' was loaded successfully."}
{"t":"2026-10-08T19:23:24.4282138Z","event":"download-message","depth":1,"state":"Success","text":"'ST_SpkCylinderParCfg' was loaded successfully."}
{"t":"2026-10-08T19:23:24.4302981Z","event":"download-message","depth":1,"state":"Success","text":"'ST_SpkCylinderOutImm' was loaded successfully."}
{"t":"2026-10-08T19:23:24.4322910Z","event":"download-message","depth":1,"state":"Success","text":"'FRK_TestRow' was loaded successfully."}
{"t":"2026-10-08T19:23:24.4351312Z","event":"download-message","depth":1,"state":"Success","text":"'FRK_TestTable' was loaded successfully."}
{"t":"2026-10-08T19:23:24.4371591Z","event":"download-message","depth":1,"state":"Success","text":"'FRK_Clock' was loaded successfully."}
{"t":"2026-10-08T19:23:24.4392310Z","event":"download-message","depth":1,"state":"Success","text":"'FRK_Registry' was loaded successfully."}
{"t":"2026-10-08T19:23:24.4413317Z","event":"download-message","depth":1,"state":"Success","text":"'SpkHal' was loaded successfully."}
{"t":"2026-10-08T19:23:24.4424546Z","event":"download-message","depth":1,"state":"Success","text":"'SpkResults' was loaded successfully."}
{"t":"2026-10-08T19:23:24.4424546Z","event":"download-message","depth":1,"state":"Success","text":"'SpikeUnit' was loaded successfully."}
{"t":"2026-10-08T19:23:24.4424546Z","event":"download-message","depth":1,"state":"Success","text":"'SpkMain' was loaded successfully."}
{"t":"2026-10-08T19:23:24.4424546Z","event":"download-message","depth":1,"state":"Success","text":"'FB_SpkCylinderCM' was loaded successfully."}
{"t":"2026-10-08T19:23:24.4521675Z","event":"download-message","depth":1,"state":"Success","text":"'FB_SpkCylinderSim' was loaded successfully."}
{"t":"2026-10-08T19:23:24.4533111Z","event":"download-message","depth":1,"state":"Success","text":"'FB_SpkAutoSeq' was loaded successfully."}
{"t":"2026-10-08T19:23:24.4549034Z","event":"download-message","depth":1,"state":"Success","text":"'FB_SpkUnit' was loaded successfully."}
{"t":"2026-10-08T19:23:24.4583076Z","event":"download-message","depth":1,"state":"Success","text":"'FB_SpkHarness' was loaded successfully."}
{"t":"2026-10-08T19:23:24.4583076Z","event":"download-message","depth":1,"state":"Success","text":"'FB_SpkResultServer' was loaded successfully."}
{"t":"2026-10-08T19:23:24.4583076Z","event":"download-message","depth":1,"state":"Success","text":"'FB_SpkMain' was loaded successfully."}
{"t":"2026-10-08T19:23:24.4583076Z","event":"download-message","depth":1,"state":"Success","text":"'FRK_ClockTick' was loaded successfully."}
{"t":"2026-10-08T19:23:24.4583076Z","event":"download-message","depth":1,"state":"Success","text":"'FRK_SetIdentity' was loaded successfully."}
{"t":"2026-10-08T19:23:24.4583076Z","event":"download-message","depth":1,"state":"Success","text":"'FRK_Fault' was loaded successfully."}
{"t":"2026-10-08T19:23:24.4583076Z","event":"download-message","depth":1,"state":"Success","text":"'FRK_AdoptChild' was loaded successfully."}
{"t":"2026-10-08T19:23:24.4583076Z","event":"download-message","depth":1,"state":"Success","text":"'FRK_Hold' was loaded successfully."}
{"t":"2026-10-08T19:23:24.4744627Z","event":"download-message","depth":1,"state":"Success","text":"'FRK_Complete' was loaded successfully."}
{"t":"2026-10-08T19:23:24.4744627Z","event":"download-message","depth":1,"state":"Success","text":"'FRK_Begin' was loaded successfully."}
{"t":"2026-10-08T19:23:24.4744627Z","event":"download-message","depth":1,"state":"Success","text":"'FRK_End' was loaded successfully."}
{"t":"2026-10-08T19:23:24.4744627Z","event":"download-message","depth":1,"state":"Success","text":"'FRK_Seq_Step' was loaded successfully."}
{"t":"2026-10-08T19:23:24.4744627Z","event":"download-message","depth":1,"state":"Success","text":"'FRK_Seq_TryIssue' was loaded successfully."}
{"t":"2026-10-08T19:23:24.4744627Z","event":"download-message","depth":1,"state":"Success","text":"'FRK_Seq_Await' was loaded successfully."}
{"t":"2026-10-08T19:23:24.4744627Z","event":"download-message","depth":1,"state":"Success","text":"'FRK_Seq_Advance' was loaded successfully."}
{"t":"2026-10-08T19:23:24.4744627Z","event":"download-message","depth":1,"state":"Success","text":"'FRK_TestRecord' was loaded successfully."}
{"t":"2026-10-08T19:23:24.4899789Z","event":"download-message","depth":1,"state":"Success","text":"'TSEND_C' was loaded successfully."}
{"t":"2026-10-08T19:23:24.4899789Z","event":"download-message","depth":1,"state":"Success","text":"'GetSymbolPath' was loaded successfully."}
{"t":"2026-10-08T19:23:24.4899789Z","event":"download-message","depth":1,"state":"Success","text":"'SymbolInformation' was loaded successfully."}
{"t":"2026-10-08T19:23:24.4899789Z","event":"download-message","depth":1,"state":"Success","text":"'SymbolInformationNode' was loaded successfully."}
{"t":"2026-10-08T19:23:24.4899789Z","event":"download-message","depth":1,"state":"Success","text":"'SymbolInformationReference' was loaded successfully."}
{"t":"2026-10-08T19:23:24.4899789Z","event":"download-message","depth":1,"state":"Success","text":"'SymbolInformationLink' was loaded successfully."}
{"t":"2026-10-08T19:23:24.4899789Z","event":"download-message","depth":1,"state":"Success","text":"'Main' was loaded successfully."}
{"t":"2026-10-08T19:23:24.5054261Z","event":"step","command":"online-state","args":"--plc PLC_1 --pc-interface Intel(R) 82574L Gigabit Network Connection --pc-number 2 --target 1 X1"}
{"t":"2026-10-08T19:23:24.5637624Z","event":"connection","legacy":false,"configured":true}
{"t":"2026-10-08T19:23:30.8181131Z","event":"online","state":"Online"}
{"t":"2026-10-08T19:23:31.5688950Z","event":"plan-complete","steps":3,"tolerated-failures":0}
